Script started on 2026-08-06 09:28:49+01:00 [COMMAND=".venv/bin/hexo-a0 head-to-head --checkpoint-a runs/klent/axis-gine/s4-from-d6-qhead-tau16-alpha001-from10/checkpoints/final.pt --checkpoint-b runs/klent/axis-gine/s4-from-d6-qhead-tau16-from10/checkpoints/final.pt --win-length 6 --radius 8 --max-moves 1000 --mcts-sims 64 --mcts-m-actions 16 --device cpu --sprt-s0 0.50 --sprt-s1 0.55 --sprt-alpha 0.05 --sprt-beta 0.05 --window-size 0 --max-games 1000 --seed 20260806 --state-file artifacts/klent-head-to-head/alpha001-vs-alpha003-tau16-20260806.json --opening-plies 8 --opening-generator alternate --opening-temperature 0.5" TERM="xterm-256color" TTY="/dev/console" COLUMNS="80" LINES="24"]
2026-08-06 09:28:51 head_to_head INFO ==============================================================================
2026-08-06 09:28:51 head_to_head INFO Head-to-head match: A vs B
2026-08-06 09:28:51 head_to_head INFO   A: runs/klent/axis-gine/s4-from-d6-qhead-tau16-alpha001-from10/checkpoints/final.pt
2026-08-06 09:28:51 head_to_head INFO      train_steps=20  graph=axis conv=gine layers=4 hidden=128 heads=8 jk=True
2026-08-06 09:28:51 head_to_head INFO   B: runs/klent/axis-gine/s4-from-d6-qhead-tau16-from10/checkpoints/final.pt
2026-08-06 09:28:51 head_to_head INFO      train_steps=20  graph=axis conv=gine layers=4 hidden=128 heads=8 jk=True
2026-08-06 09:28:51 head_to_head INFO Game: win_length=6 radius=8 max_moves=1000
2026-08-06 09:28:51 head_to_head INFO MCTS: sims=64 m_actions=16 device=cpu  capture_k A=0 B=0  vl A=0 B=0
2026-08-06 09:28:51 head_to_head INFO Forcing: root A=on B=on depth=default root_budget=default leaf_budget A=0 B=0 leaf_width A=wide B=wide leaf_order A=legacy B=legacy leaf_windows A=legacy B=legacy
2026-08-06 09:28:51 head_to_head INFO SPRT: s0=0.500 s1=0.550 alpha=0.050 beta=0.050  bounds [-2.944, 2.944]
2026-08-06 09:28:51 head_to_head INFO Max games: 1000   pentanomial=True (pair_variance clamped to [0.05, 0.65])
2026-08-06 09:28:51 head_to_head INFO State file: artifacts/klent-head-to-head/alpha001-vs-alpha003-tau16-20260806.json
2026-08-06 09:28:51 head_to_head INFO ==============================================================================
2026-08-06 09:28:52 head_to_head INFO game=1 side=P1 W  W-D-L=1-0-0  score=1.000  Elo(A-B)=+191 [-234, +2400]  LLR=0.000  continue
2026-08-06 09:28:54 head_to_head INFO game=2 side=P2 L  W-D-L=1-0-1  score=0.500  Elo(A-B)=-0 [-393, +393]  LLR=-0.014  continue
2026-08-06 09:29:06 head_to_head INFO game=3 side=P1 W  W-D-L=2-0-1  score=0.667  Elo(A-B)=+89 [-233, +473]  LLR=-0.014  continue
2026-08-06 09:29:37 head_to_head INFO game=4 side=P2 L  W-D-L=2-0-2  score=0.500  Elo(A-B)=-0 [-301, +301]  LLR=-0.029  continue
2026-08-06 09:29:42 head_to_head INFO game=5 side=P1 W  W-D-L=3-0-2  score=0.600  Elo(A-B)=+58 [-209, +350]  LLR=-0.200  continue
2026-08-06 09:29:52 head_to_head INFO game=6 side=P2 W  W-D-L=4-0-2  score=0.667  Elo(A-B)=+102 [-147, +388]  LLR=1.700  continue
2026-08-06 09:29:57 head_to_head INFO game=7 side=P1 W  W-D-L=5-0-2  score=0.714  Elo(A-B)=+137 [-101, +419]  LLR=0.383  continue
2026-08-06 09:30:01 head_to_head INFO game=8 side=P2 W  W-D-L=6-0-2  score=0.750  Elo(A-B)=+166 [-64, +445]  LLR=0.810  continue
2026-08-06 09:30:11 head_to_head INFO game=9 side=P1 L  W-D-L=6-0-3  score=0.667  Elo(A-B)=+108 [-104, +345]  LLR=0.720  continue
2026-08-06 09:30:36 head_to_head INFO game=10 side=P2 L  W-D-L=6-0-4  score=0.600  Elo(A-B)=+64 [-137, +278]  LLR=0.300  continue
2026-08-06 09:30:52 head_to_head INFO game=11 side=P1 L  W-D-L=6-0-5  score=0.545  Elo(A-B)=+29 [-164, +227]  LLR=0.134  continue
2026-08-06 09:31:42 head_to_head INFO game=12 side=P2 L  W-D-L=6-0-6  score=0.500  Elo(A-B)=-0 [-187, +187]  LLR=-0.054  continue
2026-08-06 09:31:44 head_to_head INFO game=13 side=P1 L  W-D-L=6-0-7  score=0.462  Elo(A-B)=-25 [-208, +154]  LLR=-0.046  continue
2026-08-06 09:31:46 head_to_head INFO game=14 side=P2 W  W-D-L=7-0-7  score=0.500  Elo(A-B)=-0 [-175, +175]  LLR=-0.054  continue
2026-08-06 09:32:06 head_to_head INFO game=15 side=P1 L  W-D-L=7-0-8  score=0.467  Elo(A-B)=-22 [-193, +146]  LLR=-0.061  continue
2026-08-06 09:32:09 head_to_head INFO game=16 side=P2 W  W-D-L=8-0-8  score=0.500  Elo(A-B)=-0 [-164, +164]  LLR=-0.070  continue
2026-08-06 09:33:04 head_to_head INFO game=17 side=P1 L  W-D-L=8-0-9  score=0.471  Elo(A-B)=-19 [-180, +139]  LLR=-0.080  continue
2026-08-06 09:33:13 head_to_head INFO game=18 side=P2 L  W-D-L=8-0-10  score=0.444  Elo(A-B)=-37 [-195, +117]  LLR=-0.290  continue
2026-08-06 09:33:20 head_to_head INFO game=19 side=P1 W  W-D-L=9-0-10  score=0.474  Elo(A-B)=-17 [-170, +133]  LLR=-0.267  continue
2026-08-06 09:33:25 head_to_head INFO game=20 side=P2 W  W-D-L=10-0-10  score=0.500  Elo(A-B)=-0 [-148, +148]  LLR=-0.092  continue
2026-08-06 09:33:57 head_to_head INFO game=21 side=P1 L  W-D-L=10-0-11  score=0.476  Elo(A-B)=-16 [-161, +128]  LLR=-0.083  continue
2026-08-06 09:34:05 head_to_head INFO game=22 side=P2 W  W-D-L=11-0-11  score=0.500  Elo(A-B)=-0 [-141, +141]  LLR=-0.092  continue
2026-08-06 09:34:11 head_to_head INFO game=23 side=P1 L  W-D-L=11-0-12  score=0.478  Elo(A-B)=-14 [-154, +123]  LLR=-0.101  continue
2026-08-06 09:35:07 head_to_head INFO game=24 side=P2 L  W-D-L=11-0-13  score=0.458  Elo(A-B)=-28 [-165, +107]  LLR=-0.293  continue
2026-08-06 09:35:14 head_to_head INFO game=25 side=P1 W  W-D-L=12-0-13  score=0.480  Elo(A-B)=-13 [-147, +119]  LLR=-0.278  continue
2026-08-06 09:35:24 head_to_head INFO game=26 side=P2 W  W-D-L=13-0-13  score=0.500  Elo(A-B)=-0 [-130, +130]  LLR=-0.113  continue
2026-08-06 09:35:41 head_to_head INFO game=27 side=P1 L  W-D-L=13-0-14  score=0.481  Elo(A-B)=-12 [-141, +115]  LLR=-0.106  continue
2026-08-06 09:35:49 head_to_head INFO game=28 side=P2 W  W-D-L=14-0-14  score=0.500  Elo(A-B)=-0 [-126, +126]  LLR=-0.114  continue
2026-08-06 09:36:51 head_to_head INFO game=29 side=P1 W  W-D-L=15-0-14  score=0.517  Elo(A-B)=+12 [-112, +136]  LLR=-0.123  continue
2026-08-06 09:37:07 head_to_head INFO game=30 side=P2 L  W-D-L=15-0-15  score=0.500  Elo(A-B)=-0 [-122, +122]  LLR=-0.131  continue
2026-08-06 09:37:27 head_to_head INFO game=31 side=P1 L  W-D-L=15-0-16  score=0.484  Elo(A-B)=-11 [-131, +109]  LLR=-0.141  continue
2026-08-06 09:37:35 head_to_head INFO game=32 side=P2 W  W-D-L=16-0-16  score=0.500  Elo(A-B)=-0 [-118, +118]  LLR=-0.150  continue
2026-08-06 09:37:47 head_to_head INFO game=33 side=P1 L  W-D-L=16-0-17  score=0.485  Elo(A-B)=-10 [-127, +106]  LLR=-0.160  continue
2026-08-06 09:38:00 head_to_head INFO game=34 side=P2 L  W-D-L=16-0-18  score=0.471  Elo(A-B)=-20 [-135, +94]  LLR=-0.370  continue
2026-08-06 09:38:12 head_to_head INFO game=35 side=P1 W  W-D-L=17-0-18  score=0.486  Elo(A-B)=-10 [-123, +103]  LLR=-0.352  continue
2026-08-06 09:38:17 head_to_head INFO game=36 side=P2 W  W-D-L=18-0-18  score=0.500  Elo(A-B)=-0 [-112, +112]  LLR=-0.171  continue
2026-08-06 09:38:23 head_to_head INFO game=37 side=P1 L  W-D-L=18-0-19  score=0.486  Elo(A-B)=-9 [-120, +101]  LLR=-0.162  continue
2026-08-06 09:38:30 head_to_head INFO game=38 side=P2 L  W-D-L=18-0-20  score=0.474  Elo(A-B)=-18 [-127, +91]  LLR=-0.351  continue
2026-08-06 09:38:41 head_to_head INFO game=39 side=P1 L  W-D-L=18-0-21  score=0.462  Elo(A-B)=-26 [-134, +81]  LLR=-0.338  continue
2026-08-06 09:38:54 head_to_head INFO game=40 side=P2 W  W-D-L=19-0-21  score=0.475  Elo(A-B)=-17 [-124, +89]  LLR=-0.347  continue
2026-08-06 09:38:58 head_to_head INFO game=41 side=P1 L  W-D-L=19-0-22  score=0.463  Elo(A-B)=-25 [-130, +80]  LLR=-0.365  continue
2026-08-06 09:39:01 head_to_head INFO game=42 side=P2 W  W-D-L=20-0-22  score=0.476  Elo(A-B)=-16 [-120, +87]  LLR=-0.374  continue
2026-08-06 09:39:06 head_to_head INFO game=43 side=P1 W  W-D-L=21-0-22  score=0.488  Elo(A-B)=-8 [-110, +94]  LLR=-0.393  continue
2026-08-06 09:39:13 head_to_head INFO game=44 side=P2 L  W-D-L=21-0-23  score=0.477  Elo(A-B)=-15 [-117, +86]  LLR=-0.403  continue
2026-08-06 09:39:24 head_to_head INFO game=45 side=P1 W  W-D-L=22-0-23  score=0.489  Elo(A-B)=-8 [-108, +92]  LLR=-0.422  continue
2026-08-06 09:39:59 head_to_head INFO game=46 side=P2 L  W-D-L=22-0-24  score=0.478  Elo(A-B)=-15 [-114, +84]  LLR=-0.432  continue
2026-08-06 09:40:41 head_to_head INFO game=47 side=P1 L  W-D-L=22-0-25  score=0.468  Elo(A-B)=-22 [-120, +76]  LLR=-0.451  continue
2026-08-06 09:40:52 head_to_head INFO game=48 side=P2 W  W-D-L=23-0-25  score=0.479  Elo(A-B)=-14 [-112, +83]  LLR=-0.462  continue
2026-08-06 09:40:53 head_to_head INFO game=49 side=P1 L  W-D-L=23-0-26  score=0.469  Elo(A-B)=-21 [-118, +75]  LLR=-0.482  continue
2026-08-06 09:40:55 head_to_head INFO game=50 side=P2 W  W-D-L=24-0-26  score=0.480  Elo(A-B)=-14 [-109, +81]  LLR=-0.493  continue
2026-08-06 09:41:54 head_to_head INFO game=51 side=P1 W  W-D-L=25-0-26  score=0.490  Elo(A-B)=-7 [-101, +87]  LLR=-0.513  continue
2026-08-06 09:42:19 head_to_head INFO game=52 side=P2 L  W-D-L=25-0-27  score=0.481  Elo(A-B)=-13 [-107, +80]  LLR=-0.525  continue
2026-08-06 09:42:23 head_to_head INFO game=53 side=P1 W  W-D-L=26-0-27  score=0.491  Elo(A-B)=-6 [-99, +86]  LLR=-0.546  continue
2026-08-06 09:42:25 head_to_head INFO game=54 side=P2 W  W-D-L=27-0-27  score=0.500  Elo(A-B)=-0 [-92, +92]  LLR=-0.320  continue
2026-08-06 09:42:27 head_to_head INFO game=55 side=P1 L  W-D-L=27-0-28  score=0.491  Elo(A-B)=-6 [-97, +84]  LLR=-0.304  continue
2026-08-06 09:42:29 head_to_head INFO game=56 side=P2 W  W-D-L=28-0-28  score=0.500  Elo(A-B)=-0 [-90, +90]  LLR=-0.315  continue
2026-08-06 09:42:46 head_to_head INFO game=57 side=P1 L  W-D-L=28-0-29  score=0.491  Elo(A-B)=-6 [-95, +83]  LLR=-0.327  continue
2026-08-06 09:42:58 head_to_head INFO game=58 side=P2 L  W-D-L=28-0-30  score=0.483  Elo(A-B)=-12 [-100, +77]  LLR=-0.572  continue
2026-08-06 09:43:14 head_to_head INFO game=59 side=P1 L  W-D-L=28-0-31  score=0.475  Elo(A-B)=-17 [-106, +70]  LLR=-0.548  continue
2026-08-06 09:43:27 head_to_head INFO game=60 side=P2 W  W-D-L=29-0-31  score=0.483  Elo(A-B)=-11 [-99, +75]  LLR=-0.559  continue
2026-08-06 09:44:04 head_to_head INFO game=61 side=P1 L  W-D-L=29-0-32  score=0.475  Elo(A-B)=-17 [-104, +69]  LLR=-0.578  continue
2026-08-06 09:44:12 head_to_head INFO game=62 side=P2 W  W-D-L=30-0-32  score=0.484  Elo(A-B)=-11 [-97, +74]  LLR=-0.590  continue
2026-08-06 09:44:26 head_to_head INFO game=63 side=P1 L  W-D-L=30-0-33  score=0.476  Elo(A-B)=-16 [-102, +68]  LLR=-0.610  continue
2026-08-06 09:44:37 head_to_head INFO game=64 side=P2 W  W-D-L=31-0-33  score=0.484  Elo(A-B)=-11 [-95, +73]  LLR=-0.622  continue
2026-08-06 09:44:47 head_to_head INFO game=65 side=P1 L  W-D-L=31-0-34  score=0.477  Elo(A-B)=-16 [-100, +68]  LLR=-0.642  continue
2026-08-06 09:44:56 head_to_head INFO game=66 side=P2 L  W-D-L=31-0-35  score=0.470  Elo(A-B)=-21 [-104, +62]  LLR=-0.901  continue
2026-08-06 09:45:28 head_to_head INFO game=67 side=P1 L  W-D-L=31-0-36  score=0.463  Elo(A-B)=-26 [-109, +57]  LLR=-0.868  continue
2026-08-06 09:45:34 head_to_head INFO game=68 side=P2 W  W-D-L=32-0-36  score=0.471  Elo(A-B)=-20 [-102, +62]  LLR=-0.880  continue
2026-08-06 09:45:47 head_to_head INFO game=69 side=P1 L  W-D-L=32-0-37  score=0.464  Elo(A-B)=-25 [-107, +56]  LLR=-0.906  continue
2026-08-06 09:46:00 head_to_head INFO game=70 side=P2 W  W-D-L=33-0-37  score=0.471  Elo(A-B)=-20 [-101, +61]  LLR=-0.918  continue
2026-08-06 09:46:08 head_to_head INFO game=71 side=P1 W  W-D-L=34-0-37  score=0.479  Elo(A-B)=-14 [-95, +65]  LLR=-0.945  continue
2026-08-06 09:46:17 head_to_head INFO game=72 side=P2 W  W-D-L=35-0-37  score=0.486  Elo(A-B)=-10 [-89, +70]  LLR=-0.706  continue
2026-08-06 09:46:26 head_to_head INFO game=73 side=P1 W  W-D-L=36-0-37  score=0.493  Elo(A-B)=-5 [-84, +74]  LLR=-0.673  continue
2026-08-06 09:46:34 head_to_head INFO game=74 side=P2 W  W-D-L=37-0-37  score=0.500  Elo(A-B)=-0 [-78, +78]  LLR=-0.445  continue
2026-08-06 09:46:45 head_to_head INFO game=75 side=P1 W  W-D-L=38-0-37  score=0.507  Elo(A-B)=+5 [-73, +83]  LLR=-0.428  continue
2026-08-06 09:47:02 head_to_head INFO game=76 side=P2 W  W-D-L=39-0-37  score=0.513  Elo(A-B)=+9 [-68, +87]  LLR=-0.208  continue
2026-08-06 09:47:16 head_to_head INFO game=77 side=P1 W  W-D-L=40-0-37  score=0.519  Elo(A-B)=+13 [-63, +91]  LLR=-0.201  continue
2026-08-06 09:47:23 head_to_head INFO game=78 side=P2 W  W-D-L=41-0-37  score=0.526  Elo(A-B)=+18 [-59, +94]  LLR=0.011  continue
2026-08-06 09:48:04 head_to_head INFO game=79 side=P1 L  W-D-L=41-0-38  score=0.519  Elo(A-B)=+13 [-63, +89]  LLR=0.011  continue
2026-08-06 09:48:19 head_to_head INFO game=80 side=P2 L  W-D-L=41-0-39  score=0.512  Elo(A-B)=+9 [-67, +84]  LLR=-0.218  continue
2026-08-06 09:48:47 head_to_head INFO game=81 side=P1 W  W-D-L=42-0-39  score=0.519  Elo(A-B)=+13 [-62, +88]  LLR=-0.211  continue
2026-08-06 09:48:50 head_to_head INFO game=82 side=P2 W  W-D-L=43-0-39  score=0.524  Elo(A-B)=+17 [-58, +92]  LLR=-0.011  continue
2026-08-06 09:49:06 head_to_head INFO game=83 side=P1 L  W-D-L=43-0-40  score=0.518  Elo(A-B)=+12 [-62, +87]  LLR=-0.010  continue
2026-08-06 09:49:25 head_to_head INFO game=84 side=P2 L  W-D-L=43-0-41  score=0.512  Elo(A-B)=+8 [-65, +82]  LLR=-0.227  continue
2026-08-06 09:50:00 head_to_head INFO game=85 side=P1 L  W-D-L=43-0-42  score=0.506  Elo(A-B)=+4 [-69, +77]  LLR=-0.220  continue
2026-08-06 09:50:19 head_to_head INFO game=86 side=P2 W  W-D-L=44-0-42  score=0.512  Elo(A-B)=+8 [-65, +81]  LLR=-0.230  continue
2026-08-06 09:50:39 head_to_head INFO game=87 side=P1 L  W-D-L=44-0-43  score=0.506  Elo(A-B)=+4 [-68, +76]  LLR=-0.236  continue
2026-08-06 09:50:46 head_to_head INFO game=88 side=P2 W  W-D-L=45-0-43  score=0.511  Elo(A-B)=+8 [-64, +80]  LLR=-0.246  continue
2026-08-06 09:50:56 head_to_head INFO game=89 side=P1 L  W-D-L=45-0-44  score=0.506  Elo(A-B)=+4 [-68, +76]  LLR=-0.252  continue
2026-08-06 09:51:48 head_to_head INFO game=90 side=P2 L  W-D-L=45-0-45  score=0.500  Elo(A-B)=-0 [-71, +71]  LLR=-0.472  continue
2026-08-06 09:51:56 head_to_head INFO game=91 side=P1 L  W-D-L=45-0-46  score=0.495  Elo(A-B)=-4 [-75, +67]  LLR=-0.460  continue
2026-08-06 09:52:10 head_to_head INFO game=92 side=P2 L  W-D-L=45-0-47  score=0.489  Elo(A-B)=-7 [-78, +63]  LLR=-0.675  continue
2026-08-06 09:52:17 head_to_head INFO game=93 side=P1 W  W-D-L=46-0-47  score=0.495  Elo(A-B)=-4 [-74, +66]  LLR=-0.661  continue
2026-08-06 09:52:24 head_to_head INFO game=94 side=P2 W  W-D-L=47-0-47  score=0.500  Elo(A-B)=-0 [-70, +70]  LLR=-0.470  continue
2026-08-06 09:52:32 head_to_head INFO game=95 side=P1 W  W-D-L=48-0-47  score=0.505  Elo(A-B)=+4 [-66, +73]  LLR=-0.460  continue
2026-08-06 09:52:59 head_to_head INFO game=96 side=P2 W  W-D-L=49-0-47  score=0.510  Elo(A-B)=+7 [-62, +76]  LLR=-0.274  continue
2026-08-06 09:53:07 head_to_head INFO game=97 side=P1 L  W-D-L=49-0-48  score=0.505  Elo(A-B)=+4 [-65, +72]  LLR=-0.269  continue
2026-08-06 09:53:10 head_to_head INFO game=98 side=P2 L  W-D-L=49-0-49  score=0.500  Elo(A-B)=-0 [-68, +68]  LLR=-0.471  continue
2026-08-06 09:53:13 head_to_head INFO game=99 side=P1 L  W-D-L=49-0-50  score=0.495  Elo(A-B)=-3 [-72, +64]  LLR=-0.462  continue
2026-08-06 09:53:18 head_to_head INFO game=100 side=P2 W  W-D-L=50-0-50  score=0.500  Elo(A-B)=-0 [-68, +68]  LLR=-0.471  continue
2026-08-06 09:53:49 head_to_head INFO game=101 side=P1 L  W-D-L=50-0-51  score=0.495  Elo(A-B)=-3 [-71, +64]  LLR=-0.481  continue
2026-08-06 09:54:08 head_to_head INFO game=102 side=P2 W  W-D-L=51-0-51  score=0.500  Elo(A-B)=-0 [-67, +67]  LLR=-0.490  continue
2026-08-06 09:54:16 head_to_head INFO game=103 side=P1 W  W-D-L=52-0-51  score=0.505  Elo(A-B)=+3 [-63, +70]  LLR=-0.500  continue
2026-08-06 09:54:44 head_to_head INFO game=104 side=P2 W  W-D-L=53-0-51  score=0.510  Elo(A-B)=+7 [-60, +73]  LLR=-0.314  continue
2026-08-06 09:55:01 head_to_head INFO game=105 side=P1 L  W-D-L=53-0-52  score=0.505  Elo(A-B)=+3 [-63, +69]  LLR=-0.308  continue
2026-08-06 09:55:07 head_to_head INFO game=106 side=P2 L  W-D-L=53-0-53  score=0.500  Elo(A-B)=-0 [-66, +66]  LLR=-0.511  continue
2026-08-06 09:55:18 head_to_head INFO game=107 side=P1 L  W-D-L=53-0-54  score=0.495  Elo(A-B)=-3 [-69, +62]  LLR=-0.502  continue
2026-08-06 09:55:34 head_to_head INFO game=108 side=P2 W  W-D-L=54-0-54  score=0.500  Elo(A-B)=-0 [-65, +65]  LLR=-0.511  continue
2026-08-06 09:56:04 head_to_head INFO game=109 side=P1 L  W-D-L=54-0-55  score=0.495  Elo(A-B)=-3 [-68, +62]  LLR=-0.521  continue
2026-08-06 09:56:22 head_to_head INFO game=110 side=P2 L  W-D-L=54-0-56  score=0.491  Elo(A-B)=-6 [-71, +58]  LLR=-0.723  continue
2026-08-06 09:56:36 head_to_head INFO game=111 side=P1 W  W-D-L=55-0-56  score=0.495  Elo(A-B)=-3 [-67, +61]  LLR=-0.712  continue
2026-08-06 09:56:58 head_to_head INFO game=112 side=P2 W  W-D-L=56-0-56  score=0.500  Elo(A-B)=-0 [-64, +64]  LLR=-0.531  continue
2026-08-06 09:57:31 head_to_head INFO game=113 side=P1 L  W-D-L=56-0-57  score=0.496  Elo(A-B)=-3 [-67, +61]  LLR=-0.523  continue
2026-08-06 09:58:18 head_to_head INFO game=114 side=P2 L  W-D-L=56-0-58  score=0.491  Elo(A-B)=-6 [-70, +57]  LLR=-0.719  continue
2026-08-06 09:58:22 head_to_head INFO game=115 side=P1 W  W-D-L=57-0-58  score=0.496  Elo(A-B)=-3 [-66, +60]  LLR=-0.708  continue
2026-08-06 09:58:33 head_to_head INFO game=116 side=P2 L  W-D-L=57-0-59  score=0.491  Elo(A-B)=-6 [-69, +57]  LLR=-0.718  continue
2026-08-06 09:58:52 head_to_head INFO game=117 side=P1 L  W-D-L=57-0-60  score=0.487  Elo(A-B)=-9 [-72, +54]  LLR=-0.730  continue
2026-08-06 09:59:04 head_to_head INFO game=118 side=P2 W  W-D-L=58-0-60  score=0.492  Elo(A-B)=-6 [-68, +56]  LLR=-0.739  continue
2026-08-06 09:59:52 head_to_head INFO game=119 side=P1 L  W-D-L=58-0-61  score=0.487  Elo(A-B)=-9 [-71, +53]  LLR=-0.752  continue
2026-08-06 10:00:17 head_to_head INFO game=120 side=P2 W  W-D-L=59-0-61  score=0.492  Elo(A-B)=-6 [-68, +56]  LLR=-0.762  continue
2026-08-06 10:00:20 head_to_head INFO game=121 side=P1 L  W-D-L=59-0-62  score=0.488  Elo(A-B)=-9 [-70, +53]  LLR=-0.775  continue
2026-08-06 10:00:25 head_to_head INFO game=122 side=P2 L  W-D-L=59-0-63  score=0.484  Elo(A-B)=-11 [-73, +50]  LLR=-0.978  continue
2026-08-06 10:00:27 head_to_head INFO game=123 side=P1 L  W-D-L=59-0-64  score=0.480  Elo(A-B)=-14 [-75, +47]  LLR=-0.965  continue
2026-08-06 10:00:29 head_to_head INFO game=124 side=P2 W  W-D-L=60-0-64  score=0.484  Elo(A-B)=-11 [-72, +50]  LLR=-0.974  continue
2026-08-06 10:00:37 head_to_head INFO game=125 side=P1 W  W-D-L=61-0-64  score=0.488  Elo(A-B)=-8 [-69, +52]  LLR=-0.990  continue
2026-08-06 10:00:57 head_to_head INFO game=126 side=P2 L  W-D-L=61-0-65  score=0.484  Elo(A-B)=-11 [-71, +49]  LLR=-1.000  continue
2026-08-06 10:01:39 head_to_head INFO game=127 side=P1 L  W-D-L=61-0-66  score=0.480  Elo(A-B)=-14 [-74, +46]  LLR=-1.016  continue
2026-08-06 10:01:41 head_to_head INFO game=128 side=P2 W  W-D-L=62-0-66  score=0.484  Elo(A-B)=-11 [-71, +49]  LLR=-1.026  continue
2026-08-06 10:02:22 head_to_head INFO game=129 side=P1 L  W-D-L=62-0-67  score=0.481  Elo(A-B)=-13 [-73, +46]  LLR=-1.042  continue
2026-08-06 10:02:31 head_to_head INFO game=130 side=P2 L  W-D-L=62-0-68  score=0.477  Elo(A-B)=-16 [-76, +43]  LLR=-1.252  continue
2026-08-06 10:02:41 head_to_head INFO game=131 side=P1 L  W-D-L=62-0-69  score=0.473  Elo(A-B)=-18 [-78, +41]  LLR=-1.236  continue
2026-08-06 10:02:54 head_to_head INFO game=132 side=P2 L  W-D-L=62-0-70  score=0.470  Elo(A-B)=-21 [-80, +38]  LLR=-1.444  continue
2026-08-06 10:03:22 head_to_head INFO game=133 side=P1 W  W-D-L=63-0-70  score=0.474  Elo(A-B)=-18 [-77, +41]  LLR=-1.427  continue
2026-08-06 10:03:26 head_to_head INFO game=134 side=P2 W  W-D-L=64-0-70  score=0.478  Elo(A-B)=-15 [-74, +43]  LLR=-1.241  continue
2026-08-06 10:03:37 head_to_head INFO game=135 side=P1 W  W-D-L=65-0-70  score=0.481  Elo(A-B)=-13 [-71, +46]  LLR=-1.220  continue
2026-08-06 10:03:57 head_to_head INFO game=136 side=P2 W  W-D-L=66-0-70  score=0.485  Elo(A-B)=-10 [-68, +48]  LLR=-1.038  continue
2026-08-06 10:04:36 head_to_head INFO game=137 side=P1 L  W-D-L=66-0-71  score=0.482  Elo(A-B)=-13 [-71, +45]  LLR=-1.022  continue
2026-08-06 10:04:44 head_to_head INFO game=138 side=P2 W  W-D-L=67-0-71  score=0.486  Elo(A-B)=-10 [-68, +48]  LLR=-1.031  continue
2026-08-06 10:05:08 head_to_head INFO game=139 side=P1 L  W-D-L=67-0-72  score=0.482  Elo(A-B)=-12 [-70, +45]  LLR=-1.046  continue
2026-08-06 10:05:18 head_to_head INFO game=140 side=P2 W  W-D-L=68-0-72  score=0.486  Elo(A-B)=-10 [-67, +47]  LLR=-1.056  continue
2026-08-06 10:05:27 head_to_head INFO game=141 side=P1 L  W-D-L=68-0-73  score=0.482  Elo(A-B)=-12 [-69, +45]  LLR=-1.071  continue
2026-08-06 10:05:31 head_to_head INFO game=142 side=P2 W  W-D-L=69-0-73  score=0.486  Elo(A-B)=-10 [-67, +47]  LLR=-1.081  continue
2026-08-06 10:05:32 head_to_head INFO game=143 side=P1 L  W-D-L=69-0-74  score=0.483  Elo(A-B)=-12 [-69, +45]  LLR=-1.096  continue
2026-08-06 10:05:33 head_to_head INFO game=144 side=P2 W  W-D-L=70-0-74  score=0.486  Elo(A-B)=-10 [-66, +47]  LLR=-1.106  continue
2026-08-06 10:05:53 head_to_head INFO game=145 side=P1 W  W-D-L=71-0-74  score=0.490  Elo(A-B)=-7 [-64, +49]  LLR=-1.122  continue
2026-08-06 10:06:04 head_to_head INFO game=146 side=P2 W  W-D-L=72-0-74  score=0.493  Elo(A-B)=-5 [-61, +51]  LLR=-0.931  continue
2026-08-06 10:06:22 head_to_head INFO game=147 side=P1 L  W-D-L=72-0-75  score=0.490  Elo(A-B)=-7 [-63, +49]  LLR=-0.918  continue
2026-08-06 10:06:32 head_to_head INFO game=148 side=P2 L  W-D-L=72-0-76  score=0.486  Elo(A-B)=-9 [-65, +46]  LLR=-1.125  continue
2026-08-06 10:06:34 head_to_head INFO game=149 side=P1 L  W-D-L=72-0-77  score=0.483  Elo(A-B)=-12 [-67, +44]  LLR=-1.112  continue
2026-08-06 10:06:37 head_to_head INFO game=150 side=P2 W  W-D-L=73-0-77  score=0.487  Elo(A-B)=-9 [-65, +46]  LLR=-1.121  continue
2026-08-06 10:06:41 head_to_head INFO game=151 side=P1 W  W-D-L=74-0-77  score=0.490  Elo(A-B)=-7 [-62, +48]  LLR=-1.136  continue
2026-08-06 10:07:06 head_to_head INFO game=152 side=P2 L  W-D-L=74-0-78  score=0.487  Elo(A-B)=-9 [-64, +46]  LLR=-1.146  continue
2026-08-06 10:07:18 head_to_head INFO game=153 side=P1 W  W-D-L=75-0-78  score=0.490  Elo(A-B)=-7 [-62, +48]  LLR=-1.162  continue
2026-08-06 10:07:21 head_to_head INFO game=154 side=P2 L  W-D-L=75-0-79  score=0.487  Elo(A-B)=-9 [-64, +46]  LLR=-1.172  continue
2026-08-06 10:07:46 head_to_head INFO game=155 side=P1 L  W-D-L=75-0-80  score=0.484  Elo(A-B)=-11 [-66, +43]  LLR=-1.187  continue
2026-08-06 10:07:56 head_to_head INFO game=156 side=P2 W  W-D-L=76-0-80  score=0.487  Elo(A-B)=-9 [-63, +45]  LLR=-1.197  continue
2026-08-06 10:08:53 head_to_head INFO game=157 side=P1 L  W-D-L=76-0-81  score=0.484  Elo(A-B)=-11 [-65, +43]  LLR=-1.213  continue
2026-08-06 10:10:07 head_to_head INFO game=158 side=P2 L  W-D-L=76-0-82  score=0.481  Elo(A-B)=-13 [-67, +41]  LLR=-1.429  continue
2026-08-06 10:10:40 head_to_head INFO game=159 side=P1 L  W-D-L=76-0-83  score=0.478  Elo(A-B)=-15 [-69, +39]  LLR=-1.412  continue
2026-08-06 10:10:45 head_to_head INFO game=160 side=P2 W  W-D-L=77-0-83  score=0.481  Elo(A-B)=-13 [-67, +41]  LLR=-1.422  continue
2026-08-06 10:10:47 head_to_head INFO game=161 side=P1 W  W-D-L=78-0-83  score=0.484  Elo(A-B)=-11 [-64, +43]  LLR=-1.440  continue
2026-08-06 10:10:51 head_to_head INFO game=162 side=P2 L  W-D-L=78-0-84  score=0.481  Elo(A-B)=-13 [-66, +40]  LLR=-1.450  continue
2026-08-06 10:10:55 head_to_head INFO game=163 side=P1 W  W-D-L=79-0-84  score=0.485  Elo(A-B)=-11 [-64, +42]  LLR=-1.468  continue
2026-08-06 10:11:17 head_to_head INFO game=164 side=P2 L  W-D-L=79-0-85  score=0.482  Elo(A-B)=-13 [-66, +40]  LLR=-1.479  continue
2026-08-06 10:11:20 head_to_head INFO game=165 side=P1 W  W-D-L=80-0-85  score=0.485  Elo(A-B)=-10 [-63, +42]  LLR=-1.497  continue
2026-08-06 10:11:27 head_to_head INFO game=166 side=P2 W  W-D-L=81-0-85  score=0.488  Elo(A-B)=-8 [-61, +44]  LLR=-1.297  continue
2026-08-06 10:11:42 head_to_head INFO game=167 side=P1 L  W-D-L=81-0-86  score=0.485  Elo(A-B)=-10 [-63, +42]  LLR=-1.278  continue
2026-08-06 10:11:49 head_to_head INFO game=168 side=P2 W  W-D-L=82-0-86  score=0.488  Elo(A-B)=-8 [-61, +44]  LLR=-1.288  continue
2026-08-06 10:12:01 head_to_head INFO game=169 side=P1 L  W-D-L=82-0-87  score=0.485  Elo(A-B)=-10 [-62, +42]  LLR=-1.304  continue
2026-08-06 10:12:19 head_to_head INFO game=170 side=P2 L  W-D-L=82-0-88  score=0.482  Elo(A-B)=-12 [-64, +40]  LLR=-1.524  continue
2026-08-06 10:13:31 head_to_head INFO game=171 side=P1 L  W-D-L=82-0-89  score=0.480  Elo(A-B)=-14 [-66, +38]  LLR=-1.507  continue
2026-08-06 10:13:40 head_to_head INFO game=172 side=P2 W  W-D-L=83-0-89  score=0.483  Elo(A-B)=-12 [-64, +40]  LLR=-1.517  continue
2026-08-06 10:14:00 head_to_head INFO game=173 side=P1 L  W-D-L=83-0-90  score=0.480  Elo(A-B)=-14 [-66, +38]  LLR=-1.535  continue
2026-08-06 10:14:06 head_to_head INFO game=174 side=P2 W  W-D-L=84-0-90  score=0.483  Elo(A-B)=-12 [-63, +39]  LLR=-1.546  continue
2026-08-06 10:14:43 head_to_head INFO game=175 side=P1 L  W-D-L=84-0-91  score=0.480  Elo(A-B)=-14 [-65, +37]  LLR=-1.564  continue
2026-08-06 10:14:45 head_to_head INFO game=176 side=P2 W  W-D-L=85-0-91  score=0.483  Elo(A-B)=-12 [-63, +39]  LLR=-1.574  continue
2026-08-06 10:15:19 head_to_head INFO game=177 side=P1 L  W-D-L=85-0-92  score=0.480  Elo(A-B)=-14 [-65, +37]  LLR=-1.592  continue
2026-08-06 10:15:27 head_to_head INFO game=178 side=P2 L  W-D-L=85-0-93  score=0.478  Elo(A-B)=-16 [-67, +35]  LLR=-1.818  continue
2026-08-06 10:15:34 head_to_head INFO game=179 side=P1 W  W-D-L=86-0-93  score=0.480  Elo(A-B)=-14 [-64, +37]  LLR=-1.798  continue
2026-08-06 10:15:39 head_to_head INFO game=180 side=P2 W  W-D-L=87-0-93  score=0.483  Elo(A-B)=-12 [-62, +39]  LLR=-1.596  continue
2026-08-06 10:15:57 head_to_head INFO game=181 side=P1 L  W-D-L=87-0-94  score=0.481  Elo(A-B)=-13 [-64, +37]  LLR=-1.573  continue
2026-08-06 10:16:07 head_to_head INFO game=182 side=P2 L  W-D-L=87-0-95  score=0.478  Elo(A-B)=-15 [-66, +35]  LLR=-1.794  continue
2026-08-06 10:16:13 head_to_head INFO game=183 side=P1 L  W-D-L=87-0-96  score=0.475  Elo(A-B)=-17 [-67, +33]  LLR=-1.775  continue
2026-08-06 10:16:36 head_to_head INFO game=184 side=P2 L  W-D-L=87-0-97  score=0.473  Elo(A-B)=-19 [-69, +31]  LLR=-1.993  continue
2026-08-06 10:16:48 head_to_head INFO game=185 side=P1 L  W-D-L=87-0-98  score=0.470  Elo(A-B)=-21 [-71, +29]  LLR=-1.975  continue
2026-08-06 10:20:14 head_to_head INFO game=186 side=P2 W  W-D-L=88-0-98  score=0.473  Elo(A-B)=-19 [-69, +31]  LLR=-1.985  continue
2026-08-06 10:20:30 head_to_head INFO game=187 side=P1 W  W-D-L=89-0-98  score=0.476  Elo(A-B)=-17 [-66, +33]  LLR=-2.006  continue
2026-08-06 10:20:49 head_to_head INFO game=188 side=P2 L  W-D-L=89-0-99  score=0.473  Elo(A-B)=-18 [-68, +31]  LLR=-2.017  continue
2026-08-06 10:21:08 head_to_head INFO game=189 side=P1 L  W-D-L=89-0-100  score=0.471  Elo(A-B)=-20 [-70, +29]  LLR=-2.038  continue
2026-08-06 10:21:10 head_to_head INFO game=190 side=P2 W  W-D-L=90-0-100  score=0.474  Elo(A-B)=-18 [-68, +31]  LLR=-2.049  continue
2026-08-06 10:21:22 head_to_head INFO game=191 side=P1 W  W-D-L=91-0-100  score=0.476  Elo(A-B)=-16 [-66, +33]  LLR=-2.070  continue
2026-08-06 10:21:41 head_to_head INFO game=192 side=P2 L  W-D-L=91-0-101  score=0.474  Elo(A-B)=-18 [-67, +31]  LLR=-2.081  continue
2026-08-06 10:21:57 head_to_head INFO game=193 side=P1 W  W-D-L=92-0-101  score=0.477  Elo(A-B)=-16 [-65, +33]  LLR=-2.103  continue
2026-08-06 10:22:13 head_to_head INFO game=194 side=P2 W  W-D-L=93-0-101  score=0.479  Elo(A-B)=-14 [-63, +34]  LLR=-1.899  continue
2026-08-06 10:22:20 head_to_head INFO game=195 side=P1 L  W-D-L=93-0-102  score=0.477  Elo(A-B)=-16 [-65, +33]  LLR=-1.873  continue
2026-08-06 10:22:24 head_to_head INFO game=196 side=P2 W  W-D-L=94-0-102  score=0.480  Elo(A-B)=-14 [-63, +34]  LLR=-1.883  continue
2026-08-06 10:22:53 head_to_head INFO game=197 side=P1 L  W-D-L=94-0-103  score=0.477  Elo(A-B)=-16 [-64, +33]  LLR=-1.903  continue
2026-08-06 10:23:21 head_to_head INFO game=198 side=P2 L  W-D-L=94-0-104  score=0.475  Elo(A-B)=-17 [-66, +31]  LLR=-2.127  continue
2026-08-06 10:23:31 head_to_head INFO game=199 side=P1 L  W-D-L=94-0-105  score=0.472  Elo(A-B)=-19 [-67, +29]  LLR=-2.107  continue
2026-08-06 10:23:35 head_to_head INFO game=200 side=P2 W  W-D-L=95-0-105  score=0.475  Elo(A-B)=-17 [-65, +31]  LLR=-2.118  continue
2026-08-06 10:23:42 head_to_head INFO game=201 side=P1 W  W-D-L=96-0-105  score=0.478  Elo(A-B)=-15 [-63, +32]  LLR=-2.139  continue
2026-08-06 10:23:58 head_to_head INFO game=202 side=P2 L  W-D-L=96-0-106  score=0.475  Elo(A-B)=-17 [-65, +31]  LLR=-2.150  continue
2026-08-06 10:24:00 head_to_head INFO game=203 side=P1 L  W-D-L=96-0-107  score=0.473  Elo(A-B)=-19 [-67, +29]  LLR=-2.171  continue
2026-08-06 10:24:03 head_to_head INFO game=204 side=P2 W  W-D-L=97-0-107  score=0.475  Elo(A-B)=-17 [-65, +31]  LLR=-2.182  continue
2026-08-06 10:24:11 head_to_head INFO game=205 side=P1 L  W-D-L=97-0-108  score=0.473  Elo(A-B)=-19 [-66, +29]  LLR=-2.203  continue
2026-08-06 10:24:21 head_to_head INFO game=206 side=P2 W  W-D-L=98-0-108  score=0.476  Elo(A-B)=-17 [-64, +30]  LLR=-2.214  continue
2026-08-06 10:24:22 head_to_head INFO game=207 side=P1 L  W-D-L=98-0-109  score=0.473  Elo(A-B)=-18 [-66, +29]  LLR=-2.236  continue
2026-08-06 10:24:23 head_to_head INFO game=208 side=P2 W  W-D-L=99-0-109  score=0.476  Elo(A-B)=-17 [-64, +30]  LLR=-2.247  continue
2026-08-06 10:24:28 head_to_head INFO game=209 side=P1 W  W-D-L=100-0-109  score=0.478  Elo(A-B)=-15 [-62, +32]  LLR=-2.269  continue
2026-08-06 10:24:45 head_to_head INFO game=210 side=P2 L  W-D-L=100-0-110  score=0.476  Elo(A-B)=-16 [-63, +30]  LLR=-2.280  continue
2026-08-06 10:24:53 head_to_head INFO game=211 side=P1 W  W-D-L=101-0-110  score=0.479  Elo(A-B)=-15 [-62, +32]  LLR=-2.302  continue
2026-08-06 10:25:02 head_to_head INFO game=212 side=P2 L  W-D-L=101-0-111  score=0.476  Elo(A-B)=-16 [-63, +30]  LLR=-2.313  continue
2026-08-06 10:25:05 head_to_head INFO game=213 side=P1 L  W-D-L=101-0-112  score=0.474  Elo(A-B)=-18 [-65, +29]  LLR=-2.335  continue
2026-08-06 10:25:29 head_to_head INFO game=214 side=P2 W  W-D-L=102-0-112  score=0.477  Elo(A-B)=-16 [-63, +30]  LLR=-2.346  continue
2026-08-06 10:25:55 head_to_head INFO game=215 side=P1 L  W-D-L=102-0-113  score=0.474  Elo(A-B)=-18 [-64, +29]  LLR=-2.368  continue
2026-08-06 10:26:11 head_to_head INFO game=216 side=P2 L  W-D-L=102-0-114  score=0.472  Elo(A-B)=-19 [-66, +27]  LLR=-2.608  continue
2026-08-06 10:26:16 head_to_head INFO game=217 side=P1 L  W-D-L=102-0-115  score=0.470  Elo(A-B)=-21 [-67, +25]  LLR=-2.583  continue
2026-08-06 10:27:08 head_to_head INFO game=218 side=P2 W  W-D-L=103-0-115  score=0.472  Elo(A-B)=-19 [-65, +27]  LLR=-2.594  continue
2026-08-06 10:27:18 head_to_head INFO game=219 side=P1 L  W-D-L=103-0-116  score=0.470  Elo(A-B)=-21 [-67, +25]  LLR=-2.618  continue
2026-08-06 10:27:30 head_to_head INFO game=220 side=P2 W  W-D-L=104-0-116  score=0.473  Elo(A-B)=-19 [-65, +27]  LLR=-2.630  continue
2026-08-06 10:27:39 head_to_head INFO game=221 side=P1 L  W-D-L=104-0-117  score=0.471  Elo(A-B)=-20 [-66, +25]  LLR=-2.654  continue
2026-08-06 10:28:12 head_to_head INFO game=222 side=P2 L  W-D-L=104-0-118  score=0.468  Elo(A-B)=-22 [-68, +24]  LLR=-2.896  continue
2026-08-06 10:28:15 head_to_head INFO game=223 side=P1 W  W-D-L=105-0-118  score=0.471  Elo(A-B)=-20 [-66, +25]  LLR=-2.869  continue
2026-08-06 10:28:21 head_to_head INFO game=224 side=P2 W  W-D-L=106-0-118  score=0.473  Elo(A-B)=-19 [-64, +27]  LLR=-2.652  continue
2026-08-06 10:28:55 head_to_head INFO game=225 side=P1 W  W-D-L=107-0-118  score=0.476  Elo(A-B)=-17 [-62, +28]  LLR=-2.615  continue
2026-08-06 10:29:13 head_to_head INFO game=226 side=P2 L  W-D-L=107-0-119  score=0.473  Elo(A-B)=-18 [-64, +27]  LLR=-2.626  continue
2026-08-06 10:29:32 head_to_head INFO game=227 side=P1 W  W-D-L=108-0-119  score=0.476  Elo(A-B)=-17 [-62, +28]  LLR=-2.650  continue
2026-08-06 10:29:42 head_to_head INFO game=228 side=P2 L  W-D-L=108-0-120  score=0.474  Elo(A-B)=-18 [-63, +27]  LLR=-2.661  continue
2026-08-06 10:29:59 head_to_head INFO game=229 side=P1 W  W-D-L=109-0-120  score=0.476  Elo(A-B)=-17 [-62, +28]  LLR=-2.685  continue
2026-08-06 10:30:03 head_to_head INFO game=230 side=P2 W  W-D-L=110-0-120  score=0.478  Elo(A-B)=-15 [-60, +30]  LLR=-2.467  continue
2026-08-06 10:30:12 head_to_head INFO game=231 side=P1 L  W-D-L=110-0-121  score=0.476  Elo(A-B)=-16 [-61, +28]  LLR=-2.434  continue
2026-08-06 10:30:22 head_to_head INFO game=232 side=P2 L  W-D-L=110-0-122  score=0.474  Elo(A-B)=-18 [-63, +27]  LLR=-2.672  continue
2026-08-06 10:30:25 head_to_head INFO game=233 side=P1 L  W-D-L=110-0-123  score=0.472  Elo(A-B)=-19 [-64, +25]  LLR=-2.648  continue
2026-08-06 10:30:30 head_to_head INFO game=234 side=P2 W  W-D-L=111-0-123  score=0.474  Elo(A-B)=-18 [-62, +27]  LLR=-2.659  continue
2026-08-06 10:31:09 head_to_head INFO game=235 side=P1 W  W-D-L=112-0-123  score=0.477  Elo(A-B)=-16 [-61, +28]  LLR=-2.682  continue
2026-08-06 10:31:45 head_to_head INFO game=236 side=P2 L  W-D-L=112-0-124  score=0.475  Elo(A-B)=-18 [-62, +27]  LLR=-2.693  continue
2026-08-06 10:31:49 head_to_head INFO game=237 side=P1 L  W-D-L=112-0-125  score=0.473  Elo(A-B)=-19 [-63, +25]  LLR=-2.716  continue
2026-08-06 10:31:54 head_to_head INFO game=238 side=P2 W  W-D-L=113-0-125  score=0.475  Elo(A-B)=-17 [-62, +27]  LLR=-2.728  continue
2026-08-06 10:32:24 head_to_head INFO game=239 side=P1 L  W-D-L=113-0-126  score=0.473  Elo(A-B)=-19 [-63, +25]  LLR=-2.751  continue
2026-08-06 10:32:34 head_to_head INFO game=240 side=P2 L  W-D-L=113-0-127  score=0.471  Elo(A-B)=-20 [-64, +24]  LLR=-2.992  reject_h1
2026-08-06 10:32:34 head_to_head INFO ==============================================================================
2026-08-06 10:32:34 head_to_head INFO Final: B is at least as strong as A (reject H1 at LLR=-2.992)
2026-08-06 10:32:34 head_to_head INFO Games=240  W-D-L=113-0-127  score=0.471  LLR=-2.992
2026-08-06 10:32:34 head_to_head INFO Elo(A-B) = -20   (95% CI: [-64, +24]; Wilson on score [0.409, 0.534])
2026-08-06 10:32:34 head_to_head INFO ==============================================================================
2026-08-06 10:32:34 head_to_head INFO Games: mode=openings  frac_unique_game=1.000  mean_len=66.0 p10_len=28.0 min_len=14.0
2026-08-06 10:32:34 head_to_head INFO Openings: plies=8 T=0.5 gen=alternate  frac_unique_opening=1.000  refuted=0.02 p2_dist=3.1 (A-gen 64.6 / B-gen 67.4)
2026-08-06 10:32:34 head_to_head INFO ==============================================================================

Script done on 2026-08-06 10:32:35+01:00 [COMMAND_EXIT_CODE="0"]
