Script started on 2026-08-06 13:38:17+01:00 [COMMAND=".venv/bin/hexo-a0 head-to-head --checkpoint-a runs/klent/axis-gine/s4-from-d6-qhead-tau16-alpha001-from10/checkpoints/final.pt --checkpoint-b runs/klent/axis-gine/s4-from-d6-qhead-lr2e4-warmup5/checkpoints/final.pt --win-length 6 --radius 8 --max-moves 1000 --mcts-sims 64 --mcts-m-actions 16 --device cuda --sprt-s0 0.50 --sprt-s1 0.55 --sprt-alpha 0.05 --sprt-beta 0.05 --window-size 0 --max-games 1000 --seed 20260806 --state-file artifacts/klent-head-to-head/gpu-alpha001-vs-alpha003-tau8-20260806.json --opening-plies 8 --opening-generator alternate --opening-temperature 0.5" TERM="xterm-256color" TTY="/dev/pts/2" COLUMNS="80" LINES="24"]
(null): No such file or directory
2026-08-06 13:38:19 head_to_head INFO ==============================================================================
2026-08-06 13:38:19 head_to_head INFO Head-to-head match: A vs B
2026-08-06 13:38:19 head_to_head INFO   A: runs/klent/axis-gine/s4-from-d6-qhead-tau16-alpha001-from10/checkpoints/final.pt
2026-08-06 13:38:19 head_to_head INFO      train_steps=20  graph=axis conv=gine layers=4 hidden=128 heads=8 jk=True
2026-08-06 13:38:19 head_to_head INFO   B: runs/klent/axis-gine/s4-from-d6-qhead-lr2e4-warmup5/checkpoints/final.pt
2026-08-06 13:38:19 head_to_head INFO      train_steps=20  graph=axis conv=gine layers=4 hidden=128 heads=8 jk=True
2026-08-06 13:38:19 head_to_head INFO Game: win_length=6 radius=8 max_moves=1000
2026-08-06 13:38:19 head_to_head INFO MCTS: sims=64 m_actions=16 device=cuda  capture_k A=0 B=0  vl A=0 B=0
2026-08-06 13:38:19 head_to_head INFO Forcing: root A=on B=on depth=default root_budget=default leaf_budget A=0 B=0 leaf_width A=wide B=wide leaf_order A=legacy B=legacy leaf_windows A=legacy B=legacy
2026-08-06 13:38:19 head_to_head INFO SPRT: s0=0.500 s1=0.550 alpha=0.050 beta=0.050  bounds [-2.944, 2.944]
2026-08-06 13:38:19 head_to_head INFO Max games: 1000   pentanomial=True (pair_variance clamped to [0.05, 0.65])
2026-08-06 13:38:19 head_to_head INFO State file: artifacts/klent-head-to-head/gpu-alpha001-vs-alpha003-tau8-20260806.json
2026-08-06 13:38:19 head_to_head INFO ==============================================================================
2026-08-06 13:38:22 head_to_head INFO game=1 side=P1 L  W-D-L=0-0-1  score=0.000  Elo(A-B)=-191 [-2400, +234]  LLR=0.000  continue
2026-08-06 13:38:23 head_to_head INFO game=2 side=P2 L  W-D-L=0-0-2  score=0.000  Elo(A-B)=-280 [-2400, +113]  LLR=-0.300  continue
2026-08-06 13:38:25 head_to_head INFO game=3 side=P1 W  W-D-L=1-0-2  score=0.333  Elo(A-B)=-89 [-473, +233]  LLR=-0.300  continue
2026-08-06 13:38:29 head_to_head INFO game=4 side=P2 W  W-D-L=2-0-2  score=0.500  Elo(A-B)=-0 [-301, +301]  LLR=-0.029  continue
2026-08-06 13:38:33 head_to_head INFO game=5 side=P1 W  W-D-L=3-0-2  score=0.600  Elo(A-B)=+58 [-209, +350]  LLR=-0.015  continue
2026-08-06 13:38:36 head_to_head INFO game=6 side=P2 W  W-D-L=4-0-2  score=0.667  Elo(A-B)=+102 [-147, +388]  LLR=0.131  continue
2026-08-06 13:38:45 head_to_head INFO game=7 side=P1 L  W-D-L=4-0-3  score=0.571  Elo(A-B)=+44 [-190, +290]  LLR=0.131  continue
2026-08-06 13:38:49 head_to_head INFO game=8 side=P2 L  W-D-L=4-0-4  score=0.500  Elo(A-B)=-0 [-225, +225]  LLR=-0.031  continue
2026-08-06 13:38:50 head_to_head INFO game=9 side=P1 W  W-D-L=5-0-4  score=0.556  Elo(A-B)=+35 [-176, +253]  LLR=-0.031  continue
2026-08-06 13:39:22 head_to_head INFO game=10 side=P2 L  W-D-L=5-0-5  score=0.500  Elo(A-B)=-0 [-204, +204]  LLR=-0.038  continue
2026-08-06 13:39:24 head_to_head INFO game=11 side=P1 W  W-D-L=6-0-5  score=0.545  Elo(A-B)=+29 [-164, +227]  LLR=-0.038  continue
2026-08-06 13:39:29 head_to_head INFO game=12 side=P2 W  W-D-L=7-0-5  score=0.583  Elo(A-B)=+54 [-131, +248]  LLR=0.108  continue
2026-08-06 13:39:35 head_to_head INFO game=13 side=P1 L  W-D-L=7-0-6  score=0.538  Elo(A-B)=+25 [-154, +208]  LLR=0.108  continue
2026-08-06 13:39:37 head_to_head INFO game=14 side=P2 W  W-D-L=8-0-6  score=0.571  Elo(A-B)=+47 [-126, +226]  LLR=0.100  continue
2026-08-06 13:39:42 head_to_head INFO game=15 side=P1 L  W-D-L=8-0-7  score=0.533  Elo(A-B)=+22 [-146, +193]  LLR=0.100  continue
2026-08-06 13:39:44 head_to_head INFO game=16 side=P2 L  W-D-L=8-0-8  score=0.500  Elo(A-B)=-0 [-164, +164]  LLR=-0.062  continue
2026-08-06 13:39:46 head_to_head INFO game=17 side=P1 L  W-D-L=8-0-9  score=0.471  Elo(A-B)=-19 [-180, +139]  LLR=-0.062  continue
2026-08-06 13:39:47 head_to_head INFO game=18 side=P2 W  W-D-L=9-0-9  score=0.500  Elo(A-B)=-0 [-155, +155]  LLR=-0.069  continue
2026-08-06 13:39:48 head_to_head INFO game=19 side=P1 W  W-D-L=10-0-9  score=0.526  Elo(A-B)=+17 [-133, +170]  LLR=-0.069  continue
2026-08-06 13:39:52 head_to_head INFO game=20 side=P2 L  W-D-L=10-0-10  score=0.500  Elo(A-B)=-0 [-148, +148]  LLR=-0.077  continue
2026-08-06 13:39:57 head_to_head INFO game=21 side=P1 L  W-D-L=10-0-11  score=0.476  Elo(A-B)=-16 [-161, +128]  LLR=-0.083  continue
2026-08-06 13:39:59 head_to_head INFO game=22 side=P2 W  W-D-L=11-0-11  score=0.500  Elo(A-B)=-0 [-141, +141]  LLR=-0.092  continue
2026-08-06 13:40:03 head_to_head INFO game=23 side=P1 W  W-D-L=12-0-11  score=0.522  Elo(A-B)=+14 [-123, +154]  LLR=-0.101  continue
2026-08-06 13:40:07 head_to_head INFO game=24 side=P2 W  W-D-L=13-0-11  score=0.542  Elo(A-B)=+28 [-107, +165]  LLR=0.073  continue
2026-08-06 13:40:11 head_to_head INFO game=25 side=P1 W  W-D-L=14-0-11  score=0.560  Elo(A-B)=+40 [-92, +176]  LLR=0.069  continue
2026-08-06 13:40:17 head_to_head INFO game=26 side=P2 L  W-D-L=14-0-12  score=0.538  Elo(A-B)=+26 [-104, +158]  LLR=0.061  continue
2026-08-06 13:40:22 head_to_head INFO game=27 side=P1 L  W-D-L=14-0-13  score=0.519  Elo(A-B)=+12 [-115, +141]  LLR=0.066  continue
2026-08-06 13:40:31 head_to_head INFO game=28 side=P2 L  W-D-L=14-0-14  score=0.500  Elo(A-B)=-0 [-126, +126]  LLR=-0.131  continue
2026-08-06 13:40:36 head_to_head INFO game=29 side=P1 L  W-D-L=14-0-15  score=0.483  Elo(A-B)=-12 [-136, +112]  LLR=-0.123  continue
2026-08-06 13:40:40 head_to_head INFO game=30 side=P2 W  W-D-L=15-0-15  score=0.500  Elo(A-B)=-0 [-122, +122]  LLR=-0.131  continue
2026-08-06 13:40:44 head_to_head INFO game=31 side=P1 W  W-D-L=16-0-15  score=0.516  Elo(A-B)=+11 [-109, +131]  LLR=-0.141  continue
2026-08-06 13:40:46 head_to_head INFO game=32 side=P2 W  W-D-L=17-0-15  score=0.531  Elo(A-B)=+21 [-97, +140]  LLR=0.037  continue
2026-08-06 13:40:49 head_to_head INFO game=33 side=P1 L  W-D-L=17-0-16  score=0.515  Elo(A-B)=+10 [-106, +127]  LLR=0.036  continue
2026-08-06 13:40:52 head_to_head INFO game=34 side=P2 L  W-D-L=17-0-17  score=0.500  Elo(A-B)=-0 [-115, +115]  LLR=-0.152  continue
2026-08-06 13:40:55 head_to_head INFO game=35 side=P1 L  W-D-L=17-0-18  score=0.486  Elo(A-B)=-10 [-123, +103]  LLR=-0.145  continue
2026-08-06 13:40:55 head_to_head INFO game=36 side=P2 L  W-D-L=17-0-19  score=0.472  Elo(A-B)=-19 [-131, +92]  LLR=-0.323  continue
2026-08-06 13:40:57 head_to_head INFO game=37 side=P1 L  W-D-L=17-0-20  score=0.459  Elo(A-B)=-27 [-139, +82]  LLR=-0.312  continue
2026-08-06 13:41:00 head_to_head INFO game=38 side=P2 W  W-D-L=18-0-20  score=0.474  Elo(A-B)=-18 [-127, +91]  LLR=-0.321  continue
2026-08-06 13:41:02 head_to_head INFO game=39 side=P1 W  W-D-L=19-0-20  score=0.487  Elo(A-B)=-9 [-116, +98]  LLR=-0.338  continue
2026-08-06 13:41:03 head_to_head INFO game=40 side=P2 W  W-D-L=20-0-20  score=0.500  Elo(A-B)=-0 [-106, +106]  LLR=-0.174  continue
2026-08-06 13:41:06 head_to_head INFO game=41 side=P1 L  W-D-L=20-0-21  score=0.488  Elo(A-B)=-8 [-113, +96]  LLR=-0.167  continue
2026-08-06 13:41:08 head_to_head INFO game=42 side=P2 W  W-D-L=21-0-21  score=0.500  Elo(A-B)=-0 [-104, +104]  LLR=-0.175  continue
2026-08-06 13:41:13 head_to_head INFO game=43 side=P1 W  W-D-L=22-0-21  score=0.512  Elo(A-B)=+8 [-94, +110]  LLR=-0.184  continue
2026-08-06 13:41:16 head_to_head INFO game=44 side=P2 L  W-D-L=22-0-22  score=0.500  Elo(A-B)=-0 [-101, +101]  LLR=-0.193  continue
2026-08-06 13:41:19 head_to_head INFO game=45 side=P1 W  W-D-L=23-0-22  score=0.511  Elo(A-B)=+8 [-92, +108]  LLR=-0.202  continue
2026-08-06 13:41:47 head_to_head INFO game=46 side=P2 L  W-D-L=23-0-23  score=0.500  Elo(A-B)=-0 [-99, +99]  LLR=-0.211  continue
2026-08-06 13:41:50 head_to_head INFO game=47 side=P1 L  W-D-L=23-0-24  score=0.489  Elo(A-B)=-7 [-105, +91]  LLR=-0.220  continue
2026-08-06 13:41:51 head_to_head INFO game=48 side=P2 W  W-D-L=24-0-24  score=0.500  Elo(A-B)=-0 [-97, +97]  LLR=-0.230  continue
2026-08-06 13:41:55 head_to_head INFO game=49 side=P1 W  W-D-L=25-0-24  score=0.510  Elo(A-B)=+7 [-89, +103]  LLR=-0.240  continue
2026-08-06 13:41:57 head_to_head INFO game=50 side=P2 W  W-D-L=26-0-24  score=0.520  Elo(A-B)=+14 [-81, +109]  LLR=-0.050  continue
2026-08-06 13:41:59 head_to_head INFO game=51 side=P1 W  W-D-L=27-0-24  score=0.529  Elo(A-B)=+20 [-74, +115]  LLR=-0.048  continue
2026-08-06 13:42:02 head_to_head INFO game=52 side=P2 W  W-D-L=28-0-24  score=0.538  Elo(A-B)=+26 [-67, +120]  LLR=0.135  continue
2026-08-06 13:42:05 head_to_head INFO game=53 side=P1 L  W-D-L=28-0-25  score=0.528  Elo(A-B)=+19 [-73, +112]  LLR=0.131  continue
2026-08-06 13:42:13 head_to_head INFO game=54 side=P2 L  W-D-L=28-0-26  score=0.519  Elo(A-B)=+13 [-79, +105]  LLR=-0.066  continue
2026-08-06 13:42:17 head_to_head INFO game=55 side=P1 W  W-D-L=29-0-26  score=0.527  Elo(A-B)=+19 [-72, +110]  LLR=-0.063  continue
2026-08-06 13:42:20 head_to_head INFO game=56 side=P2 W  W-D-L=30-0-26  score=0.536  Elo(A-B)=+24 [-65, +115]  LLR=0.108  continue
2026-08-06 13:42:23 head_to_head INFO game=57 side=P1 L  W-D-L=30-0-27  score=0.526  Elo(A-B)=+18 [-71, +108]  LLR=0.106  continue
2026-08-06 13:42:28 head_to_head INFO game=58 side=P2 L  W-D-L=30-0-28  score=0.517  Elo(A-B)=+12 [-77, +100]  LLR=-0.079  continue
2026-08-06 13:42:35 head_to_head INFO game=59 side=P1 L  W-D-L=30-0-29  score=0.508  Elo(A-B)=+6 [-82, +94]  LLR=-0.077  continue
2026-08-06 13:42:40 head_to_head INFO game=60 side=P2 W  W-D-L=31-0-29  score=0.517  Elo(A-B)=+11 [-75, +99]  LLR=-0.085  continue
2026-08-06 13:42:43 head_to_head INFO game=61 side=P1 L  W-D-L=31-0-30  score=0.508  Elo(A-B)=+6 [-81, +92]  LLR=-0.088  continue
2026-08-06 13:42:44 head_to_head INFO game=62 side=P2 W  W-D-L=32-0-30  score=0.516  Elo(A-B)=+11 [-74, +97]  LLR=-0.097  continue
2026-08-06 13:42:46 head_to_head INFO game=63 side=P1 L  W-D-L=32-0-31  score=0.508  Elo(A-B)=+5 [-79, +90]  LLR=-0.100  continue
2026-08-06 13:42:48 head_to_head INFO game=64 side=P2 W  W-D-L=33-0-31  score=0.516  Elo(A-B)=+11 [-73, +95]  LLR=-0.110  continue
2026-08-06 13:43:08 head_to_head INFO game=65 side=P1 W  W-D-L=34-0-31  score=0.523  Elo(A-B)=+16 [-68, +100]  LLR=-0.113  continue
2026-08-06 13:43:14 head_to_head INFO game=66 side=P2 L  W-D-L=34-0-32  score=0.515  Elo(A-B)=+10 [-73, +94]  LLR=-0.123  continue
2026-08-06 13:43:17 head_to_head INFO game=67 side=P1 L  W-D-L=34-0-33  score=0.507  Elo(A-B)=+5 [-77, +88]  LLR=-0.126  continue
2026-08-06 13:43:19 head_to_head INFO game=68 side=P2 L  W-D-L=34-0-34  score=0.500  Elo(A-B)=-0 [-82, +82]  LLR=-0.331  continue
2026-08-06 13:43:22 head_to_head INFO game=69 side=P1 W  W-D-L=35-0-34  score=0.507  Elo(A-B)=+5 [-76, +86]  LLR=-0.321  continue
2026-08-06 13:43:31 head_to_head INFO game=70 side=P2 W  W-D-L=36-0-34  score=0.514  Elo(A-B)=+10 [-71, +91]  LLR=-0.142  continue
2026-08-06 13:43:33 head_to_head INFO game=71 side=P1 L  W-D-L=36-0-35  score=0.507  Elo(A-B)=+5 [-75, +85]  LLR=-0.138  continue
2026-08-06 13:43:36 head_to_head INFO game=72 side=P2 W  W-D-L=37-0-35  score=0.514  Elo(A-B)=+10 [-70, +89]  LLR=-0.148  continue
2026-08-06 13:43:38 head_to_head INFO game=73 side=P1 L  W-D-L=37-0-36  score=0.507  Elo(A-B)=+5 [-74, +84]  LLR=-0.152  continue
2026-08-06 13:43:41 head_to_head INFO game=74 side=P2 W  W-D-L=38-0-36  score=0.514  Elo(A-B)=+9 [-69, +88]  LLR=-0.161  continue
2026-08-06 13:43:43 head_to_head INFO game=75 side=P1 L  W-D-L=38-0-37  score=0.507  Elo(A-B)=+5 [-73, +83]  LLR=-0.166  continue
2026-08-06 13:43:45 head_to_head INFO game=76 side=P2 L  W-D-L=38-0-38  score=0.500  Elo(A-B)=-0 [-77, +77]  LLR=-0.371  continue
2026-08-06 13:43:49 head_to_head INFO game=77 side=P1 W  W-D-L=39-0-38  score=0.506  Elo(A-B)=+4 [-72, +81]  LLR=-0.361  continue
2026-08-06 13:43:50 head_to_head INFO game=78 side=P2 L  W-D-L=39-0-39  score=0.500  Elo(A-B)=-0 [-76, +76]  LLR=-0.371  continue
2026-08-06 13:43:58 head_to_head INFO game=79 side=P1 W  W-D-L=40-0-39  score=0.506  Elo(A-B)=+4 [-72, +80]  LLR=-0.380  continue
2026-08-06 13:44:03 head_to_head INFO game=80 side=P2 W  W-D-L=41-0-39  score=0.512  Elo(A-B)=+9 [-67, +84]  LLR=-0.195  continue
2026-08-06 13:44:07 head_to_head INFO game=81 side=P1 W  W-D-L=42-0-39  score=0.519  Elo(A-B)=+13 [-62, +88]  LLR=-0.191  continue
2026-08-06 13:44:20 head_to_head INFO game=82 side=P2 W  W-D-L=43-0-39  score=0.524  Elo(A-B)=+17 [-58, +92]  LLR=-0.010  continue
2026-08-06 13:44:24 head_to_head INFO game=83 side=P1 W  W-D-L=44-0-39  score=0.530  Elo(A-B)=+21 [-53, +95]  LLR=-0.009  continue
2026-08-06 13:44:26 head_to_head INFO game=84 side=P2 W  W-D-L=45-0-39  score=0.536  Elo(A-B)=+25 [-49, +99]  LLR=0.168  continue
2026-08-06 13:44:32 head_to_head INFO game=85 side=P1 L  W-D-L=45-0-40  score=0.529  Elo(A-B)=+20 [-53, +94]  LLR=0.166  continue
2026-08-06 13:44:35 head_to_head INFO game=86 side=P2 W  W-D-L=46-0-40  score=0.535  Elo(A-B)=+24 [-49, +97]  LLR=0.157  continue
2026-08-06 13:44:36 head_to_head INFO game=87 side=P1 L  W-D-L=46-0-41  score=0.529  Elo(A-B)=+20 [-53, +93]  LLR=0.160  continue
2026-08-06 13:44:38 head_to_head INFO game=88 side=P2 L  W-D-L=46-0-42  score=0.523  Elo(A-B)=+16 [-56, +88]  LLR=-0.038  continue
2026-08-06 13:44:41 head_to_head INFO game=89 side=P1 L  W-D-L=46-0-43  score=0.517  Elo(A-B)=+12 [-60, +83]  LLR=-0.037  continue
2026-08-06 13:44:48 head_to_head INFO game=90 side=P2 L  W-D-L=46-0-44  score=0.511  Elo(A-B)=+8 [-64, +79]  LLR=-0.230  continue
2026-08-06 13:44:52 head_to_head INFO game=91 side=P1 W  W-D-L=47-0-44  score=0.516  Elo(A-B)=+11 [-59, +82]  LLR=-0.225  continue
2026-08-06 13:45:00 head_to_head INFO game=92 side=P2 L  W-D-L=47-0-45  score=0.511  Elo(A-B)=+7 [-63, +78]  LLR=-0.234  continue
2026-08-06 13:45:01 head_to_head INFO game=93 side=P1 W  W-D-L=48-0-45  score=0.516  Elo(A-B)=+11 [-59, +81]  LLR=-0.239  continue
2026-08-06 13:45:02 head_to_head INFO game=94 side=P2 L  W-D-L=48-0-46  score=0.511  Elo(A-B)=+7 [-62, +77]  LLR=-0.249  continue
2026-08-06 13:45:06 head_to_head INFO game=95 side=P1 L  W-D-L=48-0-47  score=0.505  Elo(A-B)=+4 [-66, +73]  LLR=-0.254  continue
2026-08-06 13:45:09 head_to_head INFO game=96 side=P2 L  W-D-L=48-0-48  score=0.500  Elo(A-B)=-0 [-69, +69]  LLR=-0.452  continue
2026-08-06 13:45:11 head_to_head INFO game=97 side=P1 L  W-D-L=48-0-49  score=0.495  Elo(A-B)=-4 [-72, +65]  LLR=-0.443  continue
2026-08-06 13:45:17 head_to_head INFO game=98 side=P2 W  W-D-L=49-0-49  score=0.500  Elo(A-B)=-0 [-68, +68]  LLR=-0.452  continue
2026-08-06 13:45:20 head_to_head INFO game=99 side=P1 L  W-D-L=49-0-50  score=0.495  Elo(A-B)=-3 [-72, +64]  LLR=-0.462  continue
2026-08-06 13:45:32 head_to_head INFO game=100 side=P2 L  W-D-L=49-0-51  score=0.490  Elo(A-B)=-7 [-75, +61]  LLR=-0.660  continue
2026-08-06 13:45:37 head_to_head INFO game=101 side=P1 W  W-D-L=50-0-51  score=0.495  Elo(A-B)=-3 [-71, +64]  LLR=-0.649  continue
2026-08-06 13:45:42 head_to_head INFO game=102 side=P2 W  W-D-L=51-0-51  score=0.500  Elo(A-B)=-0 [-67, +67]  LLR=-0.473  continue
2026-08-06 13:45:44 head_to_head INFO game=103 side=P1 W  W-D-L=52-0-51  score=0.505  Elo(A-B)=+3 [-63, +70]  LLR=-0.464  continue
2026-08-06 13:45:59 head_to_head INFO game=104 side=P2 W  W-D-L=53-0-51  score=0.510  Elo(A-B)=+7 [-60, +73]  LLR=-0.291  continue
2026-08-06 13:46:03 head_to_head INFO game=105 side=P1 L  W-D-L=53-0-52  score=0.505  Elo(A-B)=+3 [-63, +69]  LLR=-0.287  continue
2026-08-06 13:46:07 head_to_head INFO game=106 side=P2 L  W-D-L=53-0-53  score=0.500  Elo(A-B)=-0 [-66, +66]  LLR=-0.475  continue
2026-08-06 13:46:08 head_to_head INFO game=107 side=P1 W  W-D-L=54-0-53  score=0.505  Elo(A-B)=+3 [-62, +69]  LLR=-0.468  continue
2026-08-06 13:46:10 head_to_head INFO game=108 side=P2 W  W-D-L=55-0-53  score=0.509  Elo(A-B)=+6 [-59, +72]  LLR=-0.300  continue
2026-08-06 13:46:16 head_to_head INFO game=109 side=P1 W  W-D-L=56-0-53  score=0.514  Elo(A-B)=+9 [-55, +74]  LLR=-0.296  continue
2026-08-06 13:46:23 head_to_head INFO game=110 side=P2 W  W-D-L=57-0-53  score=0.518  Elo(A-B)=+13 [-52, +77]  LLR=-0.131  continue
2026-08-06 13:46:32 head_to_head INFO game=111 side=P1 L  W-D-L=57-0-54  score=0.514  Elo(A-B)=+9 [-55, +74]  LLR=-0.129  continue
2026-08-06 13:46:35 head_to_head INFO game=112 side=P2 W  W-D-L=58-0-54  score=0.518  Elo(A-B)=+12 [-52, +76]  LLR=-0.138  continue
2026-08-06 13:46:40 head_to_head INFO game=113 side=P1 L  W-D-L=58-0-55  score=0.513  Elo(A-B)=+9 [-54, +73]  LLR=-0.140  continue
2026-08-06 13:46:44 head_to_head INFO game=114 side=P2 L  W-D-L=58-0-56  score=0.509  Elo(A-B)=+6 [-57, +70]  LLR=-0.324  continue
2026-08-06 13:46:52 head_to_head INFO game=115 side=P1 W  W-D-L=59-0-56  score=0.513  Elo(A-B)=+9 [-54, +72]  LLR=-0.320  continue
2026-08-06 13:46:53 head_to_head INFO game=116 side=P2 W  W-D-L=60-0-56  score=0.517  Elo(A-B)=+12 [-51, +75]  LLR=-0.156  continue
2026-08-06 13:47:10 head_to_head INFO game=117 side=P1 L  W-D-L=60-0-57  score=0.513  Elo(A-B)=+9 [-54, +72]  LLR=-0.154  continue
2026-08-06 13:47:29 head_to_head INFO game=118 side=P2 L  W-D-L=60-0-58  score=0.508  Elo(A-B)=+6 [-56, +68]  LLR=-0.333  continue
2026-08-06 13:47:41 head_to_head INFO game=119 side=P1 L  W-D-L=60-0-59  score=0.504  Elo(A-B)=+3 [-59, +65]  LLR=-0.329  continue
2026-08-06 13:47:44 head_to_head INFO game=120 side=P2 W  W-D-L=61-0-59  score=0.508  Elo(A-B)=+6 [-56, +68]  LLR=-0.337  continue
2026-08-06 13:47:49 head_to_head INFO game=121 side=P1 L  W-D-L=61-0-60  score=0.504  Elo(A-B)=+3 [-59, +64]  LLR=-0.343  continue
2026-08-06 13:47:57 head_to_head INFO game=122 side=P2 L  W-D-L=61-0-61  score=0.500  Elo(A-B)=-0 [-61, +61]  LLR=-0.523  continue
2026-08-06 13:48:02 head_to_head INFO game=123 side=P1 L  W-D-L=61-0-62  score=0.496  Elo(A-B)=-3 [-64, +58]  LLR=-0.517  continue
2026-08-06 13:48:04 head_to_head INFO game=124 side=P2 W  W-D-L=62-0-62  score=0.500  Elo(A-B)=-0 [-61, +61]  LLR=-0.525  continue
2026-08-06 13:48:10 head_to_head INFO game=125 side=P1 W  W-D-L=63-0-62  score=0.504  Elo(A-B)=+3 [-58, +63]  LLR=-0.534  continue
2026-08-06 13:48:16 head_to_head INFO game=126 side=P2 W  W-D-L=64-0-62  score=0.508  Elo(A-B)=+5 [-55, +66]  LLR=-0.370  continue
2026-08-06 13:48:17 head_to_head INFO game=127 side=P1 L  W-D-L=64-0-63  score=0.504  Elo(A-B)=+3 [-57, +63]  LLR=-0.366  continue
2026-08-06 13:48:27 head_to_head INFO game=128 side=P2 W  W-D-L=65-0-63  score=0.508  Elo(A-B)=+5 [-54, +65]  LLR=-0.375  continue
2026-08-06 13:48:28 head_to_head INFO game=129 side=P1 L  W-D-L=65-0-64  score=0.504  Elo(A-B)=+3 [-57, +62]  LLR=-0.381  continue
2026-08-06 13:48:30 head_to_head INFO game=130 side=P2 L  W-D-L=65-0-65  score=0.500  Elo(A-B)=-0 [-59, +59]  LLR=-0.562  continue
2026-08-06 13:48:36 head_to_head INFO game=131 side=P1 W  W-D-L=66-0-65  score=0.504  Elo(A-B)=+3 [-57, +62]  LLR=-0.556  continue
2026-08-06 13:48:43 head_to_head INFO game=132 side=P2 L  W-D-L=66-0-66  score=0.500  Elo(A-B)=-0 [-59, +59]  LLR=-0.564  continue
2026-08-06 13:48:47 head_to_head INFO game=133 side=P1 W  W-D-L=67-0-66  score=0.504  Elo(A-B)=+3 [-56, +61]  LLR=-0.573  continue
2026-08-06 13:48:49 head_to_head INFO game=134 side=P2 W  W-D-L=68-0-66  score=0.507  Elo(A-B)=+5 [-53, +64]  LLR=-0.408  continue
2026-08-06 13:48:51 head_to_head INFO game=135 side=P1 W  W-D-L=69-0-66  score=0.511  Elo(A-B)=+8 [-51, +66]  LLR=-0.404  continue
2026-08-06 13:48:52 head_to_head INFO game=136 side=P2 L  W-D-L=69-0-67  score=0.507  Elo(A-B)=+5 [-53, +63]  LLR=-0.412  continue
2026-08-06 13:48:55 head_to_head INFO game=137 side=P1 L  W-D-L=69-0-68  score=0.504  Elo(A-B)=+3 [-55, +60]  LLR=-0.419  continue
2026-08-06 13:48:57 head_to_head INFO game=138 side=P2 W  W-D-L=70-0-68  score=0.507  Elo(A-B)=+5 [-53, +63]  LLR=-0.427  continue
2026-08-06 13:49:05 head_to_head INFO game=139 side=P1 L  W-D-L=70-0-69  score=0.504  Elo(A-B)=+2 [-55, +60]  LLR=-0.434  continue
2026-08-06 13:49:12 head_to_head INFO game=140 side=P2 L  W-D-L=70-0-70  score=0.500  Elo(A-B)=-0 [-57, +57]  LLR=-0.619  continue
2026-08-06 13:49:15 head_to_head INFO game=141 side=P1 W  W-D-L=71-0-70  score=0.504  Elo(A-B)=+2 [-55, +60]  LLR=-0.613  continue
2026-08-06 13:49:17 head_to_head INFO game=142 side=P2 W  W-D-L=72-0-70  score=0.507  Elo(A-B)=+5 [-52, +62]  LLR=-0.446  continue
2026-08-06 13:49:33 head_to_head INFO game=143 side=P1 W  W-D-L=73-0-70  score=0.510  Elo(A-B)=+7 [-49, +64]  LLR=-0.442  continue
2026-08-06 13:49:36 head_to_head INFO game=144 side=P2 W  W-D-L=74-0-70  score=0.514  Elo(A-B)=+10 [-47, +66]  LLR=-0.277  continue
2026-08-06 13:49:37 head_to_head INFO game=145 side=P1 L  W-D-L=74-0-71  score=0.510  Elo(A-B)=+7 [-49, +64]  LLR=-0.275  continue
2026-08-06 13:49:39 head_to_head INFO game=146 side=P2 W  W-D-L=75-0-71  score=0.514  Elo(A-B)=+9 [-47, +66]  LLR=-0.283  continue
2026-08-06 13:49:42 head_to_head INFO game=147 side=P1 W  W-D-L=76-0-71  score=0.517  Elo(A-B)=+12 [-44, +68]  LLR=-0.287  continue
2026-08-06 13:49:47 head_to_head INFO game=148 side=P2 W  W-D-L=77-0-71  score=0.520  Elo(A-B)=+14 [-42, +70]  LLR=-0.122  continue
2026-08-06 13:49:50 head_to_head INFO game=149 side=P1 L  W-D-L=77-0-72  score=0.517  Elo(A-B)=+12 [-44, +67]  LLR=-0.121  continue
2026-08-06 13:49:54 head_to_head INFO game=150 side=P2 L  W-D-L=77-0-73  score=0.513  Elo(A-B)=+9 [-46, +65]  LLR=-0.302  continue
2026-08-06 13:49:56 head_to_head INFO game=151 side=P1 L  W-D-L=77-0-74  score=0.510  Elo(A-B)=+7 [-48, +62]  LLR=-0.299  continue
2026-08-06 13:49:59 head_to_head INFO game=152 side=P2 L  W-D-L=77-0-75  score=0.507  Elo(A-B)=+5 [-50, +60]  LLR=-0.478  continue
2026-08-06 13:50:02 head_to_head INFO game=153 side=P1 L  W-D-L=77-0-76  score=0.503  Elo(A-B)=+2 [-53, +57]  LLR=-0.473  continue
2026-08-06 13:50:05 head_to_head INFO game=154 side=P2 W  W-D-L=78-0-76  score=0.506  Elo(A-B)=+4 [-50, +59]  LLR=-0.481  continue
2026-08-06 13:50:17 head_to_head INFO game=155 side=P1 L  W-D-L=78-0-77  score=0.503  Elo(A-B)=+2 [-52, +57]  LLR=-0.488  continue
2026-08-06 13:50:18 head_to_head INFO game=156 side=P2 W  W-D-L=79-0-77  score=0.506  Elo(A-B)=+4 [-50, +59]  LLR=-0.496  continue
2026-08-06 13:50:21 head_to_head INFO game=157 side=P1 W  W-D-L=80-0-77  score=0.510  Elo(A-B)=+7 [-47, +61]  LLR=-0.503  continue
2026-08-06 13:50:25 head_to_head INFO game=158 side=P2 L  W-D-L=80-0-78  score=0.506  Elo(A-B)=+4 [-50, +58]  LLR=-0.511  continue
2026-08-06 13:50:30 head_to_head INFO game=159 side=P1 W  W-D-L=81-0-78  score=0.509  Elo(A-B)=+7 [-47, +60]  LLR=-0.518  continue
2026-08-06 13:50:33 head_to_head INFO game=160 side=P2 W  W-D-L=82-0-78  score=0.512  Elo(A-B)=+9 [-45, +62]  LLR=-0.351  continue
2026-08-06 13:50:46 head_to_head INFO game=161 side=P1 W  W-D-L=83-0-78  score=0.516  Elo(A-B)=+11 [-43, +64]  LLR=-0.348  continue
2026-08-06 13:50:48 head_to_head INFO game=162 side=P2 W  W-D-L=84-0-78  score=0.519  Elo(A-B)=+13 [-40, +66]  LLR=-0.183  continue
2026-08-06 13:50:50 head_to_head INFO game=163 side=P1 W  W-D-L=85-0-78  score=0.521  Elo(A-B)=+15 [-38, +68]  LLR=-0.181  continue
2026-08-06 13:50:59 head_to_head INFO game=164 side=P2 W  W-D-L=86-0-78  score=0.524  Elo(A-B)=+17 [-36, +70]  LLR=-0.017  continue
2026-08-06 13:51:05 head_to_head INFO game=165 side=P1 L  W-D-L=86-0-79  score=0.521  Elo(A-B)=+15 [-38, +68]  LLR=-0.017  continue
2026-08-06 13:51:21 head_to_head INFO game=166 side=P2 W  W-D-L=87-0-79  score=0.524  Elo(A-B)=+17 [-36, +69]  LLR=-0.026  continue
2026-08-06 13:51:27 head_to_head INFO game=167 side=P1 W  W-D-L=88-0-79  score=0.527  Elo(A-B)=+19 [-34, +71]  LLR=-0.026  continue
2026-08-06 13:51:29 head_to_head INFO game=168 side=P2 L  W-D-L=88-0-80  score=0.524  Elo(A-B)=+16 [-36, +69]  LLR=-0.035  continue
2026-08-06 13:51:32 head_to_head INFO game=169 side=P1 W  W-D-L=89-0-80  score=0.527  Elo(A-B)=+18 [-34, +71]  LLR=-0.035  continue
2026-08-06 13:51:41 head_to_head INFO game=170 side=P2 L  W-D-L=89-0-81  score=0.524  Elo(A-B)=+16 [-36, +68]  LLR=-0.044  continue
2026-08-06 13:51:41 head_to_head INFO game=171 side=P1 W  W-D-L=90-0-81  score=0.526  Elo(A-B)=+18 [-34, +70]  LLR=-0.044  continue
2026-08-06 13:51:43 head_to_head INFO game=172 side=P2 L  W-D-L=90-0-82  score=0.523  Elo(A-B)=+16 [-36, +68]  LLR=-0.053  continue
2026-08-06 13:51:44 head_to_head INFO game=173 side=P1 W  W-D-L=91-0-82  score=0.526  Elo(A-B)=+18 [-34, +70]  LLR=-0.054  continue
2026-08-06 13:51:45 head_to_head INFO game=174 side=P2 L  W-D-L=91-0-83  score=0.523  Elo(A-B)=+16 [-36, +67]  LLR=-0.063  continue
2026-08-06 13:51:46 head_to_head INFO game=175 side=P1 L  W-D-L=91-0-84  score=0.520  Elo(A-B)=+14 [-37, +65]  LLR=-0.064  continue
2026-08-06 13:51:48 head_to_head INFO game=176 side=P2 L  W-D-L=91-0-85  score=0.517  Elo(A-B)=+12 [-39, +63]  LLR=-0.255  continue
2026-08-06 13:51:58 head_to_head INFO game=177 side=P1 L  W-D-L=91-0-86  score=0.514  Elo(A-B)=+10 [-41, +61]  LLR=-0.252  continue
2026-08-06 13:52:02 head_to_head INFO game=178 side=P2 W  W-D-L=92-0-86  score=0.517  Elo(A-B)=+12 [-39, +63]  LLR=-0.261  continue
2026-08-06 13:52:12 head_to_head INFO game=179 side=P1 L  W-D-L=92-0-87  score=0.514  Elo(A-B)=+10 [-41, +60]  LLR=-0.264  continue
2026-08-06 13:52:15 head_to_head INFO game=180 side=P2 L  W-D-L=92-0-88  score=0.511  Elo(A-B)=+8 [-43, +58]  LLR=-0.455  continue
2026-08-06 13:52:20 head_to_head INFO game=181 side=P1 W  W-D-L=93-0-88  score=0.514  Elo(A-B)=+10 [-41, +60]  LLR=-0.450  continue
2026-08-06 13:52:21 head_to_head INFO game=182 side=P2 L  W-D-L=93-0-89  score=0.511  Elo(A-B)=+8 [-43, +58]  LLR=-0.459  continue
2026-08-06 13:52:23 head_to_head INFO game=183 side=P1 L  W-D-L=93-0-90  score=0.508  Elo(A-B)=+6 [-44, +56]  LLR=-0.465  continue
2026-08-06 13:52:31 head_to_head INFO game=184 side=P2 L  W-D-L=93-0-91  score=0.505  Elo(A-B)=+4 [-46, +54]  LLR=-0.656  continue
2026-08-06 13:52:34 head_to_head INFO game=185 side=P1 W  W-D-L=94-0-91  score=0.508  Elo(A-B)=+6 [-44, +56]  LLR=-0.650  continue
2026-08-06 13:52:35 head_to_head INFO game=186 side=P2 W  W-D-L=95-0-91  score=0.511  Elo(A-B)=+7 [-42, +57]  LLR=-0.478  continue
2026-08-06 13:52:43 head_to_head INFO game=187 side=P1 L  W-D-L=95-0-92  score=0.508  Elo(A-B)=+6 [-44, +55]  LLR=-0.474  continue
2026-08-06 13:52:53 head_to_head INFO game=188 side=P2 L  W-D-L=95-0-93  score=0.505  Elo(A-B)=+4 [-46, +53]  LLR=-0.662  continue
2026-08-06 13:52:55 head_to_head INFO game=189 side=P1 L  W-D-L=95-0-94  score=0.503  Elo(A-B)=+2 [-48, +51]  LLR=-0.656  continue
2026-08-06 13:52:58 head_to_head INFO game=190 side=P2 W  W-D-L=96-0-94  score=0.505  Elo(A-B)=+4 [-46, +53]  LLR=-0.665  continue
2026-08-06 13:53:00 head_to_head INFO game=191 side=P1 W  W-D-L=97-0-94  score=0.508  Elo(A-B)=+5 [-44, +55]  LLR=-0.672  continue
2026-08-06 13:53:03 head_to_head INFO game=192 side=P2 L  W-D-L=97-0-95  score=0.505  Elo(A-B)=+4 [-45, +53]  LLR=-0.681  continue
2026-08-06 13:53:10 head_to_head INFO game=193 side=P1 L  W-D-L=97-0-96  score=0.503  Elo(A-B)=+2 [-47, +51]  LLR=-0.688  continue
2026-08-06 13:53:22 head_to_head INFO game=194 side=P2 L  W-D-L=97-0-97  score=0.500  Elo(A-B)=-0 [-49, +49]  LLR=-0.879  continue
2026-08-06 13:53:27 head_to_head INFO game=195 side=P1 W  W-D-L=98-0-97  score=0.503  Elo(A-B)=+2 [-47, +50]  LLR=-0.871  continue
2026-08-06 13:53:29 head_to_head INFO game=196 side=P2 L  W-D-L=98-0-98  score=0.500  Elo(A-B)=-0 [-48, +48]  LLR=-0.880  continue
2026-08-06 13:53:31 head_to_head INFO game=197 side=P1 W  W-D-L=99-0-98  score=0.503  Elo(A-B)=+2 [-47, +50]  LLR=-0.889  continue
2026-08-06 13:53:37 head_to_head INFO game=198 side=P2 W  W-D-L=100-0-98  score=0.505  Elo(A-B)=+3 [-45, +52]  LLR=-0.717  continue
2026-08-06 13:53:38 head_to_head INFO game=199 side=P1 L  W-D-L=100-0-99  score=0.503  Elo(A-B)=+2 [-46, +50]  LLR=-0.711  continue
2026-08-06 13:53:40 head_to_head INFO game=200 side=P2 W  W-D-L=101-0-99  score=0.505  Elo(A-B)=+3 [-45, +51]  LLR=-0.720  continue
2026-08-06 13:53:42 head_to_head INFO game=201 side=P1 W  W-D-L=102-0-99  score=0.507  Elo(A-B)=+5 [-43, +53]  LLR=-0.727  continue
2026-08-06 13:53:51 head_to_head INFO game=202 side=P2 W  W-D-L=103-0-99  score=0.510  Elo(A-B)=+7 [-41, +55]  LLR=-0.555  continue
2026-08-06 13:53:53 head_to_head INFO game=203 side=P1 W  W-D-L=104-0-99  score=0.512  Elo(A-B)=+9 [-39, +56]  LLR=-0.550  continue
2026-08-06 13:53:56 head_to_head INFO game=204 side=P2 W  W-D-L=105-0-99  score=0.515  Elo(A-B)=+10 [-37, +58]  LLR=-0.379  continue
2026-08-06 13:53:56 head_to_head INFO game=205 side=P1 L  W-D-L=105-0-100  score=0.512  Elo(A-B)=+8 [-39, +56]  LLR=-0.376  continue
2026-08-06 13:53:56 head_to_head INFO game=206 side=P2 W  W-D-L=106-0-100  score=0.515  Elo(A-B)=+10 [-37, +57]  LLR=-0.385  continue
2026-08-06 13:53:58 head_to_head INFO game=207 side=P1 W  W-D-L=107-0-100  score=0.517  Elo(A-B)=+12 [-35, +59]  LLR=-0.389  continue
2026-08-06 13:54:15 head_to_head INFO game=208 side=P2 W  W-D-L=108-0-100  score=0.519  Elo(A-B)=+13 [-34, +60]  LLR=-0.217  continue
2026-08-06 13:54:17 head_to_head INFO game=209 side=P1 W  W-D-L=109-0-100  score=0.522  Elo(A-B)=+15 [-32, +62]  LLR=-0.216  continue
2026-08-06 13:54:23 head_to_head INFO game=210 side=P2 L  W-D-L=109-0-101  score=0.519  Elo(A-B)=+13 [-34, +60]  LLR=-0.225  continue
2026-08-06 13:54:27 head_to_head INFO game=211 side=P1 L  W-D-L=109-0-102  score=0.517  Elo(A-B)=+11 [-35, +58]  LLR=-0.227  continue
2026-08-06 13:54:29 head_to_head INFO game=212 side=P2 W  W-D-L=110-0-102  score=0.519  Elo(A-B)=+13 [-34, +60]  LLR=-0.236  continue
2026-08-06 13:54:33 head_to_head INFO game=213 side=P1 W  W-D-L=111-0-102  score=0.521  Elo(A-B)=+15 [-32, +61]  LLR=-0.238  continue
2026-08-06 13:54:35 head_to_head INFO game=214 side=P2 W  W-D-L=112-0-102  score=0.523  Elo(A-B)=+16 [-30, +63]  LLR=-0.064  continue
2026-08-06 13:54:39 head_to_head INFO game=215 side=P1 L  W-D-L=112-0-103  score=0.521  Elo(A-B)=+14 [-32, +61]  LLR=-0.064  continue
2026-08-06 13:54:42 head_to_head INFO game=216 side=P2 L  W-D-L=112-0-104  score=0.519  Elo(A-B)=+13 [-33, +59]  LLR=-0.255  continue
2026-08-06 13:54:45 head_to_head INFO game=217 side=P1 L  W-D-L=112-0-105  score=0.516  Elo(A-B)=+11 [-35, +57]  LLR=-0.253  continue
2026-08-06 13:54:51 head_to_head INFO game=218 side=P2 W  W-D-L=113-0-105  score=0.518  Elo(A-B)=+13 [-33, +59]  LLR=-0.262  continue
2026-08-06 13:54:57 head_to_head INFO game=219 side=P1 W  W-D-L=114-0-105  score=0.521  Elo(A-B)=+14 [-32, +60]  LLR=-0.264  continue
2026-08-06 13:54:58 head_to_head INFO game=220 side=P2 L  W-D-L=114-0-106  score=0.518  Elo(A-B)=+13 [-33, +58]  LLR=-0.273  continue
2026-08-06 13:55:02 head_to_head INFO game=221 side=P1 L  W-D-L=114-0-107  score=0.516  Elo(A-B)=+11 [-35, +57]  LLR=-0.276  continue
2026-08-06 13:55:06 head_to_head INFO game=222 side=P2 W  W-D-L=115-0-107  score=0.518  Elo(A-B)=+12 [-33, +58]  LLR=-0.285  continue
2026-08-06 13:55:06 head_to_head INFO game=223 side=P1 W  W-D-L=116-0-107  score=0.520  Elo(A-B)=+14 [-31, +60]  LLR=-0.287  continue
2026-08-06 13:55:08 head_to_head INFO game=224 side=P2 W  W-D-L=117-0-107  score=0.522  Elo(A-B)=+15 [-30, +61]  LLR=-0.111  continue
2026-08-06 13:55:13 head_to_head INFO game=225 side=P1 W  W-D-L=118-0-107  score=0.524  Elo(A-B)=+17 [-28, +62]  LLR=-0.111  continue
2026-08-06 13:55:16 head_to_head INFO game=226 side=P2 L  W-D-L=118-0-108  score=0.522  Elo(A-B)=+15 [-30, +61]  LLR=-0.120  continue
2026-08-06 13:55:19 head_to_head INFO game=227 side=P1 W  W-D-L=119-0-108  score=0.524  Elo(A-B)=+17 [-28, +62]  LLR=-0.121  continue
2026-08-06 13:55:21 head_to_head INFO game=228 side=P2 W  W-D-L=120-0-108  score=0.526  Elo(A-B)=+18 [-27, +63]  LLR=0.056  continue
2026-08-06 13:55:28 head_to_head INFO game=229 side=P1 W  W-D-L=121-0-108  score=0.528  Elo(A-B)=+20 [-25, +65]  LLR=0.055  continue
2026-08-06 13:55:29 head_to_head INFO game=230 side=P2 W  W-D-L=122-0-108  score=0.530  Elo(A-B)=+21 [-24, +66]  LLR=0.231  continue
2026-08-06 13:55:40 head_to_head INFO game=231 side=P1 L  W-D-L=122-0-109  score=0.528  Elo(A-B)=+19 [-25, +64]  LLR=0.230  continue
2026-08-06 13:55:43 head_to_head INFO game=232 side=P2 W  W-D-L=123-0-109  score=0.530  Elo(A-B)=+21 [-24, +66]  LLR=0.221  continue
2026-08-06 13:55:50 head_to_head INFO game=233 side=P1 L  W-D-L=123-0-110  score=0.528  Elo(A-B)=+19 [-25, +64]  LLR=0.222  continue
2026-08-06 13:55:52 head_to_head INFO game=234 side=P2 L  W-D-L=123-0-111  score=0.526  Elo(A-B)=+18 [-27, +62]  LLR=0.028  continue
2026-08-06 13:56:06 head_to_head INFO game=235 side=P1 W  W-D-L=124-0-111  score=0.528  Elo(A-B)=+19 [-25, +64]  LLR=0.028  continue
2026-08-06 13:56:11 head_to_head INFO game=236 side=P2 W  W-D-L=125-0-111  score=0.530  Elo(A-B)=+21 [-24, +65]  LLR=0.202  continue
2026-08-06 13:56:16 head_to_head INFO game=237 side=P1 W  W-D-L=126-0-111  score=0.532  Elo(A-B)=+22 [-22, +66]  LLR=0.201  continue
2026-08-06 13:56:22 head_to_head INFO game=238 side=P2 L  W-D-L=126-0-112  score=0.529  Elo(A-B)=+20 [-24, +65]  LLR=0.192  continue
2026-08-06 13:56:24 head_to_head INFO game=239 side=P1 L  W-D-L=126-0-113  score=0.527  Elo(A-B)=+19 [-25, +63]  LLR=0.193  continue
2026-08-06 13:56:30 head_to_head INFO game=240 side=P2 W  W-D-L=127-0-113  score=0.529  Elo(A-B)=+20 [-24, +64]  LLR=0.184  continue
2026-08-06 13:56:43 head_to_head INFO game=241 side=P1 L  W-D-L=127-0-114  score=0.527  Elo(A-B)=+19 [-25, +63]  LLR=0.186  continue
2026-08-06 13:56:51 head_to_head INFO game=242 side=P2 L  W-D-L=127-0-115  score=0.525  Elo(A-B)=+17 [-26, +61]  LLR=-0.009  continue
2026-08-06 13:57:04 head_to_head INFO game=243 side=P1 L  W-D-L=127-0-116  score=0.523  Elo(A-B)=+16 [-28, +59]  LLR=-0.009  continue
2026-08-06 13:57:08 head_to_head INFO game=244 side=P2 L  W-D-L=127-0-117  score=0.520  Elo(A-B)=+14 [-29, +58]  LLR=-0.203  continue
2026-08-06 13:57:15 head_to_head INFO game=245 side=P1 L  W-D-L=127-0-118  score=0.518  Elo(A-B)=+13 [-31, +56]  LLR=-0.201  continue
2026-08-06 13:57:18 head_to_head INFO game=246 side=P2 L  W-D-L=127-0-119  score=0.516  Elo(A-B)=+11 [-32, +55]  LLR=-0.393  continue
2026-08-06 13:57:23 head_to_head INFO game=247 side=P1 L  W-D-L=127-0-120  score=0.514  Elo(A-B)=+10 [-33, +53]  LLR=-0.390  continue
2026-08-06 13:57:29 head_to_head INFO game=248 side=P2 L  W-D-L=127-0-121  score=0.512  Elo(A-B)=+8 [-35, +52]  LLR=-0.580  continue
2026-08-06 13:57:32 head_to_head INFO game=249 side=P1 W  W-D-L=128-0-121  score=0.514  Elo(A-B)=+10 [-33, +53]  LLR=-0.576  continue
2026-08-06 13:57:33 head_to_head INFO game=250 side=P2 L  W-D-L=128-0-122  score=0.512  Elo(A-B)=+8 [-35, +51]  LLR=-0.585  continue
2026-08-06 13:57:40 head_to_head INFO game=251 side=P1 L  W-D-L=128-0-123  score=0.510  Elo(A-B)=+7 [-36, +50]  LLR=-0.589  continue
2026-08-06 13:57:41 head_to_head INFO game=252 side=P2 W  W-D-L=129-0-123  score=0.512  Elo(A-B)=+8 [-35, +51]  LLR=-0.598  continue
2026-08-06 13:57:45 head_to_head INFO game=253 side=P1 W  W-D-L=130-0-123  score=0.514  Elo(A-B)=+10 [-33, +52]  LLR=-0.603  continue
2026-08-06 13:57:46 head_to_head INFO game=254 side=P2 W  W-D-L=131-0-123  score=0.516  Elo(A-B)=+11 [-32, +54]  LLR=-0.430  continue
2026-08-06 13:58:12 head_to_head INFO game=255 side=P1 L  W-D-L=131-0-124  score=0.514  Elo(A-B)=+10 [-33, +52]  LLR=-0.427  continue
2026-08-06 13:58:14 head_to_head INFO game=256 side=P2 W  W-D-L=132-0-124  score=0.516  Elo(A-B)=+11 [-32, +53]  LLR=-0.436  continue
2026-08-06 13:58:23 head_to_head INFO game=257 side=P1 L  W-D-L=132-0-125  score=0.514  Elo(A-B)=+9 [-33, +52]  LLR=-0.440  continue
2026-08-06 13:58:26 head_to_head INFO game=258 side=P2 W  W-D-L=133-0-125  score=0.516  Elo(A-B)=+11 [-32, +53]  LLR=-0.449  continue
2026-08-06 13:58:31 head_to_head INFO game=259 side=P1 L  W-D-L=133-0-126  score=0.514  Elo(A-B)=+9 [-33, +52]  LLR=-0.452  continue
2026-08-06 13:58:39 head_to_head INFO game=260 side=P2 W  W-D-L=134-0-126  score=0.515  Elo(A-B)=+11 [-31, +53]  LLR=-0.462  continue
2026-08-06 13:58:45 head_to_head INFO game=261 side=P1 L  W-D-L=134-0-127  score=0.513  Elo(A-B)=+9 [-33, +51]  LLR=-0.465  continue
2026-08-06 13:58:47 head_to_head INFO game=262 side=P2 W  W-D-L=135-0-127  score=0.515  Elo(A-B)=+11 [-31, +53]  LLR=-0.474  continue
2026-08-06 13:58:50 head_to_head INFO game=263 side=P1 W  W-D-L=136-0-127  score=0.517  Elo(A-B)=+12 [-30, +54]  LLR=-0.478  continue
2026-08-06 13:58:54 head_to_head INFO game=264 side=P2 W  W-D-L=137-0-127  score=0.519  Elo(A-B)=+13 [-29, +55]  LLR=-0.300  continue
2026-08-06 13:58:57 head_to_head INFO game=265 side=P1 W  W-D-L=138-0-127  score=0.521  Elo(A-B)=+14 [-27, +56]  LLR=-0.298  continue
2026-08-06 13:59:03 head_to_head INFO game=266 side=P2 W  W-D-L=139-0-127  score=0.523  Elo(A-B)=+16 [-26, +57]  LLR=-0.121  continue
2026-08-06 13:59:04 head_to_head INFO game=267 side=P1 W  W-D-L=140-0-127  score=0.524  Elo(A-B)=+17 [-25, +59]  LLR=-0.121  continue
2026-08-06 13:59:09 head_to_head INFO game=268 side=P2 L  W-D-L=140-0-128  score=0.522  Elo(A-B)=+16 [-26, +57]  LLR=-0.130  continue
2026-08-06 13:59:10 head_to_head INFO game=269 side=P1 L  W-D-L=140-0-129  score=0.520  Elo(A-B)=+14 [-27, +56]  LLR=-0.131  continue
2026-08-06 13:59:12 head_to_head INFO game=270 side=P2 L  W-D-L=140-0-130  score=0.519  Elo(A-B)=+13 [-28, +54]  LLR=-0.327  continue
2026-08-06 13:59:14 head_to_head INFO game=271 side=P1 W  W-D-L=141-0-130  score=0.520  Elo(A-B)=+14 [-27, +55]  LLR=-0.324  continue
2026-08-06 13:59:16 head_to_head INFO game=272 side=P2 L  W-D-L=141-0-131  score=0.518  Elo(A-B)=+13 [-28, +54]  LLR=-0.334  continue
2026-08-06 13:59:20 head_to_head INFO game=273 side=P1 W  W-D-L=142-0-131  score=0.520  Elo(A-B)=+14 [-27, +55]  LLR=-0.336  continue
2026-08-06 13:59:24 head_to_head INFO game=274 side=P2 L  W-D-L=142-0-132  score=0.518  Elo(A-B)=+13 [-28, +54]  LLR=-0.346  continue
2026-08-06 13:59:27 head_to_head INFO game=275 side=P1 W  W-D-L=143-0-132  score=0.520  Elo(A-B)=+14 [-27, +55]  LLR=-0.348  continue
2026-08-06 13:59:33 head_to_head INFO game=276 side=P2 L  W-D-L=143-0-133  score=0.518  Elo(A-B)=+13 [-28, +54]  LLR=-0.357  continue
2026-08-06 13:59:38 head_to_head INFO game=277 side=P1 W  W-D-L=144-0-133  score=0.520  Elo(A-B)=+14 [-27, +55]  LLR=-0.360  continue
2026-08-06 13:59:44 head_to_head INFO game=278 side=P2 W  W-D-L=145-0-133  score=0.522  Elo(A-B)=+15 [-26, +56]  LLR=-0.180  continue
2026-08-06 13:59:48 head_to_head INFO game=279 side=P1 L  W-D-L=145-0-134  score=0.520  Elo(A-B)=+14 [-27, +54]  LLR=-0.179  continue
2026-08-06 13:59:52 head_to_head INFO game=280 side=P2 W  W-D-L=146-0-134  score=0.521  Elo(A-B)=+15 [-26, +56]  LLR=-0.188  continue
2026-08-06 13:59:55 head_to_head INFO game=281 side=P1 W  W-D-L=147-0-134  score=0.523  Elo(A-B)=+16 [-24, +57]  LLR=-0.190  continue
2026-08-06 13:59:59 head_to_head INFO game=282 side=P2 L  W-D-L=147-0-135  score=0.521  Elo(A-B)=+15 [-26, +55]  LLR=-0.199  continue
2026-08-06 14:00:05 head_to_head INFO game=283 side=P1 L  W-D-L=147-0-136  score=0.519  Elo(A-B)=+13 [-27, +54]  LLR=-0.201  continue
2026-08-06 14:00:14 head_to_head INFO game=284 side=P2 L  W-D-L=147-0-137  score=0.518  Elo(A-B)=+12 [-28, +53]  LLR=-0.402  continue
2026-08-06 14:00:20 head_to_head INFO game=285 side=P1 L  W-D-L=147-0-138  score=0.516  Elo(A-B)=+11 [-29, +51]  LLR=-0.399  continue
2026-08-06 14:00:21 head_to_head INFO game=286 side=P2 W  W-D-L=148-0-138  score=0.517  Elo(A-B)=+12 [-28, +52]  LLR=-0.408  continue
2026-08-06 14:00:26 head_to_head INFO game=287 side=P1 L  W-D-L=148-0-139  score=0.516  Elo(A-B)=+11 [-29, +51]  LLR=-0.411  continue
2026-08-06 14:00:29 head_to_head INFO game=288 side=P2 L  W-D-L=148-0-140  score=0.514  Elo(A-B)=+10 [-30, +50]  LLR=-0.612  continue
2026-08-06 14:00:34 head_to_head INFO game=289 side=P1 L  W-D-L=148-0-141  score=0.512  Elo(A-B)=+8 [-32, +48]  LLR=-0.607  continue
2026-08-06 14:00:36 head_to_head INFO game=290 side=P2 W  W-D-L=149-0-141  score=0.514  Elo(A-B)=+10 [-30, +50]  LLR=-0.617  continue
2026-08-06 14:00:37 head_to_head INFO game=291 side=P1 W  W-D-L=150-0-141  score=0.515  Elo(A-B)=+11 [-29, +51]  LLR=-0.621  continue
2026-08-06 14:00:39 head_to_head INFO game=292 side=P2 W  W-D-L=151-0-141  score=0.517  Elo(A-B)=+12 [-28, +52]  LLR=-0.439  continue
2026-08-06 14:00:41 head_to_head INFO game=293 side=P1 L  W-D-L=151-0-142  score=0.515  Elo(A-B)=+11 [-29, +50]  LLR=-0.437  continue
2026-08-06 14:00:48 head_to_head INFO game=294 side=P2 W  W-D-L=152-0-142  score=0.517  Elo(A-B)=+12 [-28, +51]  LLR=-0.447  continue
2026-08-06 14:00:53 head_to_head INFO game=295 side=P1 W  W-D-L=153-0-142  score=0.519  Elo(A-B)=+13 [-27, +53]  LLR=-0.450  continue
2026-08-06 14:00:55 head_to_head INFO game=296 side=P2 W  W-D-L=154-0-142  score=0.520  Elo(A-B)=+14 [-25, +54]  LLR=-0.268  continue
2026-08-06 14:00:57 head_to_head INFO game=297 side=P1 L  W-D-L=154-0-143  score=0.519  Elo(A-B)=+13 [-27, +52]  LLR=-0.266  continue
2026-08-06 14:01:04 head_to_head INFO game=298 side=P2 L  W-D-L=154-0-144  score=0.517  Elo(A-B)=+12 [-28, +51]  LLR=-0.466  continue
2026-08-06 14:01:07 head_to_head INFO game=299 side=P1 W  W-D-L=155-0-144  score=0.518  Elo(A-B)=+13 [-27, +52]  LLR=-0.463  continue
2026-08-06 14:01:11 head_to_head INFO game=300 side=P2 W  W-D-L=156-0-144  score=0.520  Elo(A-B)=+14 [-25, +53]  LLR=-0.284  continue
2026-08-06 14:01:17 head_to_head INFO game=301 side=P1 W  W-D-L=157-0-144  score=0.522  Elo(A-B)=+15 [-24, +54]  LLR=-0.282  continue
2026-08-06 14:01:21 head_to_head INFO game=302 side=P2 W  W-D-L=158-0-144  score=0.523  Elo(A-B)=+16 [-23, +55]  LLR=-0.103  continue
2026-08-06 14:01:25 head_to_head INFO game=303 side=P1 L  W-D-L=158-0-145  score=0.521  Elo(A-B)=+15 [-24, +54]  LLR=-0.103  continue
2026-08-06 14:01:29 head_to_head INFO game=304 side=P2 L  W-D-L=158-0-146  score=0.520  Elo(A-B)=+14 [-25, +53]  LLR=-0.299  continue
2026-08-06 14:01:33 head_to_head INFO game=305 side=P1 W  W-D-L=159-0-146  score=0.521  Elo(A-B)=+15 [-24, +54]  LLR=-0.297  continue
2026-08-06 14:01:36 head_to_head INFO game=306 side=P2 L  W-D-L=159-0-147  score=0.520  Elo(A-B)=+14 [-25, +53]  LLR=-0.307  continue
2026-08-06 14:01:39 head_to_head INFO game=307 side=P1 L  W-D-L=159-0-148  score=0.518  Elo(A-B)=+12 [-26, +51]  LLR=-0.309  continue
2026-08-06 14:01:47 head_to_head INFO game=308 side=P2 L  W-D-L=159-0-149  score=0.516  Elo(A-B)=+11 [-27, +50]  LLR=-0.505  continue
2026-08-06 14:01:51 head_to_head INFO game=309 side=P1 L  W-D-L=159-0-150  score=0.515  Elo(A-B)=+10 [-29, +49]  LLR=-0.502  continue
2026-08-06 14:01:54 head_to_head INFO game=310 side=P2 L  W-D-L=159-0-151  score=0.513  Elo(A-B)=+9 [-30, +48]  LLR=-0.697  continue
2026-08-06 14:01:56 head_to_head INFO game=311 side=P1 W  W-D-L=160-0-151  score=0.514  Elo(A-B)=+10 [-28, +49]  LLR=-0.693  continue
2026-08-06 14:02:08 head_to_head INFO game=312 side=P2 L  W-D-L=160-0-152  score=0.513  Elo(A-B)=+9 [-30, +47]  LLR=-0.702  continue
2026-08-06 14:02:11 head_to_head INFO game=313 side=P1 L  W-D-L=160-0-153  score=0.511  Elo(A-B)=+8 [-31, +46]  LLR=-0.707  continue
2026-08-06 14:02:14 head_to_head INFO game=314 side=P2 W  W-D-L=161-0-153  score=0.513  Elo(A-B)=+9 [-30, +47]  LLR=-0.716  continue
2026-08-06 14:02:44 head_to_head INFO game=315 side=P1 L  W-D-L=161-0-154  score=0.511  Elo(A-B)=+8 [-31, +46]  LLR=-0.720  continue
2026-08-06 14:02:48 head_to_head INFO game=316 side=P2 W  W-D-L=162-0-154  score=0.513  Elo(A-B)=+9 [-29, +47]  LLR=-0.730  continue
2026-08-06 14:02:53 head_to_head INFO game=317 side=P1 L  W-D-L=162-0-155  score=0.511  Elo(A-B)=+8 [-31, +46]  LLR=-0.734  continue
2026-08-06 14:02:56 head_to_head INFO game=318 side=P2 L  W-D-L=162-0-156  score=0.509  Elo(A-B)=+7 [-32, +45]  LLR=-0.932  continue
2026-08-06 14:02:57 head_to_head INFO game=319 side=P1 W  W-D-L=163-0-156  score=0.511  Elo(A-B)=+8 [-30, +46]  LLR=-0.927  continue
2026-08-06 14:03:03 head_to_head INFO game=320 side=P2 L  W-D-L=163-0-157  score=0.509  Elo(A-B)=+6 [-31, +45]  LLR=-0.936  continue
2026-08-06 14:03:07 head_to_head INFO game=321 side=P1 L  W-D-L=163-0-158  score=0.508  Elo(A-B)=+5 [-33, +43]  LLR=-0.942  continue
2026-08-06 14:03:08 head_to_head INFO game=322 side=P2 L  W-D-L=163-0-159  score=0.506  Elo(A-B)=+4 [-34, +42]  LLR=-1.140  continue
2026-08-06 14:03:15 head_to_head INFO game=323 side=P1 L  W-D-L=163-0-160  score=0.505  Elo(A-B)=+3 [-35, +41]  LLR=-1.133  continue
2026-08-06 14:03:22 head_to_head INFO game=324 side=P2 L  W-D-L=163-0-161  score=0.503  Elo(A-B)=+2 [-36, +40]  LLR=-1.330  continue
2026-08-06 14:03:25 head_to_head INFO game=325 side=P1 W  W-D-L=164-0-161  score=0.505  Elo(A-B)=+3 [-34, +41]  LLR=-1.322  continue
2026-08-06 14:03:30 head_to_head INFO game=326 side=P2 W  W-D-L=165-0-161  score=0.506  Elo(A-B)=+4 [-33, +42]  LLR=-1.145  continue
2026-08-06 14:03:32 head_to_head INFO game=327 side=P1 W  W-D-L=166-0-161  score=0.508  Elo(A-B)=+5 [-32, +43]  LLR=-1.139  continue
2026-08-06 14:03:34 head_to_head INFO game=328 side=P2 L  W-D-L=166-0-162  score=0.506  Elo(A-B)=+4 [-33, +42]  LLR=-1.149  continue
2026-08-06 14:03:35 head_to_head INFO game=329 side=P1 L  W-D-L=166-0-163  score=0.505  Elo(A-B)=+3 [-34, +41]  LLR=-1.156  continue
2026-08-06 14:03:37 head_to_head INFO game=330 side=P2 W  W-D-L=167-0-163  score=0.506  Elo(A-B)=+4 [-33, +42]  LLR=-1.165  continue
2026-08-06 14:03:38 head_to_head INFO game=331 side=P1 L  W-D-L=167-0-164  score=0.505  Elo(A-B)=+3 [-34, +41]  LLR=-1.172  continue
2026-08-06 14:03:40 head_to_head INFO game=332 side=P2 W  W-D-L=168-0-164  score=0.506  Elo(A-B)=+4 [-33, +41]  LLR=-1.182  continue
2026-08-06 14:03:41 head_to_head INFO game=333 side=P1 W  W-D-L=169-0-164  score=0.508  Elo(A-B)=+5 [-32, +42]  LLR=-1.189  continue
2026-08-06 14:03:43 head_to_head INFO game=334 side=P2 W  W-D-L=170-0-164  score=0.509  Elo(A-B)=+6 [-31, +43]  LLR=-1.009  continue
2026-08-06 14:03:44 head_to_head INFO game=335 side=P1 W  W-D-L=171-0-164  score=0.510  Elo(A-B)=+7 [-30, +44]  LLR=-1.004  continue
2026-08-06 14:03:49 head_to_head INFO game=336 side=P2 W  W-D-L=172-0-164  score=0.512  Elo(A-B)=+8 [-29, +45]  LLR=-0.826  continue
2026-08-06 14:03:52 head_to_head INFO game=337 side=P1 W  W-D-L=173-0-164  score=0.513  Elo(A-B)=+9 [-28, +46]  LLR=-0.822  continue
2026-08-06 14:03:55 head_to_head INFO game=338 side=P2 W  W-D-L=174-0-164  score=0.515  Elo(A-B)=+10 [-27, +47]  LLR=-0.645  continue
2026-08-06 14:03:57 head_to_head INFO game=339 side=P1 L  W-D-L=174-0-165  score=0.513  Elo(A-B)=+9 [-28, +46]  LLR=-0.642  continue
2026-08-06 14:03:58 head_to_head INFO game=340 side=P2 W  W-D-L=175-0-165  score=0.515  Elo(A-B)=+10 [-27, +47]  LLR=-0.651  continue
2026-08-06 14:04:01 head_to_head INFO game=341 side=P1 L  W-D-L=175-0-166  score=0.513  Elo(A-B)=+9 [-28, +46]  LLR=-0.655  continue
2026-08-06 14:04:06 head_to_head INFO game=342 side=P2 L  W-D-L=175-0-167  score=0.512  Elo(A-B)=+8 [-29, +45]  LLR=-0.851  continue
2026-08-06 14:04:08 head_to_head INFO game=343 side=P1 L  W-D-L=175-0-168  score=0.510  Elo(A-B)=+7 [-30, +44]  LLR=-0.847  continue
2026-08-06 14:04:11 head_to_head INFO game=344 side=P2 W  W-D-L=176-0-168  score=0.512  Elo(A-B)=+8 [-29, +45]  LLR=-0.856  continue
2026-08-06 14:04:17 head_to_head INFO game=345 side=P1 L  W-D-L=176-0-169  score=0.510  Elo(A-B)=+7 [-30, +44]  LLR=-0.861  continue
2026-08-06 14:04:24 head_to_head INFO game=346 side=P2 W  W-D-L=177-0-169  score=0.512  Elo(A-B)=+8 [-29, +45]  LLR=-0.870  continue
2026-08-06 14:04:26 head_to_head INFO game=347 side=P1 L  W-D-L=177-0-170  score=0.510  Elo(A-B)=+7 [-29, +44]  LLR=-0.875  continue
2026-08-06 14:04:31 head_to_head INFO game=348 side=P2 L  W-D-L=177-0-171  score=0.509  Elo(A-B)=+6 [-30, +42]  LLR=-1.073  continue
2026-08-06 14:04:32 head_to_head INFO game=349 side=P1 W  W-D-L=178-0-171  score=0.510  Elo(A-B)=+7 [-29, +43]  LLR=-1.067  continue
2026-08-06 14:04:38 head_to_head INFO game=350 side=P2 L  W-D-L=178-0-172  score=0.509  Elo(A-B)=+6 [-30, +42]  LLR=-1.076  continue
2026-08-06 14:04:41 head_to_head INFO game=351 side=P1 W  W-D-L=179-0-172  score=0.510  Elo(A-B)=+7 [-29, +43]  LLR=-1.083  continue
2026-08-06 14:04:43 head_to_head INFO game=352 side=P2 W  W-D-L=180-0-172  score=0.511  Elo(A-B)=+8 [-28, +44]  LLR=-0.904  continue
2026-08-06 14:04:48 head_to_head INFO game=353 side=P1 W  W-D-L=181-0-172  score=0.513  Elo(A-B)=+9 [-27, +45]  LLR=-0.900  continue
2026-08-06 14:04:51 head_to_head INFO game=354 side=P2 W  W-D-L=182-0-172  score=0.514  Elo(A-B)=+10 [-26, +46]  LLR=-0.722  continue
2026-08-06 14:04:59 head_to_head INFO game=355 side=P1 L  W-D-L=182-0-173  score=0.513  Elo(A-B)=+9 [-27, +45]  LLR=-0.718  continue
2026-08-06 14:05:00 head_to_head INFO game=356 side=P2 L  W-D-L=182-0-174  score=0.511  Elo(A-B)=+8 [-28, +44]  LLR=-0.914  continue
2026-08-06 14:05:02 head_to_head INFO game=357 side=P1 W  W-D-L=183-0-174  score=0.513  Elo(A-B)=+9 [-27, +45]  LLR=-0.909  continue
2026-08-06 14:05:12 head_to_head INFO game=358 side=P2 W  W-D-L=184-0-174  score=0.514  Elo(A-B)=+10 [-26, +46]  LLR=-0.733  continue
2026-08-06 14:05:13 head_to_head INFO game=359 side=P1 L  W-D-L=184-0-175  score=0.513  Elo(A-B)=+9 [-27, +45]  LLR=-0.730  continue
2026-08-06 14:05:14 head_to_head INFO game=360 side=P2 W  W-D-L=185-0-175  score=0.514  Elo(A-B)=+10 [-26, +45]  LLR=-0.739  continue
2026-08-06 14:05:16 head_to_head INFO game=361 side=P1 W  W-D-L=186-0-175  score=0.515  Elo(A-B)=+11 [-25, +46]  LLR=-0.743  continue
2026-08-06 14:05:20 head_to_head INFO game=362 side=P2 L  W-D-L=186-0-176  score=0.514  Elo(A-B)=+10 [-26, +45]  LLR=-0.753  continue
2026-08-06 14:05:22 head_to_head INFO game=363 side=P1 L  W-D-L=186-0-177  score=0.512  Elo(A-B)=+9 [-27, +44]  LLR=-0.757  continue
2026-08-06 14:05:27 head_to_head INFO game=364 side=P2 L  W-D-L=186-0-178  score=0.511  Elo(A-B)=+8 [-28, +43]  LLR=-0.953  continue
2026-08-06 14:05:34 head_to_head INFO game=365 side=P1 L  W-D-L=186-0-179  score=0.510  Elo(A-B)=+7 [-29, +42]  LLR=-0.948  continue
2026-08-06 14:05:39 head_to_head INFO game=366 side=P2 L  W-D-L=186-0-180  score=0.508  Elo(A-B)=+6 [-30, +41]  LLR=-1.143  continue
2026-08-06 14:05:41 head_to_head INFO game=367 side=P1 W  W-D-L=187-0-180  score=0.510  Elo(A-B)=+7 [-29, +42]  LLR=-1.137  continue
2026-08-06 14:05:43 head_to_head INFO game=368 side=P2 W  W-D-L=188-0-180  score=0.511  Elo(A-B)=+8 [-28, +43]  LLR=-0.962  continue
2026-08-06 14:05:45 head_to_head INFO game=369 side=P1 W  W-D-L=189-0-180  score=0.512  Elo(A-B)=+8 [-27, +44]  LLR=-0.958  continue
2026-08-06 14:05:46 head_to_head INFO game=370 side=P2 W  W-D-L=190-0-180  score=0.514  Elo(A-B)=+9 [-26, +45]  LLR=-0.783  continue
2026-08-06 14:05:48 head_to_head INFO game=371 side=P1 W  W-D-L=191-0-180  score=0.515  Elo(A-B)=+10 [-25, +46]  LLR=-0.780  continue
2026-08-06 14:05:53 head_to_head INFO game=372 side=P2 W  W-D-L=192-0-180  score=0.516  Elo(A-B)=+11 [-24, +46]  LLR=-0.605  continue
2026-08-06 14:05:56 head_to_head INFO game=373 side=P1 W  W-D-L=193-0-180  score=0.517  Elo(A-B)=+12 [-23, +47]  LLR=-0.603  continue
2026-08-06 14:06:03 head_to_head INFO game=374 side=P2 W  W-D-L=194-0-180  score=0.519  Elo(A-B)=+13 [-22, +48]  LLR=-0.429  continue
2026-08-06 14:06:11 head_to_head INFO game=375 side=P1 L  W-D-L=194-0-181  score=0.517  Elo(A-B)=+12 [-23, +47]  LLR=-0.428  continue
2026-08-06 14:06:13 head_to_head INFO game=376 side=P2 W  W-D-L=195-0-181  score=0.519  Elo(A-B)=+13 [-22, +48]  LLR=-0.437  continue
2026-08-06 14:06:15 head_to_head INFO game=377 side=P1 L  W-D-L=195-0-182  score=0.517  Elo(A-B)=+12 [-23, +47]  LLR=-0.439  continue
2026-08-06 14:06:17 head_to_head INFO game=378 side=P2 W  W-D-L=196-0-182  score=0.519  Elo(A-B)=+13 [-22, +48]  LLR=-0.448  continue
2026-08-06 14:06:42 head_to_head INFO game=379 side=P1 W  W-D-L=197-0-182  score=0.520  Elo(A-B)=+14 [-21, +49]  LLR=-0.451  continue
2026-08-06 14:06:46 head_to_head INFO game=380 side=P2 W  W-D-L=198-0-182  score=0.521  Elo(A-B)=+15 [-20, +50]  LLR=-0.276  continue
2026-08-06 14:06:47 head_to_head INFO game=381 side=P1 W  W-D-L=199-0-182  score=0.522  Elo(A-B)=+15 [-19, +50]  LLR=-0.275  continue
2026-08-06 14:07:21 head_to_head INFO game=382 side=P2 L  W-D-L=199-0-183  score=0.521  Elo(A-B)=+15 [-20, +49]  LLR=-0.284  continue
2026-08-06 14:07:26 head_to_head INFO game=383 side=P1 L  W-D-L=199-0-184  score=0.520  Elo(A-B)=+14 [-21, +48]  LLR=-0.286  continue
2026-08-06 14:07:33 head_to_head INFO game=384 side=P2 W  W-D-L=200-0-184  score=0.521  Elo(A-B)=+14 [-20, +49]  LLR=-0.295  continue
2026-08-06 14:07:50 head_to_head INFO game=385 side=P1 L  W-D-L=200-0-185  score=0.519  Elo(A-B)=+14 [-21, +48]  LLR=-0.296  continue
2026-08-06 14:07:54 head_to_head INFO game=386 side=P2 L  W-D-L=200-0-186  score=0.518  Elo(A-B)=+13 [-22, +47]  LLR=-0.491  continue
2026-08-06 14:07:56 head_to_head INFO game=387 side=P1 W  W-D-L=201-0-186  score=0.519  Elo(A-B)=+13 [-21, +48]  LLR=-0.488  continue
2026-08-06 14:07:58 head_to_head INFO game=388 side=P2 W  W-D-L=202-0-186  score=0.521  Elo(A-B)=+14 [-20, +49]  LLR=-0.313  continue
2026-08-06 14:08:07 head_to_head INFO game=389 side=P1 W  W-D-L=203-0-186  score=0.522  Elo(A-B)=+15 [-19, +50]  LLR=-0.312  continue
2026-08-06 14:08:12 head_to_head INFO game=390 side=P2 L  W-D-L=203-0-187  score=0.521  Elo(A-B)=+14 [-20, +49]  LLR=-0.321  continue
2026-08-06 14:08:13 head_to_head INFO game=391 side=P1 W  W-D-L=204-0-187  score=0.522  Elo(A-B)=+15 [-19, +50]  LLR=-0.323  continue
2026-08-06 14:08:16 head_to_head INFO game=392 side=P2 L  W-D-L=204-0-188  score=0.520  Elo(A-B)=+14 [-20, +49]  LLR=-0.332  continue
2026-08-06 14:08:17 head_to_head INFO game=393 side=P1 W  W-D-L=205-0-188  score=0.522  Elo(A-B)=+15 [-19, +49]  LLR=-0.334  continue
2026-08-06 14:08:23 head_to_head INFO game=394 side=P2 L  W-D-L=205-0-189  score=0.520  Elo(A-B)=+14 [-20, +48]  LLR=-0.343  continue
2026-08-06 14:08:25 head_to_head INFO game=395 side=P1 W  W-D-L=206-0-189  score=0.522  Elo(A-B)=+15 [-19, +49]  LLR=-0.345  continue
2026-08-06 14:08:31 head_to_head INFO game=396 side=P2 L  W-D-L=206-0-190  score=0.520  Elo(A-B)=+14 [-20, +48]  LLR=-0.354  continue
2026-08-06 14:08:34 head_to_head INFO game=397 side=P1 W  W-D-L=207-0-190  score=0.521  Elo(A-B)=+15 [-19, +49]  LLR=-0.356  continue
2026-08-06 14:08:35 head_to_head INFO game=398 side=P2 W  W-D-L=208-0-190  score=0.523  Elo(A-B)=+16 [-18, +50]  LLR=-0.178  continue
2026-08-06 14:08:36 head_to_head INFO game=399 side=P1 W  W-D-L=209-0-190  score=0.524  Elo(A-B)=+17 [-18, +51]  LLR=-0.177  continue
2026-08-06 14:08:44 head_to_head INFO game=400 side=P2 W  W-D-L=210-0-190  score=0.525  Elo(A-B)=+17 [-17, +51]  LLR=0.000  continue
2026-08-06 14:08:47 head_to_head INFO game=401 side=P1 L  W-D-L=210-0-191  score=0.524  Elo(A-B)=+16 [-18, +50]  LLR=0.000  continue
2026-08-06 14:08:57 head_to_head INFO game=402 side=P2 L  W-D-L=210-0-192  score=0.522  Elo(A-B)=+16 [-18, +50]  LLR=-0.195  continue
2026-08-06 14:09:09 head_to_head INFO game=403 side=P1 L  W-D-L=210-0-193  score=0.521  Elo(A-B)=+15 [-19, +49]  LLR=-0.194  continue
2026-08-06 14:09:18 head_to_head INFO game=404 side=P2 W  W-D-L=211-0-193  score=0.522  Elo(A-B)=+15 [-18, +49]  LLR=-0.204  continue
2026-08-06 14:09:23 head_to_head INFO game=405 side=P1 L  W-D-L=211-0-194  score=0.521  Elo(A-B)=+15 [-19, +48]  LLR=-0.205  continue
2026-08-06 14:09:25 head_to_head INFO game=406 side=P2 W  W-D-L=212-0-194  score=0.522  Elo(A-B)=+15 [-18, +49]  LLR=-0.214  continue
2026-08-06 14:09:26 head_to_head INFO game=407 side=P1 W  W-D-L=213-0-194  score=0.523  Elo(A-B)=+16 [-18, +50]  LLR=-0.215  continue
2026-08-06 14:09:27 head_to_head INFO game=408 side=P2 L  W-D-L=213-0-195  score=0.522  Elo(A-B)=+15 [-18, +49]  LLR=-0.224  continue
2026-08-06 14:09:30 head_to_head INFO game=409 side=P1 W  W-D-L=214-0-195  score=0.523  Elo(A-B)=+16 [-18, +50]  LLR=-0.225  continue
2026-08-06 14:09:34 head_to_head INFO game=410 side=P2 W  W-D-L=215-0-195  score=0.524  Elo(A-B)=+17 [-17, +51]  LLR=-0.047  continue
2026-08-06 14:09:35 head_to_head INFO game=411 side=P1 W  W-D-L=216-0-195  score=0.526  Elo(A-B)=+18 [-16, +51]  LLR=-0.047  continue
2026-08-06 14:09:53 head_to_head INFO game=412 side=P2 L  W-D-L=216-0-196  score=0.524  Elo(A-B)=+17 [-17, +50]  LLR=-0.056  continue
2026-08-06 14:09:57 head_to_head INFO game=413 side=P1 L  W-D-L=216-0-197  score=0.523  Elo(A-B)=+16 [-17, +49]  LLR=-0.056  continue
2026-08-06 14:10:14 head_to_head INFO game=414 side=P2 W  W-D-L=217-0-197  score=0.524  Elo(A-B)=+17 [-17, +50]  LLR=-0.066  continue
2026-08-06 14:10:34 head_to_head INFO game=415 side=P1 W  W-D-L=218-0-197  score=0.525  Elo(A-B)=+18 [-16, +51]  LLR=-0.066  continue
2026-08-06 14:10:36 head_to_head INFO game=416 side=P2 W  W-D-L=219-0-197  score=0.526  Elo(A-B)=+18 [-15, +52]  LLR=0.113  continue
2026-08-06 14:10:40 head_to_head INFO game=417 side=P1 L  W-D-L=219-0-198  score=0.525  Elo(A-B)=+17 [-16, +51]  LLR=0.113  continue
2026-08-06 14:10:43 head_to_head INFO game=418 side=P2 W  W-D-L=220-0-198  score=0.526  Elo(A-B)=+18 [-15, +52]  LLR=0.104  continue
2026-08-06 14:10:48 head_to_head INFO game=419 side=P1 W  W-D-L=221-0-198  score=0.527  Elo(A-B)=+19 [-14, +52]  LLR=0.104  continue
2026-08-06 14:10:52 head_to_head INFO game=420 side=P2 L  W-D-L=221-0-199  score=0.526  Elo(A-B)=+18 [-15, +51]  LLR=0.095  continue
2026-08-06 14:10:55 head_to_head INFO game=421 side=P1 L  W-D-L=221-0-200  score=0.525  Elo(A-B)=+17 [-16, +51]  LLR=0.095  continue
2026-08-06 14:11:07 head_to_head INFO game=422 side=P2 L  W-D-L=221-0-201  score=0.524  Elo(A-B)=+16 [-17, +50]  LLR=-0.105  continue
2026-08-06 14:11:11 head_to_head INFO game=423 side=P1 W  W-D-L=222-0-201  score=0.525  Elo(A-B)=+17 [-16, +50]  LLR=-0.104  continue
2026-08-06 14:11:14 head_to_head INFO game=424 side=P2 W  W-D-L=223-0-201  score=0.526  Elo(A-B)=+18 [-15, +51]  LLR=0.076  continue
2026-08-06 14:11:19 head_to_head INFO game=425 side=P1 L  W-D-L=223-0-202  score=0.525  Elo(A-B)=+17 [-16, +50]  LLR=0.075  continue
2026-08-06 14:11:24 head_to_head INFO game=426 side=P2 W  W-D-L=224-0-202  score=0.526  Elo(A-B)=+18 [-15, +51]  LLR=0.066  continue
2026-08-06 14:11:27 head_to_head INFO game=427 side=P1 W  W-D-L=225-0-202  score=0.527  Elo(A-B)=+19 [-14, +52]  LLR=0.066  continue
2026-08-06 14:11:29 head_to_head INFO game=428 side=P2 W  W-D-L=226-0-202  score=0.528  Elo(A-B)=+19 [-13, +52]  LLR=0.246  continue
2026-08-06 14:11:30 head_to_head INFO game=429 side=P1 W  W-D-L=227-0-202  score=0.529  Elo(A-B)=+20 [-13, +53]  LLR=0.245  continue
2026-08-06 14:11:35 head_to_head INFO game=430 side=P2 W  W-D-L=228-0-202  score=0.530  Elo(A-B)=+21 [-12, +54]  LLR=0.425  continue
2026-08-06 14:11:39 head_to_head INFO game=431 side=P1 W  W-D-L=229-0-202  score=0.531  Elo(A-B)=+22 [-11, +55]  LLR=0.424  continue
2026-08-06 14:11:46 head_to_head INFO game=432 side=P2 W  W-D-L=230-0-202  score=0.532  Elo(A-B)=+22 [-10, +55]  LLR=0.602  continue
2026-08-06 14:11:47 head_to_head INFO game=433 side=P1 L  W-D-L=230-0-203  score=0.531  Elo(A-B)=+22 [-11, +54]  LLR=0.601  continue
2026-08-06 14:11:50 head_to_head INFO game=434 side=P2 W  W-D-L=231-0-203  score=0.532  Elo(A-B)=+22 [-10, +55]  LLR=0.591  continue
2026-08-06 14:11:51 head_to_head INFO game=435 side=P1 L  W-D-L=231-0-204  score=0.531  Elo(A-B)=+22 [-11, +54]  LLR=0.594  continue
2026-08-06 14:11:54 head_to_head INFO game=436 side=P2 L  W-D-L=231-0-205  score=0.530  Elo(A-B)=+21 [-12, +53]  LLR=0.396  continue
2026-08-06 14:11:57 head_to_head INFO game=437 side=P1 L  W-D-L=231-0-206  score=0.529  Elo(A-B)=+20 [-13, +52]  LLR=0.394  continue
2026-08-06 14:12:16 head_to_head INFO game=438 side=P2 W  W-D-L=232-0-206  score=0.530  Elo(A-B)=+21 [-12, +53]  LLR=0.385  continue
2026-08-06 14:12:21 head_to_head INFO game=439 side=P1 W  W-D-L=233-0-206  score=0.531  Elo(A-B)=+21 [-11, +54]  LLR=0.386  continue
2026-08-06 14:12:23 head_to_head INFO game=440 side=P2 L  W-D-L=233-0-207  score=0.530  Elo(A-B)=+21 [-12, +53]  LLR=0.377  continue
2026-08-06 14:12:28 head_to_head INFO game=441 side=P1 W  W-D-L=234-0-207  score=0.531  Elo(A-B)=+21 [-11, +54]  LLR=0.379  continue
2026-08-06 14:12:31 head_to_head INFO game=442 side=P2 L  W-D-L=234-0-208  score=0.529  Elo(A-B)=+20 [-12, +53]  LLR=0.369  continue
2026-08-06 14:12:33 head_to_head INFO game=443 side=P1 L  W-D-L=234-0-209  score=0.528  Elo(A-B)=+20 [-13, +52]  LLR=0.371  continue
2026-08-06 14:12:36 head_to_head INFO game=444 side=P2 W  W-D-L=235-0-209  score=0.529  Elo(A-B)=+20 [-12, +53]  LLR=0.361  continue
2026-08-06 14:12:42 head_to_head INFO game=445 side=P1 L  W-D-L=235-0-210  score=0.528  Elo(A-B)=+19 [-13, +52]  LLR=0.363  continue
2026-08-06 14:12:49 head_to_head INFO game=446 side=P2 L  W-D-L=235-0-211  score=0.527  Elo(A-B)=+19 [-14, +51]  LLR=0.162  continue
2026-08-06 14:12:52 head_to_head INFO game=447 side=P1 L  W-D-L=235-0-212  score=0.526  Elo(A-B)=+18 [-14, +50]  LLR=0.162  continue
2026-08-06 14:12:58 head_to_head INFO game=448 side=P2 W  W-D-L=236-0-212  score=0.527  Elo(A-B)=+19 [-14, +51]  LLR=0.152  continue
2026-08-06 14:13:08 head_to_head INFO game=449 side=P1 L  W-D-L=236-0-213  score=0.526  Elo(A-B)=+18 [-14, +50]  LLR=0.153  continue
2026-08-06 14:13:08 head_to_head INFO game=450 side=P2 L  W-D-L=236-0-214  score=0.524  Elo(A-B)=+17 [-15, +49]  LLR=-0.048  continue
2026-08-06 14:13:11 head_to_head INFO game=451 side=P1 L  W-D-L=236-0-215  score=0.523  Elo(A-B)=+16 [-16, +48]  LLR=-0.047  continue
2026-08-06 14:13:12 head_to_head INFO game=452 side=P2 W  W-D-L=237-0-215  score=0.524  Elo(A-B)=+17 [-15, +49]  LLR=-0.057  continue
2026-08-06 14:13:16 head_to_head INFO game=453 side=P1 W  W-D-L=238-0-215  score=0.525  Elo(A-B)=+18 [-14, +50]  LLR=-0.057  continue
2026-08-06 14:13:19 head_to_head INFO game=454 side=P2 W  W-D-L=239-0-215  score=0.526  Elo(A-B)=+18 [-14, +50]  LLR=0.124  continue
2026-08-06 14:13:21 head_to_head INFO game=455 side=P1 L  W-D-L=239-0-216  score=0.525  Elo(A-B)=+18 [-14, +49]  LLR=0.124  continue
2026-08-06 14:13:38 head_to_head INFO game=456 side=P2 L  W-D-L=239-0-217  score=0.524  Elo(A-B)=+17 [-15, +49]  LLR=-0.076  continue
2026-08-06 14:13:40 head_to_head INFO game=457 side=P1 W  W-D-L=240-0-217  score=0.525  Elo(A-B)=+17 [-14, +49]  LLR=-0.076  continue
2026-08-06 14:13:41 head_to_head INFO game=458 side=P2 W  W-D-L=241-0-217  score=0.526  Elo(A-B)=+18 [-14, +50]  LLR=0.104  continue
2026-08-06 14:14:04 head_to_head INFO game=459 side=P1 W  W-D-L=242-0-217  score=0.527  Elo(A-B)=+19 [-13, +51]  LLR=0.104  continue
2026-08-06 14:14:05 head_to_head INFO game=460 side=P2 W  W-D-L=243-0-217  score=0.528  Elo(A-B)=+20 [-12, +51]  LLR=0.283  continue
2026-08-06 14:14:15 head_to_head INFO game=461 side=P1 L  W-D-L=243-0-218  score=0.527  Elo(A-B)=+19 [-13, +51]  LLR=0.282  continue
2026-08-06 14:14:17 head_to_head INFO game=462 side=P2 L  W-D-L=243-0-219  score=0.526  Elo(A-B)=+18 [-14, +50]  LLR=0.085  continue
2026-08-06 14:14:21 head_to_head INFO game=463 side=P1 L  W-D-L=243-0-220  score=0.525  Elo(A-B)=+17 [-14, +49]  LLR=0.084  continue
2026-08-06 14:14:42 head_to_head INFO game=464 side=P2 W  W-D-L=244-0-220  score=0.526  Elo(A-B)=+18 [-14, +50]  LLR=0.075  continue
2026-08-06 14:14:42 head_to_head INFO game=465 side=P1 L  W-D-L=244-0-221  score=0.525  Elo(A-B)=+17 [-14, +49]  LLR=0.075  continue
2026-08-06 14:14:44 head_to_head INFO game=466 side=P2 W  W-D-L=245-0-221  score=0.526  Elo(A-B)=+18 [-14, +49]  LLR=0.066  continue
2026-08-06 14:14:46 head_to_head INFO game=467 side=P1 W  W-D-L=246-0-221  score=0.527  Elo(A-B)=+19 [-13, +50]  LLR=0.066  continue
2026-08-06 14:14:57 head_to_head INFO game=468 side=P2 L  W-D-L=246-0-222  score=0.526  Elo(A-B)=+18 [-14, +49]  LLR=0.057  continue
2026-08-06 14:15:02 head_to_head INFO game=469 side=P1 L  W-D-L=246-0-223  score=0.525  Elo(A-B)=+17 [-14, +48]  LLR=0.057  continue
2026-08-06 14:15:04 head_to_head INFO game=470 side=P2 L  W-D-L=246-0-224  score=0.523  Elo(A-B)=+16 [-15, +48]  LLR=-0.142  continue
2026-08-06 14:15:12 head_to_head INFO game=471 side=P1 L  W-D-L=246-0-225  score=0.522  Elo(A-B)=+15 [-16, +47]  LLR=-0.142  continue
2026-08-06 14:15:15 head_to_head INFO game=472 side=P2 L  W-D-L=246-0-226  score=0.521  Elo(A-B)=+15 [-17, +46]  LLR=-0.340  continue
2026-08-06 14:15:17 head_to_head INFO game=473 side=P1 W  W-D-L=247-0-226  score=0.522  Elo(A-B)=+15 [-16, +47]  LLR=-0.338  continue
2026-08-06 14:15:22 head_to_head INFO game=474 side=P2 W  W-D-L=248-0-226  score=0.523  Elo(A-B)=+16 [-15, +47]  LLR=-0.160  continue
2026-08-06 14:15:23 head_to_head INFO game=475 side=P1 L  W-D-L=248-0-227  score=0.522  Elo(A-B)=+15 [-16, +47]  LLR=-0.159  continue
2026-08-06 14:15:25 head_to_head INFO game=476 side=P2 W  W-D-L=249-0-227  score=0.523  Elo(A-B)=+16 [-15, +47]  LLR=-0.169  continue
2026-08-06 14:15:27 head_to_head INFO game=477 side=P1 L  W-D-L=249-0-228  score=0.522  Elo(A-B)=+15 [-16, +46]  LLR=-0.169  continue
2026-08-06 14:15:31 head_to_head INFO game=478 side=P2 W  W-D-L=250-0-228  score=0.523  Elo(A-B)=+16 [-15, +47]  LLR=-0.179  continue
2026-08-06 14:15:32 head_to_head INFO game=479 side=P1 L  W-D-L=250-0-229  score=0.522  Elo(A-B)=+15 [-16, +46]  LLR=-0.179  continue
2026-08-06 14:15:34 head_to_head INFO game=480 side=P2 W  W-D-L=251-0-229  score=0.523  Elo(A-B)=+16 [-15, +47]  LLR=-0.189  continue
2026-08-06 14:15:36 head_to_head INFO game=481 side=P1 L  W-D-L=251-0-230  score=0.522  Elo(A-B)=+15 [-16, +46]  LLR=-0.190  continue
2026-08-06 14:15:38 head_to_head INFO game=482 side=P2 L  W-D-L=251-0-231  score=0.521  Elo(A-B)=+14 [-17, +45]  LLR=-0.389  continue
2026-08-06 14:15:40 head_to_head INFO game=483 side=P1 W  W-D-L=252-0-231  score=0.522  Elo(A-B)=+15 [-16, +46]  LLR=-0.387  continue
2026-08-06 14:15:42 head_to_head INFO game=484 side=P2 L  W-D-L=252-0-232  score=0.521  Elo(A-B)=+14 [-17, +45]  LLR=-0.397  continue
2026-08-06 14:15:45 head_to_head INFO game=485 side=P1 W  W-D-L=253-0-232  score=0.522  Elo(A-B)=+15 [-16, +46]  LLR=-0.398  continue
2026-08-06 14:16:06 head_to_head INFO game=486 side=P2 L  W-D-L=253-0-233  score=0.521  Elo(A-B)=+14 [-17, +45]  LLR=-0.408  continue
2026-08-06 14:16:10 head_to_head INFO game=487 side=P1 W  W-D-L=254-0-233  score=0.522  Elo(A-B)=+15 [-16, +46]  LLR=-0.409  continue
2026-08-06 14:16:11 head_to_head INFO game=488 side=P2 L  W-D-L=254-0-234  score=0.520  Elo(A-B)=+14 [-17, +45]  LLR=-0.419  continue
2026-08-06 14:16:12 head_to_head INFO game=489 side=P1 W  W-D-L=255-0-234  score=0.521  Elo(A-B)=+15 [-16, +46]  LLR=-0.421  continue
2026-08-06 14:16:17 head_to_head INFO game=490 side=P2 W  W-D-L=256-0-234  score=0.522  Elo(A-B)=+16 [-15, +46]  LLR=-0.239  continue
2026-08-06 14:16:19 head_to_head INFO game=491 side=P1 W  W-D-L=257-0-234  score=0.523  Elo(A-B)=+16 [-14, +47]  LLR=-0.238  continue
2026-08-06 14:16:21 head_to_head INFO game=492 side=P2 L  W-D-L=257-0-235  score=0.522  Elo(A-B)=+16 [-15, +46]  LLR=-0.248  continue
2026-08-06 14:16:24 head_to_head INFO game=493 side=P1 L  W-D-L=257-0-236  score=0.521  Elo(A-B)=+15 [-16, +45]  LLR=-0.249  continue
2026-08-06 14:16:29 head_to_head INFO game=494 side=P2 W  W-D-L=258-0-236  score=0.522  Elo(A-B)=+15 [-15, +46]  LLR=-0.258  continue
2026-08-06 14:16:36 head_to_head INFO game=495 side=P1 L  W-D-L=258-0-237  score=0.521  Elo(A-B)=+15 [-16, +45]  LLR=-0.259  continue
2026-08-06 14:16:43 head_to_head INFO game=496 side=P2 L  W-D-L=258-0-238  score=0.520  Elo(A-B)=+14 [-17, +45]  LLR=-0.461  continue
2026-08-06 14:17:04 head_to_head INFO game=497 side=P1 L  W-D-L=258-0-239  score=0.519  Elo(A-B)=+13 [-17, +44]  LLR=-0.459  continue
2026-08-06 14:17:10 head_to_head INFO game=498 side=P2 W  W-D-L=259-0-239  score=0.520  Elo(A-B)=+14 [-17, +44]  LLR=-0.469  continue
2026-08-06 14:17:10 head_to_head INFO game=499 side=P1 L  W-D-L=259-0-240  score=0.519  Elo(A-B)=+13 [-17, +44]  LLR=-0.471  continue
2026-08-06 14:17:11 head_to_head INFO game=500 side=P2 W  W-D-L=260-0-240  score=0.520  Elo(A-B)=+14 [-17, +44]  LLR=-0.480  continue
2026-08-06 14:17:13 head_to_head INFO game=501 side=P1 W  W-D-L=261-0-240  score=0.521  Elo(A-B)=+15 [-16, +45]  LLR=-0.482  continue
2026-08-06 14:17:26 head_to_head INFO game=502 side=P2 L  W-D-L=261-0-241  score=0.520  Elo(A-B)=+14 [-17, +44]  LLR=-0.492  continue
2026-08-06 14:17:39 head_to_head INFO game=503 side=P1 W  W-D-L=262-0-241  score=0.521  Elo(A-B)=+14 [-16, +45]  LLR=-0.494  continue
2026-08-06 14:17:43 head_to_head INFO game=504 side=P2 L  W-D-L=262-0-242  score=0.520  Elo(A-B)=+14 [-17, +44]  LLR=-0.504  continue
2026-08-06 14:17:51 head_to_head INFO game=505 side=P1 W  W-D-L=263-0-242  score=0.521  Elo(A-B)=+14 [-16, +45]  LLR=-0.506  continue
2026-08-06 14:18:06 head_to_head INFO game=506 side=P2 L  W-D-L=263-0-243  score=0.520  Elo(A-B)=+14 [-17, +44]  LLR=-0.515  continue
2026-08-06 14:18:11 head_to_head INFO game=507 side=P1 L  W-D-L=263-0-244  score=0.519  Elo(A-B)=+13 [-17, +43]  LLR=-0.517  continue
2026-08-06 14:18:19 head_to_head INFO game=508 side=P2 W  W-D-L=264-0-244  score=0.520  Elo(A-B)=+14 [-17, +44]  LLR=-0.527  continue
2026-08-06 14:18:26 head_to_head INFO game=509 side=P1 L  W-D-L=264-0-245  score=0.519  Elo(A-B)=+13 [-17, +43]  LLR=-0.529  continue
2026-08-06 14:18:28 head_to_head INFO game=510 side=P2 W  W-D-L=265-0-245  score=0.520  Elo(A-B)=+14 [-17, +44]  LLR=-0.539  continue
2026-08-06 14:18:30 head_to_head INFO game=511 side=P1 L  W-D-L=265-0-246  score=0.519  Elo(A-B)=+13 [-17, +43]  LLR=-0.541  continue
2026-08-06 14:18:33 head_to_head INFO game=512 side=P2 W  W-D-L=266-0-246  score=0.520  Elo(A-B)=+14 [-17, +44]  LLR=-0.551  continue
2026-08-06 14:18:36 head_to_head INFO game=513 side=P1 W  W-D-L=267-0-246  score=0.520  Elo(A-B)=+14 [-16, +44]  LLR=-0.553  continue
2026-08-06 14:18:38 head_to_head INFO game=514 side=P2 W  W-D-L=268-0-246  score=0.521  Elo(A-B)=+15 [-15, +45]  LLR=-0.365  continue
2026-08-06 14:18:39 head_to_head INFO game=515 side=P1 W  W-D-L=269-0-246  score=0.522  Elo(A-B)=+15 [-14, +46]  LLR=-0.364  continue
2026-08-06 14:18:41 head_to_head INFO game=516 side=P2 W  W-D-L=270-0-246  score=0.523  Elo(A-B)=+16 [-14, +46]  LLR=-0.177  continue
2026-08-06 14:18:43 head_to_head INFO game=517 side=P1 L  W-D-L=270-0-247  score=0.522  Elo(A-B)=+15 [-14, +45]  LLR=-0.177  continue
2026-08-06 14:18:47 head_to_head INFO game=518 side=P2 W  W-D-L=271-0-247  score=0.523  Elo(A-B)=+16 [-14, +46]  LLR=-0.186  continue
2026-08-06 14:18:49 head_to_head INFO game=519 side=P1 L  W-D-L=271-0-248  score=0.522  Elo(A-B)=+15 [-14, +45]  LLR=-0.187  continue
2026-08-06 14:18:51 head_to_head INFO game=520 side=P2 W  W-D-L=272-0-248  score=0.523  Elo(A-B)=+16 [-14, +46]  LLR=-0.197  continue
2026-08-06 14:19:02 head_to_head INFO game=521 side=P1 W  W-D-L=273-0-248  score=0.524  Elo(A-B)=+17 [-13, +47]  LLR=-0.198  continue
2026-08-06 14:19:04 head_to_head INFO game=522 side=P2 W  W-D-L=274-0-248  score=0.525  Elo(A-B)=+17 [-12, +47]  LLR=-0.010  continue
2026-08-06 14:19:05 head_to_head INFO game=523 side=P1 W  W-D-L=275-0-248  score=0.526  Elo(A-B)=+18 [-12, +48]  LLR=-0.010  continue
2026-08-06 14:19:08 head_to_head INFO game=524 side=P2 L  W-D-L=275-0-249  score=0.525  Elo(A-B)=+17 [-12, +47]  LLR=-0.020  continue
2026-08-06 14:19:13 head_to_head INFO game=525 side=P1 L  W-D-L=275-0-250  score=0.524  Elo(A-B)=+17 [-13, +46]  LLR=-0.020  continue
2026-08-06 14:19:16 head_to_head INFO game=526 side=P2 W  W-D-L=276-0-250  score=0.525  Elo(A-B)=+17 [-13, +47]  LLR=-0.030  continue
2026-08-06 14:19:18 head_to_head INFO game=527 side=P1 W  W-D-L=277-0-250  score=0.526  Elo(A-B)=+18 [-12, +47]  LLR=-0.030  continue
2026-08-06 14:19:21 head_to_head INFO game=528 side=P2 L  W-D-L=277-0-251  score=0.525  Elo(A-B)=+17 [-13, +47]  LLR=-0.040  continue
2026-08-06 14:19:36 head_to_head INFO game=529 side=P1 L  W-D-L=277-0-252  score=0.524  Elo(A-B)=+16 [-13, +46]  LLR=-0.040  continue
2026-08-06 14:19:37 head_to_head INFO game=530 side=P2 L  W-D-L=277-0-253  score=0.523  Elo(A-B)=+16 [-14, +45]  LLR=-0.249  continue
2026-08-06 14:19:46 head_to_head INFO game=531 side=P1 L  W-D-L=277-0-254  score=0.522  Elo(A-B)=+15 [-14, +45]  LLR=-0.248  continue
2026-08-06 14:19:50 head_to_head INFO game=532 side=P2 W  W-D-L=278-0-254  score=0.523  Elo(A-B)=+16 [-14, +45]  LLR=-0.258  continue
2026-08-06 14:19:54 head_to_head INFO game=533 side=P1 W  W-D-L=279-0-254  score=0.523  Elo(A-B)=+16 [-13, +46]  LLR=-0.259  continue
2026-08-06 14:20:00 head_to_head INFO game=534 side=P2 W  W-D-L=280-0-254  score=0.524  Elo(A-B)=+17 [-13, +46]  LLR=-0.070  continue
2026-08-06 14:20:04 head_to_head INFO game=535 side=P1 W  W-D-L=281-0-254  score=0.525  Elo(A-B)=+18 [-12, +47]  LLR=-0.070  continue
2026-08-06 14:20:08 head_to_head INFO game=536 side=P2 L  W-D-L=281-0-255  score=0.524  Elo(A-B)=+17 [-13, +46]  LLR=-0.079  continue
2026-08-06 14:20:17 head_to_head INFO game=537 side=P1 W  W-D-L=282-0-255  score=0.525  Elo(A-B)=+17 [-12, +47]  LLR=-0.080  continue
2026-08-06 14:20:24 head_to_head INFO game=538 side=P2 W  W-D-L=283-0-255  score=0.526  Elo(A-B)=+18 [-11, +47]  LLR=0.110  continue
2026-08-06 14:20:27 head_to_head INFO game=539 side=P1 L  W-D-L=283-0-256  score=0.525  Elo(A-B)=+17 [-12, +47]  LLR=0.109  continue
2026-08-06 14:20:36 head_to_head INFO game=540 side=P2 L  W-D-L=283-0-257  score=0.524  Elo(A-B)=+17 [-13, +46]  LLR=-0.099  continue
2026-08-06 14:20:37 head_to_head INFO game=541 side=P1 L  W-D-L=283-0-258  score=0.523  Elo(A-B)=+16 [-13, +45]  LLR=-0.099  continue
2026-08-06 14:20:40 head_to_head INFO game=542 side=P2 W  W-D-L=284-0-258  score=0.524  Elo(A-B)=+17 [-13, +46]  LLR=-0.109  continue
2026-08-06 14:20:41 head_to_head INFO game=543 side=P1 L  W-D-L=284-0-259  score=0.523  Elo(A-B)=+16 [-13, +45]  LLR=-0.109  continue
2026-08-06 14:20:43 head_to_head INFO game=544 side=P2 L  W-D-L=284-0-260  score=0.522  Elo(A-B)=+15 [-14, +45]  LLR=-0.318  continue
2026-08-06 14:20:45 head_to_head INFO game=545 side=P1 W  W-D-L=285-0-260  score=0.523  Elo(A-B)=+16 [-13, +45]  LLR=-0.317  continue
2026-08-06 14:20:48 head_to_head INFO game=546 side=P2 W  W-D-L=286-0-260  score=0.524  Elo(A-B)=+17 [-13, +46]  LLR=-0.129  continue
2026-08-06 14:21:02 head_to_head INFO game=547 side=P1 W  W-D-L=287-0-260  score=0.525  Elo(A-B)=+17 [-12, +46]  LLR=-0.128  continue
2026-08-06 14:21:04 head_to_head INFO game=548 side=P2 L  W-D-L=287-0-261  score=0.524  Elo(A-B)=+16 [-13, +46]  LLR=-0.138  continue
2026-08-06 14:21:07 head_to_head INFO game=549 side=P1 L  W-D-L=287-0-262  score=0.523  Elo(A-B)=+16 [-13, +45]  LLR=-0.139  continue
2026-08-06 14:21:08 head_to_head INFO game=550 side=P2 L  W-D-L=287-0-263  score=0.522  Elo(A-B)=+15 [-14, +44]  LLR=-0.347  continue
2026-08-06 14:21:09 head_to_head INFO game=551 side=P1 W  W-D-L=288-0-263  score=0.523  Elo(A-B)=+16 [-13, +45]  LLR=-0.345  continue
2026-08-06 14:21:19 head_to_head INFO game=552 side=P2 L  W-D-L=288-0-264  score=0.522  Elo(A-B)=+15 [-14, +44]  LLR=-0.355  continue
2026-08-06 14:21:27 head_to_head INFO game=553 side=P1 L  W-D-L=288-0-265  score=0.521  Elo(A-B)=+14 [-14, +43]  LLR=-0.356  continue
2026-08-06 14:21:31 head_to_head INFO game=554 side=P2 W  W-D-L=289-0-265  score=0.522  Elo(A-B)=+15 [-14, +44]  LLR=-0.366  continue
2026-08-06 14:21:35 head_to_head INFO game=555 side=P1 W  W-D-L=290-0-265  score=0.523  Elo(A-B)=+16 [-13, +45]  LLR=-0.367  continue
2026-08-06 14:21:40 head_to_head INFO game=556 side=P2 W  W-D-L=291-0-265  score=0.523  Elo(A-B)=+16 [-13, +45]  LLR=-0.179  continue
2026-08-06 14:21:42 head_to_head INFO game=557 side=P1 W  W-D-L=292-0-265  score=0.524  Elo(A-B)=+17 [-12, +46]  LLR=-0.178  continue
2026-08-06 14:21:44 head_to_head INFO game=558 side=P2 W  W-D-L=293-0-265  score=0.525  Elo(A-B)=+17 [-11, +46]  LLR=0.010  continue
2026-08-06 14:21:47 head_to_head INFO game=559 side=P1 L  W-D-L=293-0-266  score=0.524  Elo(A-B)=+17 [-12, +46]  LLR=0.010  continue
2026-08-06 14:21:52 head_to_head INFO game=560 side=P2 L  W-D-L=293-0-267  score=0.523  Elo(A-B)=+16 [-13, +45]  LLR=-0.197  continue
2026-08-06 14:21:57 head_to_head INFO game=561 side=P1 L  W-D-L=293-0-268  score=0.522  Elo(A-B)=+15 [-13, +44]  LLR=-0.197  continue
2026-08-06 14:22:11 head_to_head INFO game=562 side=P2 L  W-D-L=293-0-269  score=0.521  Elo(A-B)=+15 [-14, +44]  LLR=-0.403  continue
2026-08-06 14:22:18 head_to_head INFO game=563 side=P1 W  W-D-L=294-0-269  score=0.522  Elo(A-B)=+15 [-13, +44]  LLR=-0.401  continue
2026-08-06 14:22:22 head_to_head INFO game=564 side=P2 W  W-D-L=295-0-269  score=0.523  Elo(A-B)=+16 [-13, +45]  LLR=-0.215  continue
2026-08-06 14:22:25 head_to_head INFO game=565 side=P1 W  W-D-L=296-0-269  score=0.524  Elo(A-B)=+17 [-12, +45]  LLR=-0.215  continue
2026-08-06 14:22:28 head_to_head INFO game=566 side=P2 L  W-D-L=296-0-270  score=0.523  Elo(A-B)=+16 [-13, +45]  LLR=-0.225  continue
2026-08-06 14:22:31 head_to_head INFO game=567 side=P1 W  W-D-L=297-0-270  score=0.524  Elo(A-B)=+17 [-12, +45]  LLR=-0.225  continue
2026-08-06 14:22:33 head_to_head INFO game=568 side=P2 L  W-D-L=297-0-271  score=0.523  Elo(A-B)=+16 [-13, +44]  LLR=-0.235  continue
2026-08-06 14:22:38 head_to_head INFO game=569 side=P1 L  W-D-L=297-0-272  score=0.522  Elo(A-B)=+15 [-13, +44]  LLR=-0.236  continue
2026-08-06 14:22:41 head_to_head INFO game=570 side=P2 L  W-D-L=297-0-273  score=0.521  Elo(A-B)=+15 [-14, +43]  LLR=-0.443  continue
2026-08-06 14:22:45 head_to_head INFO game=571 side=P1 W  W-D-L=298-0-273  score=0.522  Elo(A-B)=+15 [-13, +44]  LLR=-0.441  continue
2026-08-06 14:22:48 head_to_head INFO game=572 side=P2 W  W-D-L=299-0-273  score=0.523  Elo(A-B)=+16 [-13, +44]  LLR=-0.255  continue
2026-08-06 14:23:12 head_to_head INFO game=573 side=P1 W  W-D-L=300-0-273  score=0.524  Elo(A-B)=+16 [-12, +45]  LLR=-0.254  continue
2026-08-06 14:23:14 head_to_head INFO game=574 side=P2 W  W-D-L=301-0-273  score=0.524  Elo(A-B)=+17 [-11, +45]  LLR=-0.068  continue
2026-08-06 14:23:17 head_to_head INFO game=575 side=P1 W  W-D-L=302-0-273  score=0.525  Elo(A-B)=+18 [-11, +46]  LLR=-0.068  continue
2026-08-06 14:23:21 head_to_head INFO game=576 side=P2 W  W-D-L=303-0-273  score=0.526  Elo(A-B)=+18 [-10, +46]  LLR=0.117  continue
2026-08-06 14:23:25 head_to_head INFO game=577 side=P1 L  W-D-L=303-0-274  score=0.525  Elo(A-B)=+17 [-11, +46]  LLR=0.117  continue
2026-08-06 14:23:33 head_to_head INFO game=578 side=P2 L  W-D-L=303-0-275  score=0.524  Elo(A-B)=+17 [-11, +45]  LLR=-0.087  continue
2026-08-06 14:23:40 head_to_head INFO game=579 side=P1 L  W-D-L=303-0-276  score=0.523  Elo(A-B)=+16 [-12, +45]  LLR=-0.087  continue
2026-08-06 14:23:43 head_to_head INFO game=580 side=P2 L  W-D-L=303-0-277  score=0.522  Elo(A-B)=+16 [-13, +44]  LLR=-0.290  continue
2026-08-06 14:23:48 head_to_head INFO game=581 side=P1 W  W-D-L=304-0-277  score=0.523  Elo(A-B)=+16 [-12, +44]  LLR=-0.289  continue
2026-08-06 14:23:59 head_to_head INFO game=582 side=P2 L  W-D-L=304-0-278  score=0.522  Elo(A-B)=+16 [-13, +44]  LLR=-0.299  continue
2026-08-06 14:24:00 head_to_head INFO game=583 side=P1 W  W-D-L=305-0-278  score=0.523  Elo(A-B)=+16 [-12, +44]  LLR=-0.300  continue
2026-08-06 14:24:01 head_to_head INFO game=584 side=P2 L  W-D-L=305-0-279  score=0.522  Elo(A-B)=+15 [-13, +44]  LLR=-0.310  continue
2026-08-06 14:24:01 head_to_head INFO game=585 side=P1 W  W-D-L=306-0-279  score=0.523  Elo(A-B)=+16 [-12, +44]  LLR=-0.311  continue
2026-08-06 14:24:14 head_to_head INFO game=586 side=P2 L  W-D-L=306-0-280  score=0.522  Elo(A-B)=+15 [-13, +44]  LLR=-0.320  continue
2026-08-06 14:24:16 head_to_head INFO game=587 side=P1 L  W-D-L=306-0-281  score=0.521  Elo(A-B)=+15 [-13, +43]  LLR=-0.321  continue
2026-08-06 14:24:17 head_to_head INFO game=588 side=P2 W  W-D-L=307-0-281  score=0.522  Elo(A-B)=+15 [-13, +43]  LLR=-0.331  continue
2026-08-06 14:24:24 head_to_head INFO game=589 side=P1 L  W-D-L=307-0-282  score=0.521  Elo(A-B)=+15 [-13, +43]  LLR=-0.332  continue
2026-08-06 14:24:27 head_to_head INFO game=590 side=P2 W  W-D-L=308-0-282  score=0.522  Elo(A-B)=+15 [-13, +43]  LLR=-0.342  continue
2026-08-06 14:24:34 head_to_head INFO game=591 side=P1 L  W-D-L=308-0-283  score=0.521  Elo(A-B)=+15 [-13, +43]  LLR=-0.343  continue
2026-08-06 14:24:40 head_to_head INFO game=592 side=P2 L  W-D-L=308-0-284  score=0.520  Elo(A-B)=+14 [-14, +42]  LLR=-0.549  continue
2026-08-06 14:24:45 head_to_head INFO game=593 side=P1 L  W-D-L=308-0-285  score=0.519  Elo(A-B)=+13 [-14, +41]  LLR=-0.547  continue
2026-08-06 14:24:47 head_to_head INFO game=594 side=P2 W  W-D-L=309-0-285  score=0.520  Elo(A-B)=+14 [-14, +42]  LLR=-0.557  continue
2026-08-06 14:24:49 head_to_head INFO game=595 side=P1 L  W-D-L=309-0-286  score=0.519  Elo(A-B)=+13 [-14, +41]  LLR=-0.559  continue
2026-08-06 14:24:52 head_to_head INFO game=596 side=P2 W  W-D-L=310-0-286  score=0.520  Elo(A-B)=+14 [-14, +42]  LLR=-0.568  continue
2026-08-06 14:24:54 head_to_head INFO game=597 side=P1 L  W-D-L=310-0-287  score=0.519  Elo(A-B)=+13 [-14, +41]  LLR=-0.570  continue
2026-08-06 14:24:56 head_to_head INFO game=598 side=P2 L  W-D-L=310-0-288  score=0.518  Elo(A-B)=+13 [-15, +41]  LLR=-0.777  continue
2026-08-06 14:24:58 head_to_head INFO game=599 side=P1 L  W-D-L=310-0-289  score=0.518  Elo(A-B)=+12 [-16, +40]  LLR=-0.774  continue
2026-08-06 14:25:17 head_to_head INFO game=600 side=P2 L  W-D-L=310-0-290  score=0.517  Elo(A-B)=+12 [-16, +39]  LLR=-0.980  continue
2026-08-06 14:25:23 head_to_head INFO game=601 side=P1 W  W-D-L=311-0-290  score=0.517  Elo(A-B)=+12 [-16, +40]  LLR=-0.976  continue
2026-08-06 14:25:33 head_to_head INFO game=602 side=P2 W  W-D-L=312-0-290  score=0.518  Elo(A-B)=+13 [-15, +40]  LLR=-0.791  continue
2026-08-06 14:25:35 head_to_head INFO game=603 side=P1 L  W-D-L=312-0-291  score=0.517  Elo(A-B)=+12 [-16, +40]  LLR=-0.789  continue
2026-08-06 14:25:40 head_to_head INFO game=604 side=P2 L  W-D-L=312-0-292  score=0.517  Elo(A-B)=+11 [-16, +39]  LLR=-0.993  continue
2026-08-06 14:25:45 head_to_head INFO game=605 side=P1 L  W-D-L=312-0-293  score=0.516  Elo(A-B)=+11 [-17, +39]  LLR=-0.989  continue
2026-08-06 14:25:52 head_to_head INFO game=606 side=P2 L  W-D-L=312-0-294  score=0.515  Elo(A-B)=+10 [-17, +38]  LLR=-1.193  continue
2026-08-06 14:25:55 head_to_head INFO game=607 side=P1 W  W-D-L=313-0-294  score=0.516  Elo(A-B)=+11 [-17, +39]  LLR=-1.189  continue
2026-08-06 14:25:59 head_to_head INFO game=608 side=P2 L  W-D-L=313-0-295  score=0.515  Elo(A-B)=+10 [-17, +38]  LLR=-1.199  continue
2026-08-06 14:26:01 head_to_head INFO game=609 side=P1 L  W-D-L=313-0-296  score=0.514  Elo(A-B)=+10 [-18, +37]  LLR=-1.203  continue
2026-08-06 14:26:08 head_to_head INFO game=610 side=P2 L  W-D-L=313-0-297  score=0.513  Elo(A-B)=+9 [-18, +37]  LLR=-1.406  continue
2026-08-06 14:26:09 head_to_head INFO game=611 side=P1 W  W-D-L=314-0-297  score=0.514  Elo(A-B)=+10 [-18, +37]  LLR=-1.401  continue
2026-08-06 14:26:13 head_to_head INFO game=612 side=P2 L  W-D-L=314-0-298  score=0.513  Elo(A-B)=+9 [-18, +37]  LLR=-1.411  continue
2026-08-06 14:26:16 head_to_head INFO game=613 side=P1 L  W-D-L=314-0-299  score=0.512  Elo(A-B)=+8 [-19, +36]  LLR=-1.416  continue
2026-08-06 14:26:18 head_to_head INFO game=614 side=P2 W  W-D-L=315-0-299  score=0.513  Elo(A-B)=+9 [-18, +37]  LLR=-1.425  continue
2026-08-06 14:26:23 head_to_head INFO game=615 side=P1 L  W-D-L=315-0-300  score=0.512  Elo(A-B)=+8 [-19, +36]  LLR=-1.430  continue
2026-08-06 14:26:26 head_to_head INFO game=616 side=P2 W  W-D-L=316-0-300  score=0.513  Elo(A-B)=+9 [-18, +36]  LLR=-1.440  continue
2026-08-06 14:26:27 head_to_head INFO game=617 side=P1 L  W-D-L=316-0-301  score=0.512  Elo(A-B)=+8 [-19, +36]  LLR=-1.444  continue
2026-08-06 14:26:29 head_to_head INFO game=618 side=P2 L  W-D-L=316-0-302  score=0.511  Elo(A-B)=+8 [-19, +35]  LLR=-1.649  continue
2026-08-06 14:26:30 head_to_head INFO game=619 side=P1 L  W-D-L=316-0-303  score=0.511  Elo(A-B)=+7 [-20, +35]  LLR=-1.644  continue
2026-08-06 14:26:31 head_to_head INFO game=620 side=P2 L  W-D-L=316-0-304  score=0.510  Elo(A-B)=+7 [-21, +34]  LLR=-1.848  continue
2026-08-06 14:26:48 head_to_head INFO game=621 side=P1 L  W-D-L=316-0-305  score=0.509  Elo(A-B)=+6 [-21, +33]  LLR=-1.842  continue
2026-08-06 14:26:50 head_to_head INFO game=622 side=P2 L  W-D-L=316-0-306  score=0.508  Elo(A-B)=+6 [-22, +33]  LLR=-2.046  continue
2026-08-06 14:26:52 head_to_head INFO game=623 side=P1 L  W-D-L=316-0-307  score=0.507  Elo(A-B)=+5 [-22, +32]  LLR=-2.039  continue
2026-08-06 14:26:55 head_to_head INFO game=624 side=P2 L  W-D-L=316-0-308  score=0.506  Elo(A-B)=+4 [-23, +32]  LLR=-2.242  continue
2026-08-06 14:26:59 head_to_head INFO game=625 side=P1 L  W-D-L=316-0-309  score=0.506  Elo(A-B)=+4 [-23, +31]  LLR=-2.235  continue
2026-08-06 14:27:01 head_to_head INFO game=626 side=P2 W  W-D-L=317-0-309  score=0.506  Elo(A-B)=+4 [-23, +32]  LLR=-2.244  continue
2026-08-06 14:27:03 head_to_head INFO game=627 side=P1 L  W-D-L=317-0-310  score=0.506  Elo(A-B)=+4 [-23, +31]  LLR=-2.252  continue
2026-08-06 14:27:06 head_to_head INFO game=628 side=P2 W  W-D-L=318-0-310  score=0.506  Elo(A-B)=+4 [-23, +32]  LLR=-2.261  continue
2026-08-06 14:27:08 head_to_head INFO game=629 side=P1 W  W-D-L=319-0-310  score=0.507  Elo(A-B)=+5 [-22, +32]  LLR=-2.268  continue
2026-08-06 14:27:13 head_to_head INFO game=630 side=P2 L  W-D-L=319-0-311  score=0.506  Elo(A-B)=+4 [-23, +32]  LLR=-2.278  continue
2026-08-06 14:27:17 head_to_head INFO game=631 side=P1 W  W-D-L=320-0-311  score=0.507  Elo(A-B)=+5 [-22, +32]  LLR=-2.285  continue
2026-08-06 14:27:25 head_to_head INFO game=632 side=P2 L  W-D-L=320-0-312  score=0.506  Elo(A-B)=+4 [-23, +31]  LLR=-2.295  continue
2026-08-06 14:27:28 head_to_head INFO game=633 side=P1 L  W-D-L=320-0-313  score=0.506  Elo(A-B)=+4 [-23, +31]  LLR=-2.302  continue
2026-08-06 14:27:32 head_to_head INFO game=634 side=P2 W  W-D-L=321-0-313  score=0.506  Elo(A-B)=+4 [-23, +31]  LLR=-2.312  continue
2026-08-06 14:27:35 head_to_head INFO game=635 side=P1 W  W-D-L=322-0-313  score=0.507  Elo(A-B)=+5 [-22, +32]  LLR=-2.320  continue
2026-08-06 14:27:40 head_to_head INFO game=636 side=P2 L  W-D-L=322-0-314  score=0.506  Elo(A-B)=+4 [-23, +31]  LLR=-2.329  continue
2026-08-06 14:27:49 head_to_head INFO game=637 side=P1 L  W-D-L=322-0-315  score=0.505  Elo(A-B)=+4 [-23, +31]  LLR=-2.337  continue
2026-08-06 14:27:55 head_to_head INFO game=638 side=P2 L  W-D-L=322-0-316  score=0.505  Elo(A-B)=+3 [-24, +30]  LLR=-2.543  continue
2026-08-06 14:28:01 head_to_head INFO game=639 side=P1 L  W-D-L=322-0-317  score=0.504  Elo(A-B)=+3 [-24, +30]  LLR=-2.535  continue
2026-08-06 14:28:06 head_to_head INFO game=640 side=P2 W  W-D-L=323-0-317  score=0.505  Elo(A-B)=+3 [-24, +30]  LLR=-2.545  continue
2026-08-06 14:28:07 head_to_head INFO game=641 side=P1 W  W-D-L=324-0-317  score=0.505  Elo(A-B)=+4 [-23, +31]  LLR=-2.553  continue
2026-08-06 14:28:09 head_to_head INFO game=642 side=P2 L  W-D-L=324-0-318  score=0.505  Elo(A-B)=+3 [-24, +30]  LLR=-2.562  continue
2026-08-06 14:28:10 head_to_head INFO game=643 side=P1 W  W-D-L=325-0-318  score=0.505  Elo(A-B)=+4 [-23, +31]  LLR=-2.570  continue
2026-08-06 14:28:16 head_to_head INFO game=644 side=P2 W  W-D-L=326-0-318  score=0.506  Elo(A-B)=+4 [-22, +31]  LLR=-2.383  continue
2026-08-06 14:28:22 head_to_head INFO game=645 side=P1 L  W-D-L=326-0-319  score=0.505  Elo(A-B)=+4 [-23, +31]  LLR=-2.376  continue
2026-08-06 14:28:34 head_to_head INFO game=646 side=P2 L  W-D-L=326-0-320  score=0.505  Elo(A-B)=+3 [-24, +30]  LLR=-2.583  continue
2026-08-06 14:28:39 head_to_head INFO game=647 side=P1 W  W-D-L=327-0-320  score=0.505  Elo(A-B)=+4 [-23, +31]  LLR=-2.575  continue
2026-08-06 14:28:40 head_to_head INFO game=648 side=P2 W  W-D-L=328-0-320  score=0.506  Elo(A-B)=+4 [-22, +31]  LLR=-2.389  continue
2026-08-06 14:28:48 head_to_head INFO game=649 side=P1 L  W-D-L=328-0-321  score=0.505  Elo(A-B)=+4 [-23, +30]  LLR=-2.382  continue
2026-08-06 14:28:52 head_to_head INFO game=650 side=P2 L  W-D-L=328-0-322  score=0.505  Elo(A-B)=+3 [-23, +30]  LLR=-2.587  continue
2026-08-06 14:28:54 head_to_head INFO game=651 side=P1 W  W-D-L=329-0-322  score=0.505  Elo(A-B)=+4 [-23, +30]  LLR=-2.579  continue
2026-08-06 14:28:55 head_to_head INFO game=652 side=P2 W  W-D-L=330-0-322  score=0.506  Elo(A-B)=+4 [-22, +31]  LLR=-2.394  continue
2026-08-06 14:28:59 head_to_head INFO game=653 side=P1 W  W-D-L=331-0-322  score=0.507  Elo(A-B)=+5 [-22, +31]  LLR=-2.387  continue
2026-08-06 14:29:01 head_to_head INFO game=654 side=P2 W  W-D-L=332-0-322  score=0.508  Elo(A-B)=+5 [-21, +32]  LLR=-2.203  continue
2026-08-06 14:29:11 head_to_head INFO game=655 side=P1 L  W-D-L=332-0-323  score=0.507  Elo(A-B)=+5 [-22, +31]  LLR=-2.197  continue
2026-08-06 14:29:13 head_to_head INFO game=656 side=P2 W  W-D-L=333-0-323  score=0.508  Elo(A-B)=+5 [-21, +32]  LLR=-2.207  continue
2026-08-06 14:29:16 head_to_head INFO game=657 side=P1 W  W-D-L=334-0-323  score=0.508  Elo(A-B)=+6 [-21, +32]  LLR=-2.214  continue
2026-08-06 14:29:31 head_to_head INFO game=658 side=P2 L  W-D-L=334-0-324  score=0.508  Elo(A-B)=+5 [-21, +32]  LLR=-2.223  continue
2026-08-06 14:29:36 head_to_head INFO game=659 side=P1 L  W-D-L=334-0-325  score=0.507  Elo(A-B)=+5 [-22, +31]  LLR=-2.230  continue
2026-08-06 14:29:41 head_to_head INFO game=660 side=P2 W  W-D-L=335-0-325  score=0.508  Elo(A-B)=+5 [-21, +32]  LLR=-2.240  continue
2026-08-06 14:29:42 head_to_head INFO game=661 side=P1 W  W-D-L=336-0-325  score=0.508  Elo(A-B)=+6 [-21, +32]  LLR=-2.247  continue
2026-08-06 14:29:44 head_to_head INFO game=662 side=P2 L  W-D-L=336-0-326  score=0.508  Elo(A-B)=+5 [-21, +32]  LLR=-2.256  continue
2026-08-06 14:29:45 head_to_head INFO game=663 side=P1 W  W-D-L=337-0-326  score=0.508  Elo(A-B)=+6 [-21, +32]  LLR=-2.263  continue
2026-08-06 14:29:47 head_to_head INFO game=664 side=P2 W  W-D-L=338-0-326  score=0.509  Elo(A-B)=+6 [-20, +33]  LLR=-2.077  continue
2026-08-06 14:29:50 head_to_head INFO game=665 side=P1 L  W-D-L=338-0-327  score=0.508  Elo(A-B)=+6 [-21, +32]  LLR=-2.071  continue
2026-08-06 14:29:55 head_to_head INFO game=666 side=P2 W  W-D-L=339-0-327  score=0.509  Elo(A-B)=+6 [-20, +33]  LLR=-2.081  continue
2026-08-06 14:29:58 head_to_head INFO game=667 side=P1 L  W-D-L=339-0-328  score=0.508  Elo(A-B)=+6 [-21, +32]  LLR=-2.087  continue
2026-08-06 14:30:01 head_to_head INFO game=668 side=P2 W  W-D-L=340-0-328  score=0.509  Elo(A-B)=+6 [-20, +33]  LLR=-2.097  continue
2026-08-06 14:30:04 head_to_head INFO game=669 side=P1 W  W-D-L=341-0-328  score=0.510  Elo(A-B)=+7 [-20, +33]  LLR=-2.104  continue
2026-08-06 14:30:12 head_to_head INFO game=670 side=P2 L  W-D-L=341-0-329  score=0.509  Elo(A-B)=+6 [-20, +33]  LLR=-2.113  continue
2026-08-06 14:30:15 head_to_head INFO game=671 side=P1 L  W-D-L=341-0-330  score=0.508  Elo(A-B)=+6 [-21, +32]  LLR=-2.120  continue
2026-08-06 14:30:19 head_to_head INFO game=672 side=P2 W  W-D-L=342-0-330  score=0.509  Elo(A-B)=+6 [-20, +32]  LLR=-2.130  continue
2026-08-06 14:30:40 head_to_head INFO game=673 side=P1 L  W-D-L=342-0-331  score=0.508  Elo(A-B)=+6 [-21, +32]  LLR=-2.136  continue
2026-08-06 14:30:41 head_to_head INFO game=674 side=P2 W  W-D-L=343-0-331  score=0.509  Elo(A-B)=+6 [-20, +32]  LLR=-2.146  continue
2026-08-06 14:30:44 head_to_head INFO game=675 side=P1 L  W-D-L=343-0-332  score=0.508  Elo(A-B)=+6 [-21, +32]  LLR=-2.152  continue
2026-08-06 14:30:50 head_to_head INFO game=676 side=P2 L  W-D-L=343-0-333  score=0.507  Elo(A-B)=+5 [-21, +31]  LLR=-2.360  continue
2026-08-06 14:30:53 head_to_head INFO game=677 side=P1 W  W-D-L=344-0-333  score=0.508  Elo(A-B)=+6 [-21, +32]  LLR=-2.353  continue
2026-08-06 14:30:56 head_to_head INFO game=678 side=P2 L  W-D-L=344-0-334  score=0.507  Elo(A-B)=+5 [-21, +31]  LLR=-2.363  continue
2026-08-06 14:31:01 head_to_head INFO game=679 side=P1 L  W-D-L=344-0-335  score=0.507  Elo(A-B)=+5 [-22, +31]  LLR=-2.370  continue
2026-08-06 14:31:07 head_to_head INFO game=680 side=P2 L  W-D-L=344-0-336  score=0.506  Elo(A-B)=+4 [-22, +30]  LLR=-2.578  continue
2026-08-06 14:31:09 head_to_head INFO game=681 side=P1 L  W-D-L=344-0-337  score=0.505  Elo(A-B)=+4 [-23, +30]  LLR=-2.570  continue
2026-08-06 14:31:14 head_to_head INFO game=682 side=P2 L  W-D-L=344-0-338  score=0.504  Elo(A-B)=+3 [-23, +29]  LLR=-2.778  continue
2026-08-06 14:31:19 head_to_head INFO game=683 side=P1 L  W-D-L=344-0-339  score=0.504  Elo(A-B)=+3 [-23, +29]  LLR=-2.770  continue
2026-08-06 14:31:23 head_to_head INFO game=684 side=P2 W  W-D-L=345-0-339  score=0.504  Elo(A-B)=+3 [-23, +29]  LLR=-2.780  continue
2026-08-06 14:31:26 head_to_head INFO game=685 side=P1 L  W-D-L=345-0-340  score=0.504  Elo(A-B)=+3 [-23, +29]  LLR=-2.788  continue
2026-08-06 14:31:40 head_to_head INFO game=686 side=P2 W  W-D-L=346-0-340  score=0.504  Elo(A-B)=+3 [-23, +29]  LLR=-2.798  continue
2026-08-06 14:31:42 head_to_head INFO game=687 side=P1 L  W-D-L=346-0-341  score=0.504  Elo(A-B)=+3 [-23, +28]  LLR=-2.806  continue
2026-08-06 14:31:44 head_to_head INFO game=688 side=P2 L  W-D-L=346-0-342  score=0.503  Elo(A-B)=+2 [-24, +28]  LLR=-3.014  reject_h1
2026-08-06 14:31:44 head_to_head INFO ==============================================================================
2026-08-06 14:31:44 head_to_head INFO Final: B is at least as strong as A (reject H1 at LLR=-3.014)
2026-08-06 14:31:44 head_to_head INFO Games=688  W-D-L=346-0-342  score=0.503  LLR=-3.014
2026-08-06 14:31:44 head_to_head INFO Elo(A-B) = +2   (95% CI: [-24, +28]; Wilson on score [0.466, 0.540])
2026-08-06 14:31:44 head_to_head INFO ==============================================================================
2026-08-06 14:31:44 head_to_head INFO Games: mode=openings  frac_unique_game=1.000  mean_len=69.6 p10_len=36.0 min_len=20.0
2026-08-06 14:31:44 head_to_head INFO Openings: plies=8 T=0.5 gen=alternate  frac_unique_opening=1.000  refuted=0.00 p2_dist=3.0 (A-gen 66.9 / B-gen 72.3)
2026-08-06 14:31:44 head_to_head INFO ==============================================================================

Script done on 2026-08-06 14:31:45+01:00 [COMMAND_EXIT_CODE="0"]
