Script started on 2026-08-06 13:03:46+01:00 [COMMAND=".venv/bin/hexo-a0 head-to-head --checkpoint-a runs/klent/axis-gine/s4-from-d6-qhead-tau16-alpha001-from10/checkpoints/final.pt --checkpoint-b runs/klent/axis-gine/s4-from-d6-qhead-tau16-from10/checkpoints/final.pt --win-length 6 --radius 8 --max-moves 1000 --mcts-sims 64 --mcts-m-actions 16 --device cuda --sprt-s0 0.50 --sprt-s1 0.55 --sprt-alpha 0.05 --sprt-beta 0.05 --window-size 0 --max-games 1000 --seed 20260806 --state-file artifacts/klent-head-to-head/gpu-alpha001-vs-alpha003-tau16-20260806.json --opening-plies 8 --opening-generator alternate --opening-temperature 0.5" TERM="xterm-256color" TTY="/dev/pts/2" COLUMNS="80" LINES="24"]
(null): No such file or directory
2026-08-06 13:03:53 head_to_head INFO ==============================================================================
2026-08-06 13:03:53 head_to_head INFO Head-to-head match: A vs B
2026-08-06 13:03:53 head_to_head INFO   A: runs/klent/axis-gine/s4-from-d6-qhead-tau16-alpha001-from10/checkpoints/final.pt
2026-08-06 13:03:53 head_to_head INFO      train_steps=20  graph=axis conv=gine layers=4 hidden=128 heads=8 jk=True
2026-08-06 13:03:53 head_to_head INFO   B: runs/klent/axis-gine/s4-from-d6-qhead-tau16-from10/checkpoints/final.pt
2026-08-06 13:03:53 head_to_head INFO      train_steps=20  graph=axis conv=gine layers=4 hidden=128 heads=8 jk=True
2026-08-06 13:03:53 head_to_head INFO Game: win_length=6 radius=8 max_moves=1000
2026-08-06 13:03:53 head_to_head INFO MCTS: sims=64 m_actions=16 device=cuda  capture_k A=0 B=0  vl A=0 B=0
2026-08-06 13:03:53 head_to_head INFO Forcing: root A=on B=on depth=default root_budget=default leaf_budget A=0 B=0 leaf_width A=wide B=wide leaf_order A=legacy B=legacy leaf_windows A=legacy B=legacy
2026-08-06 13:03:53 head_to_head INFO SPRT: s0=0.500 s1=0.550 alpha=0.050 beta=0.050  bounds [-2.944, 2.944]
2026-08-06 13:03:53 head_to_head INFO Max games: 1000   pentanomial=True (pair_variance clamped to [0.05, 0.65])
2026-08-06 13:03:53 head_to_head INFO State file: artifacts/klent-head-to-head/gpu-alpha001-vs-alpha003-tau16-20260806.json
2026-08-06 13:03:53 head_to_head INFO ==============================================================================
2026-08-06 13:03:56 head_to_head INFO game=1 side=P1 W  W-D-L=1-0-0  score=1.000  Elo(A-B)=+191 [-234, +2400]  LLR=0.000  continue
2026-08-06 13:03:57 head_to_head INFO game=2 side=P2 W  W-D-L=2-0-0  score=1.000  Elo(A-B)=+280 [-113, +2400]  LLR=0.271  continue
2026-08-06 13:04:26 head_to_head INFO game=3 side=P1 L  W-D-L=2-0-1  score=0.667  Elo(A-B)=+89 [-233, +473]  LLR=0.271  continue
2026-08-06 13:04:44 head_to_head INFO game=4 side=P2 L  W-D-L=2-0-2  score=0.500  Elo(A-B)=-0 [-301, +301]  LLR=-0.029  continue
2026-08-06 13:04:47 head_to_head INFO game=5 side=P1 W  W-D-L=3-0-2  score=0.600  Elo(A-B)=+58 [-209, +350]  LLR=-0.015  continue
2026-08-06 13:04:48 head_to_head INFO game=6 side=P2 W  W-D-L=4-0-2  score=0.667  Elo(A-B)=+102 [-147, +388]  LLR=0.131  continue
2026-08-06 13:04:50 head_to_head INFO game=7 side=P1 W  W-D-L=5-0-2  score=0.714  Elo(A-B)=+137 [-101, +419]  LLR=0.131  continue
2026-08-06 13:04:56 head_to_head INFO game=8 side=P2 W  W-D-L=6-0-2  score=0.750  Elo(A-B)=+166 [-64, +445]  LLR=0.277  continue
2026-08-06 13:04:59 head_to_head INFO game=9 side=P1 L  W-D-L=6-0-3  score=0.667  Elo(A-B)=+108 [-104, +345]  LLR=0.277  continue
2026-08-06 13:05:00 head_to_head INFO game=10 side=P2 W  W-D-L=7-0-3  score=0.700  Elo(A-B)=+132 [-73, +367]  LLR=0.269  continue
2026-08-06 13:05:02 head_to_head INFO game=11 side=P1 L  W-D-L=7-0-4  score=0.636  Elo(A-B)=+89 [-105, +299]  LLR=0.273  continue
2026-08-06 13:05:10 head_to_head INFO game=12 side=P2 L  W-D-L=7-0-5  score=0.583  Elo(A-B)=+54 [-131, +248]  LLR=0.109  continue
2026-08-06 13:05:19 head_to_head INFO game=13 side=P1 L  W-D-L=7-0-6  score=0.538  Elo(A-B)=+25 [-154, +208]  LLR=0.108  continue
2026-08-06 13:05:27 head_to_head INFO game=14 side=P2 L  W-D-L=7-0-7  score=0.500  Elo(A-B)=-0 [-175, +175]  LLR=-0.054  continue
2026-08-06 13:05:30 head_to_head INFO game=15 side=P1 L  W-D-L=7-0-8  score=0.467  Elo(A-B)=-22 [-193, +146]  LLR=-0.054  continue
2026-08-06 13:05:32 head_to_head INFO game=16 side=P2 W  W-D-L=8-0-8  score=0.500  Elo(A-B)=-0 [-164, +164]  LLR=-0.062  continue
2026-08-06 13:05:33 head_to_head INFO game=17 side=P1 W  W-D-L=9-0-8  score=0.529  Elo(A-B)=+19 [-139, +180]  LLR=-0.062  continue
2026-08-06 13:05:35 head_to_head INFO game=18 side=P2 L  W-D-L=9-0-9  score=0.500  Elo(A-B)=-0 [-155, +155]  LLR=-0.069  continue
2026-08-06 13:05:37 head_to_head INFO game=19 side=P1 W  W-D-L=10-0-9  score=0.526  Elo(A-B)=+17 [-133, +170]  LLR=-0.069  continue
2026-08-06 13:05:39 head_to_head INFO game=20 side=P2 W  W-D-L=11-0-9  score=0.550  Elo(A-B)=+33 [-114, +183]  LLR=0.077  continue
2026-08-06 13:05:44 head_to_head INFO game=21 side=P1 W  W-D-L=12-0-9  score=0.571  Elo(A-B)=+48 [-96, +196]  LLR=0.077  continue
2026-08-06 13:05:45 head_to_head INFO game=22 side=P2 L  W-D-L=12-0-10  score=0.545  Elo(A-B)=+30 [-110, +173]  LLR=0.069  continue
2026-08-06 13:05:49 head_to_head INFO game=23 side=P1 L  W-D-L=12-0-11  score=0.522  Elo(A-B)=+14 [-123, +154]  LLR=0.072  continue
2026-08-06 13:05:50 head_to_head INFO game=24 side=P2 W  W-D-L=13-0-11  score=0.542  Elo(A-B)=+28 [-107, +165]  LLR=0.064  continue
2026-08-06 13:05:58 head_to_head INFO game=25 side=P1 L  W-D-L=13-0-12  score=0.520  Elo(A-B)=+13 [-119, +147]  LLR=0.069  continue
2026-08-06 13:06:03 head_to_head INFO game=26 side=P2 W  W-D-L=14-0-12  score=0.538  Elo(A-B)=+26 [-104, +158]  LLR=0.061  continue
2026-08-06 13:06:05 head_to_head INFO game=27 side=P1 W  W-D-L=15-0-12  score=0.556  Elo(A-B)=+37 [-90, +168]  LLR=0.066  continue
2026-08-06 13:06:05 head_to_head INFO game=28 side=P2 W  W-D-L=16-0-12  score=0.571  Elo(A-B)=+48 [-77, +177]  LLR=0.244  continue
2026-08-06 13:06:07 head_to_head INFO game=29 side=P1 W  W-D-L=17-0-12  score=0.586  Elo(A-B)=+58 [-65, +186]  LLR=0.236  continue
2026-08-06 13:06:10 head_to_head INFO game=30 side=P2 W  W-D-L=18-0-12  score=0.600  Elo(A-B)=+68 [-54, +195]  LLR=0.408  continue
2026-08-06 13:06:12 head_to_head INFO game=31 side=P1 W  W-D-L=19-0-12  score=0.613  Elo(A-B)=+77 [-43, +203]  LLR=0.402  continue
2026-08-06 13:06:16 head_to_head INFO game=32 side=P2 W  W-D-L=20-0-12  score=0.625  Elo(A-B)=+86 [-33, +211]  LLR=0.571  continue
2026-08-06 13:06:26 head_to_head INFO game=33 side=P1 L  W-D-L=20-0-13  score=0.606  Elo(A-B)=+73 [-44, +194]  LLR=0.569  continue
2026-08-06 13:06:27 head_to_head INFO game=34 side=P2 W  W-D-L=21-0-13  score=0.618  Elo(A-B)=+81 [-35, +201]  LLR=0.560  continue
2026-08-06 13:06:28 head_to_head INFO game=35 side=P1 W  W-D-L=22-0-13  score=0.629  Elo(A-B)=+89 [-26, +208]  LLR=0.591  continue
2026-08-06 13:06:29 head_to_head INFO game=36 side=P2 L  W-D-L=22-0-14  score=0.611  Elo(A-B)=+76 [-36, +193]  LLR=0.582  continue
2026-08-06 13:06:33 head_to_head INFO game=37 side=P1 W  W-D-L=23-0-14  score=0.622  Elo(A-B)=+84 [-27, +200]  LLR=0.612  continue
2026-08-06 13:06:35 head_to_head INFO game=38 side=P2 W  W-D-L=24-0-14  score=0.632  Elo(A-B)=+91 [-19, +206]  LLR=0.800  continue
2026-08-06 13:06:43 head_to_head INFO game=39 side=P1 L  W-D-L=24-0-15  score=0.615  Elo(A-B)=+80 [-29, +192]  LLR=0.795  continue
2026-08-06 13:06:47 head_to_head INFO game=40 side=P2 W  W-D-L=25-0-15  score=0.625  Elo(A-B)=+86 [-21, +198]  LLR=0.785  continue
2026-08-06 13:06:48 head_to_head INFO game=41 side=P1 L  W-D-L=25-0-16  score=0.610  Elo(A-B)=+76 [-30, +185]  LLR=0.821  continue
2026-08-06 13:06:50 head_to_head INFO game=42 side=P2 W  W-D-L=26-0-16  score=0.619  Elo(A-B)=+82 [-22, +191]  LLR=0.810  continue
2026-08-06 13:06:52 head_to_head INFO game=43 side=P1 W  W-D-L=27-0-16  score=0.628  Elo(A-B)=+89 [-15, +197]  LLR=0.846  continue
2026-08-06 13:06:54 head_to_head INFO game=44 side=P2 W  W-D-L=28-0-16  score=0.636  Elo(A-B)=+95 [-8, +202]  LLR=1.049  continue
2026-08-06 13:07:02 head_to_head INFO game=45 side=P1 L  W-D-L=28-0-17  score=0.622  Elo(A-B)=+85 [-16, +190]  LLR=1.040  continue
2026-08-06 13:07:04 head_to_head INFO game=46 side=P2 W  W-D-L=29-0-17  score=0.630  Elo(A-B)=+91 [-10, +195]  LLR=1.030  continue
2026-08-06 13:07:07 head_to_head INFO game=47 side=P1 W  W-D-L=30-0-17  score=0.638  Elo(A-B)=+97 [-3, +201]  LLR=1.069  continue
2026-08-06 13:07:11 head_to_head INFO game=48 side=P2 W  W-D-L=31-0-17  score=0.646  Elo(A-B)=+102 [+3, +206]  LLR=1.278  continue
2026-08-06 13:07:13 head_to_head INFO game=49 side=P1 W  W-D-L=32-0-17  score=0.653  Elo(A-B)=+108 [+9, +211]  LLR=1.270  continue
2026-08-06 13:07:14 head_to_head INFO game=50 side=P2 W  W-D-L=33-0-17  score=0.660  Elo(A-B)=+113 [+15, +215]  LLR=1.478  continue
2026-08-06 13:07:16 head_to_head INFO game=51 side=P1 W  W-D-L=34-0-17  score=0.667  Elo(A-B)=+118 [+21, +220]  LLR=1.475  continue
2026-08-06 13:07:19 head_to_head INFO game=52 side=P2 L  W-D-L=34-0-18  score=0.654  Elo(A-B)=+108 [+13, +208]  LLR=1.464  continue
2026-08-06 13:07:23 head_to_head INFO game=53 side=P1 W  W-D-L=35-0-18  score=0.660  Elo(A-B)=+113 [+18, +213]  LLR=1.510  continue
2026-08-06 13:07:25 head_to_head INFO game=54 side=P2 L  W-D-L=35-0-19  score=0.648  Elo(A-B)=+104 [+10, +202]  LLR=1.498  continue
2026-08-06 13:07:29 head_to_head INFO game=55 side=P1 W  W-D-L=36-0-19  score=0.655  Elo(A-B)=+109 [+16, +206]  LLR=1.544  continue
2026-08-06 13:07:31 head_to_head INFO game=56 side=P2 W  W-D-L=37-0-19  score=0.661  Elo(A-B)=+114 [+21, +211]  LLR=1.764  continue
2026-08-06 13:07:32 head_to_head INFO game=57 side=P1 W  W-D-L=38-0-19  score=0.667  Elo(A-B)=+118 [+26, +215]  LLR=1.758  continue
2026-08-06 13:07:33 head_to_head INFO game=58 side=P2 W  W-D-L=39-0-19  score=0.672  Elo(A-B)=+123 [+31, +219]  LLR=1.977  continue
2026-08-06 13:07:38 head_to_head INFO game=59 side=P1 L  W-D-L=39-0-20  score=0.661  Elo(A-B)=+114 [+23, +209]  LLR=1.975  continue
2026-08-06 13:07:44 head_to_head INFO game=60 side=P2 L  W-D-L=39-0-21  score=0.650  Elo(A-B)=+106 [+16, +199]  LLR=1.733  continue
2026-08-06 13:07:45 head_to_head INFO game=61 side=P1 L  W-D-L=39-0-22  score=0.639  Elo(A-B)=+98 [+10, +189]  LLR=1.573  continue
2026-08-06 13:07:46 head_to_head INFO game=62 side=P2 W  W-D-L=40-0-22  score=0.645  Elo(A-B)=+102 [+14, +193]  LLR=1.563  continue
2026-08-06 13:07:47 head_to_head INFO game=63 side=P1 L  W-D-L=40-0-23  score=0.635  Elo(A-B)=+95 [+8, +184]  LLR=1.605  continue
2026-08-06 13:07:49 head_to_head INFO game=64 side=P2 W  W-D-L=41-0-23  score=0.641  Elo(A-B)=+99 [+13, +188]  LLR=1.594  continue
2026-08-06 13:07:50 head_to_head INFO game=65 side=P1 W  W-D-L=42-0-23  score=0.646  Elo(A-B)=+103 [+17, +192]  LLR=1.637  continue
2026-08-06 13:07:52 head_to_head INFO game=66 side=P2 W  W-D-L=43-0-23  score=0.652  Elo(A-B)=+107 [+22, +196]  LLR=1.847  continue
2026-08-06 13:07:57 head_to_head INFO game=67 side=P1 L  W-D-L=43-0-24  score=0.642  Elo(A-B)=+100 [+15, +187]  LLR=1.841  continue
2026-08-06 13:07:59 head_to_head INFO game=68 side=P2 W  W-D-L=44-0-24  score=0.647  Elo(A-B)=+104 [+20, +191]  LLR=1.830  continue
2026-08-06 13:08:02 head_to_head INFO game=69 side=P1 W  W-D-L=45-0-24  score=0.652  Elo(A-B)=+108 [+24, +194]  LLR=1.874  continue
2026-08-06 13:08:04 head_to_head INFO game=70 side=P2 W  W-D-L=46-0-24  score=0.657  Elo(A-B)=+111 [+28, +198]  LLR=2.088  continue
2026-08-06 13:08:05 head_to_head INFO game=71 side=P1 W  W-D-L=47-0-24  score=0.662  Elo(A-B)=+115 [+32, +201]  LLR=2.083  continue
2026-08-06 13:08:08 head_to_head INFO game=72 side=P2 W  W-D-L=48-0-24  score=0.667  Elo(A-B)=+119 [+36, +205]  LLR=2.297  continue
2026-08-06 13:08:09 head_to_head INFO game=73 side=P1 L  W-D-L=48-0-25  score=0.658  Elo(A-B)=+112 [+30, +197]  LLR=2.295  continue
2026-08-06 13:08:22 head_to_head INFO game=74 side=P2 W  W-D-L=49-0-25  score=0.662  Elo(A-B)=+115 [+34, +200]  LLR=2.284  continue
2026-08-06 13:08:24 head_to_head INFO game=75 side=P1 L  W-D-L=49-0-26  score=0.653  Elo(A-B)=+109 [+28, +192]  LLR=2.331  continue
2026-08-06 13:08:30 head_to_head INFO game=76 side=P2 W  W-D-L=50-0-26  score=0.658  Elo(A-B)=+112 [+32, +195]  LLR=2.320  continue
2026-08-06 13:08:32 head_to_head INFO game=77 side=P1 W  W-D-L=51-0-26  score=0.662  Elo(A-B)=+115 [+36, +198]  LLR=2.368  continue
2026-08-06 13:08:44 head_to_head INFO game=78 side=P2 L  W-D-L=51-0-27  score=0.654  Elo(A-B)=+109 [+30, +191]  LLR=2.356  continue
2026-08-06 13:08:46 head_to_head INFO game=79 side=P1 W  W-D-L=52-0-27  score=0.658  Elo(A-B)=+112 [+34, +194]  LLR=2.403  continue
2026-08-06 13:08:50 head_to_head INFO game=80 side=P2 W  W-D-L=53-0-27  score=0.662  Elo(A-B)=+116 [+37, +197]  LLR=2.631  continue
2026-08-06 13:08:57 head_to_head INFO game=81 side=P1 L  W-D-L=53-0-28  score=0.654  Elo(A-B)=+109 [+32, +190]  LLR=2.623  continue
2026-08-06 13:09:01 head_to_head INFO game=82 side=P2 L  W-D-L=53-0-29  score=0.646  Elo(A-B)=+103 [+27, +183]  LLR=2.373  continue
2026-08-06 13:09:03 head_to_head INFO game=83 side=P1 W  W-D-L=54-0-29  score=0.651  Elo(A-B)=+107 [+30, +186]  LLR=2.207  continue
2026-08-06 13:09:05 head_to_head INFO game=84 side=P2 L  W-D-L=54-0-30  score=0.643  Elo(A-B)=+101 [+25, +179]  LLR=2.196  continue
2026-08-06 13:09:08 head_to_head INFO game=85 side=P1 W  W-D-L=55-0-30  score=0.647  Elo(A-B)=+104 [+29, +182]  LLR=2.239  continue
2026-08-06 13:09:09 head_to_head INFO game=86 side=P2 W  W-D-L=56-0-30  score=0.651  Elo(A-B)=+107 [+32, +185]  LLR=2.454  continue
2026-08-06 13:09:10 head_to_head INFO game=87 side=P1 W  W-D-L=57-0-30  score=0.655  Elo(A-B)=+110 [+35, +188]  LLR=2.447  continue
2026-08-06 13:09:12 head_to_head INFO game=88 side=P2 L  W-D-L=57-0-31  score=0.648  Elo(A-B)=+105 [+30, +181]  LLR=2.435  continue
2026-08-06 13:09:12 head_to_head INFO game=89 side=P1 W  W-D-L=58-0-31  score=0.652  Elo(A-B)=+108 [+34, +184]  LLR=2.480  continue
2026-08-06 13:09:13 head_to_head INFO game=90 side=P2 L  W-D-L=58-0-32  score=0.644  Elo(A-B)=+102 [+29, +178]  LLR=2.469  continue
2026-08-06 13:09:16 head_to_head INFO game=91 side=P1 L  W-D-L=58-0-33  score=0.637  Elo(A-B)=+97 [+24, +172]  LLR=2.514  continue
2026-08-06 13:09:25 head_to_head INFO game=92 side=P2 W  W-D-L=59-0-33  score=0.641  Elo(A-B)=+100 [+27, +174]  LLR=2.502  continue
2026-08-06 13:09:32 head_to_head INFO game=93 side=P1 L  W-D-L=59-0-34  score=0.634  Elo(A-B)=+95 [+23, +169]  LLR=2.547  continue
2026-08-06 13:09:34 head_to_head INFO game=94 side=P2 L  W-D-L=59-0-35  score=0.628  Elo(A-B)=+90 [+19, +163]  LLR=2.297  continue
2026-08-06 13:09:39 head_to_head INFO game=95 side=P1 L  W-D-L=59-0-36  score=0.621  Elo(A-B)=+85 [+14, +157]  LLR=2.166  continue
2026-08-06 13:09:41 head_to_head INFO game=96 side=P2 W  W-D-L=60-0-36  score=0.625  Elo(A-B)=+88 [+17, +160]  LLR=2.155  continue
2026-08-06 13:09:47 head_to_head INFO game=97 side=P1 L  W-D-L=60-0-37  score=0.619  Elo(A-B)=+83 [+13, +155]  LLR=2.194  continue
2026-08-06 13:09:53 head_to_head INFO game=98 side=P2 L  W-D-L=60-0-38  score=0.612  Elo(A-B)=+79 [+9, +149]  LLR=1.954  continue
2026-08-06 13:09:55 head_to_head INFO game=99 side=P1 W  W-D-L=61-0-38  score=0.616  Elo(A-B)=+81 [+12, +152]  LLR=1.859  continue
2026-08-06 13:09:57 head_to_head INFO game=100 side=P2 W  W-D-L=62-0-38  score=0.620  Elo(A-B)=+84 [+15, +155]  LLR=2.066  continue
2026-08-06 13:10:03 head_to_head INFO game=101 side=P1 L  W-D-L=62-0-39  score=0.614  Elo(A-B)=+80 [+11, +150]  LLR=2.054  continue
2026-08-06 13:10:08 head_to_head INFO game=102 side=P2 W  W-D-L=63-0-39  score=0.618  Elo(A-B)=+82 [+14, +152]  LLR=2.044  continue
2026-08-06 13:10:14 head_to_head INFO game=103 side=P1 W  W-D-L=64-0-39  score=0.621  Elo(A-B)=+85 [+17, +155]  LLR=2.079  continue
2026-08-06 13:10:15 head_to_head INFO game=104 side=P2 W  W-D-L=65-0-39  score=0.625  Elo(A-B)=+88 [+20, +157]  LLR=2.289  continue
2026-08-06 13:10:17 head_to_head INFO game=105 side=P1 L  W-D-L=65-0-40  score=0.619  Elo(A-B)=+84 [+16, +152]  LLR=2.277  continue
2026-08-06 13:10:21 head_to_head INFO game=106 side=P2 W  W-D-L=66-0-40  score=0.623  Elo(A-B)=+86 [+19, +155]  LLR=2.266  continue
2026-08-06 13:10:26 head_to_head INFO game=107 side=P1 L  W-D-L=66-0-41  score=0.617  Elo(A-B)=+82 [+15, +150]  LLR=2.304  continue
2026-08-06 13:10:42 head_to_head INFO game=108 side=P2 L  W-D-L=66-0-42  score=0.611  Elo(A-B)=+78 [+12, +145]  LLR=2.070  continue
2026-08-06 13:10:43 head_to_head INFO game=109 side=P1 W  W-D-L=67-0-42  score=0.615  Elo(A-B)=+80 [+15, +148]  LLR=1.982  continue
2026-08-06 13:10:46 head_to_head INFO game=110 side=P2 W  W-D-L=68-0-42  score=0.618  Elo(A-B)=+83 [+17, +150]  LLR=2.185  continue
2026-08-06 13:10:48 head_to_head INFO game=111 side=P1 L  W-D-L=68-0-43  score=0.613  Elo(A-B)=+79 [+14, +146]  LLR=2.174  continue
2026-08-06 13:10:50 head_to_head INFO game=112 side=P2 L  W-D-L=68-0-44  score=0.607  Elo(A-B)=+75 [+10, +141]  LLR=1.952  continue
2026-08-06 13:10:52 head_to_head INFO game=113 side=P1 L  W-D-L=68-0-45  score=0.602  Elo(A-B)=+71 [+7, +137]  LLR=1.878  continue
2026-08-06 13:10:55 head_to_head INFO game=114 side=P2 L  W-D-L=68-0-46  score=0.596  Elo(A-B)=+67 [+3, +133]  LLR=1.664  continue
2026-08-06 13:10:57 head_to_head INFO game=115 side=P1 L  W-D-L=68-0-47  score=0.591  Elo(A-B)=+64 [-0, +128]  LLR=1.609  continue
2026-08-06 13:10:59 head_to_head INFO game=116 side=P2 W  W-D-L=69-0-47  score=0.595  Elo(A-B)=+66 [+3, +131]  LLR=1.599  continue
2026-08-06 13:10:59 head_to_head INFO game=117 side=P1 W  W-D-L=70-0-47  score=0.598  Elo(A-B)=+69 [+5, +133]  LLR=1.625  continue
2026-08-06 13:11:00 head_to_head INFO game=118 side=P2 L  W-D-L=70-0-48  score=0.593  Elo(A-B)=+65 [+2, +129]  LLR=1.615  continue
2026-08-06 13:11:20 head_to_head INFO game=119 side=P1 L  W-D-L=70-0-49  score=0.588  Elo(A-B)=+61 [-1, +125]  LLR=1.641  continue
2026-08-06 13:11:23 head_to_head INFO game=120 side=P2 W  W-D-L=71-0-49  score=0.592  Elo(A-B)=+64 [+2, +127]  LLR=1.630  continue
2026-08-06 13:11:24 head_to_head INFO game=121 side=P1 L  W-D-L=71-0-50  score=0.587  Elo(A-B)=+60 [-2, +123]  LLR=1.656  continue
2026-08-06 13:11:28 head_to_head INFO game=122 side=P2 L  W-D-L=71-0-51  score=0.582  Elo(A-B)=+57 [-5, +120]  LLR=1.439  continue
2026-08-06 13:11:42 head_to_head INFO game=123 side=P1 L  W-D-L=71-0-52  score=0.577  Elo(A-B)=+54 [-8, +116]  LLR=1.396  continue
2026-08-06 13:11:44 head_to_head INFO game=124 side=P2 W  W-D-L=72-0-52  score=0.581  Elo(A-B)=+56 [-5, +118]  LLR=1.386  continue
2026-08-06 13:11:45 head_to_head INFO game=125 side=P1 W  W-D-L=73-0-52  score=0.584  Elo(A-B)=+58 [-3, +120]  LLR=1.408  continue
2026-08-06 13:11:50 head_to_head INFO game=126 side=P2 W  W-D-L=74-0-52  score=0.587  Elo(A-B)=+61 [-0, +123]  LLR=1.602  continue
2026-08-06 13:11:56 head_to_head INFO game=127 side=P1 L  W-D-L=74-0-53  score=0.583  Elo(A-B)=+58 [-3, +119]  LLR=1.591  continue
2026-08-06 13:12:04 head_to_head INFO game=128 side=P2 L  W-D-L=74-0-54  score=0.578  Elo(A-B)=+54 [-6, +115]  LLR=1.378  continue
2026-08-06 13:12:09 head_to_head INFO game=129 side=P1 L  W-D-L=74-0-55  score=0.574  Elo(A-B)=+51 [-9, +112]  LLR=1.342  continue
2026-08-06 13:12:16 head_to_head INFO game=130 side=P2 W  W-D-L=75-0-55  score=0.577  Elo(A-B)=+53 [-6, +114]  LLR=1.332  continue
2026-08-06 13:12:22 head_to_head INFO game=131 side=P1 L  W-D-L=75-0-56  score=0.573  Elo(A-B)=+50 [-9, +111]  LLR=1.352  continue
2026-08-06 13:12:24 head_to_head INFO game=132 side=P2 L  W-D-L=75-0-57  score=0.568  Elo(A-B)=+47 [-12, +107]  LLR=1.141  continue
2026-08-06 13:12:29 head_to_head INFO game=133 side=P1 L  W-D-L=75-0-58  score=0.564  Elo(A-B)=+44 [-15, +104]  LLR=1.114  continue
2026-08-06 13:12:30 head_to_head INFO game=134 side=P2 W  W-D-L=76-0-58  score=0.567  Elo(A-B)=+47 [-12, +106]  LLR=1.104  continue
2026-08-06 13:12:36 head_to_head INFO game=135 side=P1 W  W-D-L=77-0-58  score=0.570  Elo(A-B)=+49 [-10, +108]  LLR=1.120  continue
2026-08-06 13:12:39 head_to_head INFO game=136 side=P2 L  W-D-L=77-0-59  score=0.566  Elo(A-B)=+46 [-12, +105]  LLR=1.110  continue
2026-08-06 13:12:42 head_to_head INFO game=137 side=P1 L  W-D-L=77-0-60  score=0.562  Elo(A-B)=+43 [-15, +102]  LLR=1.126  continue
2026-08-06 13:12:42 head_to_head INFO game=138 side=P2 W  W-D-L=78-0-60  score=0.565  Elo(A-B)=+45 [-13, +104]  LLR=1.116  continue
2026-08-06 13:12:43 head_to_head INFO game=139 side=P1 W  W-D-L=79-0-60  score=0.568  Elo(A-B)=+47 [-10, +106]  LLR=1.132  continue
2026-08-06 13:12:49 head_to_head INFO game=140 side=P2 W  W-D-L=80-0-60  score=0.571  Elo(A-B)=+50 [-8, +108]  LLR=1.326  continue
2026-08-06 13:12:50 head_to_head INFO game=141 side=P1 W  W-D-L=81-0-60  score=0.574  Elo(A-B)=+52 [-6, +110]  LLR=1.316  continue
2026-08-06 13:12:54 head_to_head INFO game=142 side=P2 W  W-D-L=82-0-60  score=0.577  Elo(A-B)=+54 [-3, +112]  LLR=1.508  continue
2026-08-06 13:13:03 head_to_head INFO game=143 side=P1 L  W-D-L=82-0-61  score=0.573  Elo(A-B)=+51 [-6, +109]  LLR=1.499  continue
2026-08-06 13:13:08 head_to_head INFO game=144 side=P2 W  W-D-L=83-0-61  score=0.576  Elo(A-B)=+53 [-4, +111]  LLR=1.489  continue
2026-08-06 13:13:09 head_to_head INFO game=145 side=P1 L  W-D-L=83-0-62  score=0.572  Elo(A-B)=+50 [-6, +108]  LLR=1.509  continue
2026-08-06 13:13:14 head_to_head INFO game=146 side=P2 L  W-D-L=83-0-63  score=0.568  Elo(A-B)=+48 [-9, +105]  LLR=1.294  continue
2026-08-06 13:13:23 head_to_head INFO game=147 side=P1 L  W-D-L=83-0-64  score=0.565  Elo(A-B)=+45 [-11, +102]  LLR=1.265  continue
2026-08-06 13:13:33 head_to_head INFO game=148 side=P2 W  W-D-L=84-0-64  score=0.568  Elo(A-B)=+47 [-9, +103]  LLR=1.256  continue
2026-08-06 13:13:44 head_to_head INFO game=149 side=P1 L  W-D-L=84-0-65  score=0.564  Elo(A-B)=+44 [-11, +101]  LLR=1.272  continue
2026-08-06 13:13:45 head_to_head INFO game=150 side=P2 L  W-D-L=84-0-66  score=0.560  Elo(A-B)=+42 [-14, +98]  LLR=1.060  continue
2026-08-06 13:13:49 head_to_head INFO game=151 side=P1 L  W-D-L=84-0-67  score=0.556  Elo(A-B)=+39 [-16, +95]  LLR=1.038  continue
2026-08-06 13:13:55 head_to_head INFO game=152 side=P2 L  W-D-L=84-0-68  score=0.553  Elo(A-B)=+36 [-19, +92]  LLR=0.831  continue
2026-08-06 13:13:57 head_to_head INFO game=153 side=P1 L  W-D-L=84-0-69  score=0.549  Elo(A-B)=+34 [-21, +89]  LLR=0.815  continue
2026-08-06 13:14:01 head_to_head INFO game=154 side=P2 W  W-D-L=85-0-69  score=0.552  Elo(A-B)=+36 [-19, +91]  LLR=0.805  continue
2026-08-06 13:14:05 head_to_head INFO game=155 side=P1 L  W-D-L=85-0-70  score=0.548  Elo(A-B)=+34 [-21, +88]  LLR=0.816  continue
2026-08-06 13:14:06 head_to_head INFO game=156 side=P2 W  W-D-L=86-0-70  score=0.551  Elo(A-B)=+36 [-19, +90]  LLR=0.806  continue
2026-08-06 13:14:09 head_to_head INFO game=157 side=P1 W  W-D-L=87-0-70  score=0.554  Elo(A-B)=+38 [-17, +92]  LLR=0.816  continue
2026-08-06 13:14:11 head_to_head INFO game=158 side=P2 W  W-D-L=88-0-70  score=0.557  Elo(A-B)=+40 [-15, +94]  LLR=1.005  continue
2026-08-06 13:14:18 head_to_head INFO game=159 side=P1 L  W-D-L=88-0-71  score=0.553  Elo(A-B)=+37 [-17, +91]  LLR=0.998  continue
2026-08-06 13:14:22 head_to_head INFO game=160 side=P2 W  W-D-L=89-0-71  score=0.556  Elo(A-B)=+39 [-15, +93]  LLR=0.988  continue
2026-08-06 13:14:24 head_to_head INFO game=161 side=P1 L  W-D-L=89-0-72  score=0.553  Elo(A-B)=+37 [-17, +91]  LLR=1.000  continue
2026-08-06 13:14:28 head_to_head INFO game=162 side=P2 W  W-D-L=90-0-72  score=0.556  Elo(A-B)=+39 [-15, +92]  LLR=0.990  continue
2026-08-06 13:14:32 head_to_head INFO game=163 side=P1 L  W-D-L=90-0-73  score=0.552  Elo(A-B)=+36 [-17, +90]  LLR=1.002  continue
2026-08-06 13:14:37 head_to_head INFO game=164 side=P2 L  W-D-L=90-0-74  score=0.549  Elo(A-B)=+34 [-19, +87]  LLR=0.790  continue
2026-08-06 13:14:49 head_to_head INFO game=165 side=P1 L  W-D-L=90-0-75  score=0.545  Elo(A-B)=+31 [-21, +85]  LLR=0.776  continue
2026-08-06 13:14:51 head_to_head INFO game=166 side=P2 L  W-D-L=90-0-76  score=0.542  Elo(A-B)=+29 [-23, +82]  LLR=0.567  continue
2026-08-06 13:15:02 head_to_head INFO game=167 side=P1 L  W-D-L=90-0-77  score=0.539  Elo(A-B)=+27 [-26, +80]  LLR=0.558  continue
2026-08-06 13:15:09 head_to_head INFO game=168 side=P2 W  W-D-L=91-0-77  score=0.542  Elo(A-B)=+29 [-24, +82]  LLR=0.548  continue
2026-08-06 13:15:13 head_to_head INFO game=169 side=P1 W  W-D-L=92-0-77  score=0.544  Elo(A-B)=+31 [-21, +83]  LLR=0.554  continue
2026-08-06 13:15:14 head_to_head INFO game=170 side=P2 W  W-D-L=93-0-77  score=0.547  Elo(A-B)=+33 [-19, +85]  LLR=0.743  continue
2026-08-06 13:15:15 head_to_head INFO game=171 side=P1 W  W-D-L=94-0-77  score=0.550  Elo(A-B)=+34 [-17, +87]  LLR=0.737  continue
2026-08-06 13:15:20 head_to_head INFO game=172 side=P2 L  W-D-L=94-0-78  score=0.547  Elo(A-B)=+32 [-20, +84]  LLR=0.727  continue
2026-08-06 13:15:25 head_to_head INFO game=173 side=P1 L  W-D-L=94-0-79  score=0.543  Elo(A-B)=+30 [-22, +82]  LLR=0.736  continue
2026-08-06 13:15:38 head_to_head INFO game=174 side=P2 L  W-D-L=94-0-80  score=0.540  Elo(A-B)=+28 [-24, +80]  LLR=0.527  continue
2026-08-06 13:15:43 head_to_head INFO game=175 side=P1 W  W-D-L=95-0-80  score=0.543  Elo(A-B)=+30 [-22, +81]  LLR=0.519  continue
2026-08-06 13:15:45 head_to_head INFO game=176 side=P2 W  W-D-L=96-0-80  score=0.545  Elo(A-B)=+31 [-20, +83]  LLR=0.705  continue
2026-08-06 13:15:45 head_to_head INFO game=177 side=P1 W  W-D-L=97-0-80  score=0.548  Elo(A-B)=+33 [-18, +85]  LLR=0.700  continue
2026-08-06 13:15:46 head_to_head INFO game=178 side=P2 L  W-D-L=97-0-81  score=0.545  Elo(A-B)=+31 [-20, +82]  LLR=0.690  continue
2026-08-06 13:16:11 head_to_head INFO game=179 side=P1 W  W-D-L=98-0-81  score=0.547  Elo(A-B)=+33 [-18, +84]  LLR=0.698  continue
2026-08-06 13:16:15 head_to_head INFO game=180 side=P2 L  W-D-L=98-0-82  score=0.544  Elo(A-B)=+31 [-20, +82]  LLR=0.688  continue
2026-08-06 13:16:20 head_to_head INFO game=181 side=P1 L  W-D-L=98-0-83  score=0.541  Elo(A-B)=+29 [-22, +79]  LLR=0.696  continue
2026-08-06 13:16:21 head_to_head INFO game=182 side=P2 W  W-D-L=99-0-83  score=0.544  Elo(A-B)=+30 [-20, +81]  LLR=0.686  continue
2026-08-06 13:16:25 head_to_head INFO game=183 side=P1 W  W-D-L=100-0-83  score=0.546  Elo(A-B)=+32 [-18, +83]  LLR=0.693  continue
2026-08-06 13:16:30 head_to_head INFO game=184 side=P2 W  W-D-L=101-0-83  score=0.549  Elo(A-B)=+34 [-16, +84]  LLR=0.884  continue
2026-08-06 13:16:31 head_to_head INFO game=185 side=P1 W  W-D-L=102-0-83  score=0.551  Elo(A-B)=+36 [-14, +86]  LLR=0.878  continue
2026-08-06 13:16:37 head_to_head INFO game=186 side=P2 L  W-D-L=102-0-84  score=0.548  Elo(A-B)=+34 [-16, +84]  LLR=0.868  continue
2026-08-06 13:16:40 head_to_head INFO game=187 side=P1 L  W-D-L=102-0-85  score=0.545  Elo(A-B)=+32 [-18, +82]  LLR=0.877  continue
2026-08-06 13:16:43 head_to_head INFO game=188 side=P2 L  W-D-L=102-0-86  score=0.543  Elo(A-B)=+29 [-20, +79]  LLR=0.665  continue
2026-08-06 13:16:46 head_to_head INFO game=189 side=P1 W  W-D-L=103-0-86  score=0.545  Elo(A-B)=+31 [-18, +81]  LLR=0.656  continue
2026-08-06 13:16:47 head_to_head INFO game=190 side=P2 L  W-D-L=103-0-87  score=0.542  Elo(A-B)=+29 [-20, +79]  LLR=0.646  continue
2026-08-06 13:16:49 head_to_head INFO game=191 side=P1 W  W-D-L=104-0-87  score=0.545  Elo(A-B)=+31 [-18, +80]  LLR=0.652  continue
2026-08-06 13:17:06 head_to_head INFO game=192 side=P2 L  W-D-L=104-0-88  score=0.542  Elo(A-B)=+29 [-20, +78]  LLR=0.642  continue
2026-08-06 13:17:07 head_to_head INFO game=193 side=P1 L  W-D-L=104-0-89  score=0.539  Elo(A-B)=+27 [-22, +76]  LLR=0.649  continue
2026-08-06 13:17:08 head_to_head INFO game=194 side=P2 W  W-D-L=105-0-89  score=0.541  Elo(A-B)=+29 [-20, +78]  LLR=0.639  continue
2026-08-06 13:17:10 head_to_head INFO game=195 side=P1 L  W-D-L=105-0-90  score=0.538  Elo(A-B)=+27 [-22, +76]  LLR=0.645  continue
2026-08-06 13:17:20 head_to_head INFO game=196 side=P2 L  W-D-L=105-0-91  score=0.536  Elo(A-B)=+25 [-24, +73]  LLR=0.430  continue
2026-08-06 13:17:25 head_to_head INFO game=197 side=P1 L  W-D-L=105-0-92  score=0.533  Elo(A-B)=+23 [-26, +71]  LLR=0.424  continue
2026-08-06 13:17:30 head_to_head INFO game=198 side=P2 L  W-D-L=105-0-93  score=0.530  Elo(A-B)=+21 [-27, +69]  LLR=0.212  continue
2026-08-06 13:17:35 head_to_head INFO game=199 side=P1 L  W-D-L=105-0-94  score=0.528  Elo(A-B)=+19 [-29, +67]  LLR=0.209  continue
2026-08-06 13:17:38 head_to_head INFO game=200 side=P2 L  W-D-L=105-0-95  score=0.525  Elo(A-B)=+17 [-31, +65]  LLR=0.000  continue
2026-08-06 13:17:40 head_to_head INFO game=201 side=P1 W  W-D-L=106-0-95  score=0.527  Elo(A-B)=+19 [-29, +67]  LLR=0.000  continue
2026-08-06 13:17:46 head_to_head INFO game=202 side=P2 L  W-D-L=106-0-96  score=0.525  Elo(A-B)=+17 [-31, +65]  LLR=-0.010  continue
2026-08-06 13:17:47 head_to_head INFO game=203 side=P1 W  W-D-L=107-0-96  score=0.527  Elo(A-B)=+19 [-29, +67]  LLR=-0.010  continue
2026-08-06 13:17:50 head_to_head INFO game=204 side=P2 L  W-D-L=107-0-97  score=0.525  Elo(A-B)=+17 [-31, +65]  LLR=-0.020  continue
2026-08-06 13:17:51 head_to_head INFO game=205 side=P1 L  W-D-L=107-0-98  score=0.522  Elo(A-B)=+15 [-32, +63]  LLR=-0.020  continue
2026-08-06 13:17:51 head_to_head INFO game=206 side=P2 W  W-D-L=108-0-98  score=0.524  Elo(A-B)=+17 [-30, +64]  LLR=-0.030  continue
2026-08-06 13:17:59 head_to_head INFO game=207 side=P1 L  W-D-L=108-0-99  score=0.522  Elo(A-B)=+15 [-32, +62]  LLR=-0.030  continue
2026-08-06 13:18:00 head_to_head INFO game=208 side=P2 W  W-D-L=109-0-99  score=0.524  Elo(A-B)=+17 [-30, +64]  LLR=-0.041  continue
2026-08-06 13:18:05 head_to_head INFO game=209 side=P1 W  W-D-L=110-0-99  score=0.526  Elo(A-B)=+18 [-29, +65]  LLR=-0.041  continue
2026-08-06 13:18:07 head_to_head INFO game=210 side=P2 L  W-D-L=110-0-100  score=0.524  Elo(A-B)=+16 [-30, +63]  LLR=-0.051  continue
2026-08-06 13:18:08 head_to_head INFO game=211 side=P1 W  W-D-L=111-0-100  score=0.526  Elo(A-B)=+18 [-29, +65]  LLR=-0.052  continue
2026-08-06 13:18:21 head_to_head INFO game=212 side=P2 L  W-D-L=111-0-101  score=0.524  Elo(A-B)=+16 [-30, +63]  LLR=-0.062  continue
2026-08-06 13:18:23 head_to_head INFO game=213 side=P1 W  W-D-L=112-0-101  score=0.526  Elo(A-B)=+18 [-29, +65]  LLR=-0.063  continue
2026-08-06 13:18:31 head_to_head INFO game=214 side=P2 L  W-D-L=112-0-102  score=0.523  Elo(A-B)=+16 [-30, +63]  LLR=-0.073  continue
2026-08-06 13:18:34 head_to_head INFO game=215 side=P1 W  W-D-L=113-0-102  score=0.526  Elo(A-B)=+18 [-29, +64]  LLR=-0.074  continue
2026-08-06 13:18:38 head_to_head INFO game=216 side=P2 W  W-D-L=114-0-102  score=0.528  Elo(A-B)=+19 [-27, +66]  LLR=0.126  continue
2026-08-06 13:18:39 head_to_head INFO game=217 side=P1 L  W-D-L=114-0-103  score=0.525  Elo(A-B)=+18 [-29, +64]  LLR=0.125  continue
2026-08-06 13:18:41 head_to_head INFO game=218 side=P2 L  W-D-L=114-0-104  score=0.523  Elo(A-B)=+16 [-30, +62]  LLR=-0.094  continue
2026-08-06 13:18:43 head_to_head INFO game=219 side=P1 L  W-D-L=114-0-105  score=0.521  Elo(A-B)=+14 [-32, +60]  LLR=-0.093  continue
2026-08-06 13:18:49 head_to_head INFO game=220 side=P2 W  W-D-L=115-0-105  score=0.523  Elo(A-B)=+16 [-30, +62]  LLR=-0.103  continue
2026-08-06 13:18:51 head_to_head INFO game=221 side=P1 W  W-D-L=116-0-105  score=0.525  Elo(A-B)=+17 [-28, +63]  LLR=-0.104  continue
2026-08-06 13:18:53 head_to_head INFO game=222 side=P2 L  W-D-L=116-0-106  score=0.523  Elo(A-B)=+16 [-30, +61]  LLR=-0.115  continue
2026-08-06 13:19:02 head_to_head INFO game=223 side=P1 L  W-D-L=116-0-107  score=0.520  Elo(A-B)=+14 [-31, +60]  LLR=-0.116  continue
2026-08-06 13:19:08 head_to_head INFO game=224 side=P2 W  W-D-L=117-0-107  score=0.522  Elo(A-B)=+15 [-30, +61]  LLR=-0.126  continue
2026-08-06 13:19:11 head_to_head INFO game=225 side=P1 L  W-D-L=117-0-108  score=0.520  Elo(A-B)=+14 [-31, +59]  LLR=-0.127  continue
2026-08-06 13:19:24 head_to_head INFO game=226 side=P2 W  W-D-L=118-0-108  score=0.522  Elo(A-B)=+15 [-30, +61]  LLR=-0.138  continue
2026-08-06 13:19:28 head_to_head INFO game=227 side=P1 W  W-D-L=119-0-108  score=0.524  Elo(A-B)=+17 [-28, +62]  LLR=-0.139  continue
2026-08-06 13:19:30 head_to_head INFO game=228 side=P2 W  W-D-L=120-0-108  score=0.526  Elo(A-B)=+18 [-27, +63]  LLR=0.064  continue
2026-08-06 13:19:32 head_to_head INFO game=229 side=P1 W  W-D-L=121-0-108  score=0.528  Elo(A-B)=+20 [-25, +65]  LLR=0.064  continue
2026-08-06 13:19:35 head_to_head INFO game=230 side=P2 W  W-D-L=122-0-108  score=0.530  Elo(A-B)=+21 [-24, +66]  LLR=0.265  continue
2026-08-06 13:19:37 head_to_head INFO game=231 side=P1 W  W-D-L=123-0-108  score=0.532  Elo(A-B)=+22 [-22, +67]  LLR=0.263  continue
2026-08-06 13:19:40 head_to_head INFO game=232 side=P2 L  W-D-L=123-0-109  score=0.530  Elo(A-B)=+21 [-24, +66]  LLR=0.253  continue
2026-08-06 13:19:45 head_to_head INFO game=233 side=P1 L  W-D-L=123-0-110  score=0.528  Elo(A-B)=+19 [-25, +64]  LLR=0.255  continue
2026-08-06 13:19:46 head_to_head INFO game=234 side=P2 W  W-D-L=124-0-110  score=0.530  Elo(A-B)=+21 [-24, +65]  LLR=0.244  continue
2026-08-06 13:19:50 head_to_head INFO game=235 side=P1 W  W-D-L=125-0-110  score=0.532  Elo(A-B)=+22 [-22, +67]  LLR=0.247  continue
2026-08-06 13:19:51 head_to_head INFO game=236 side=P2 W  W-D-L=126-0-110  score=0.534  Elo(A-B)=+23 [-21, +68]  LLR=0.450  continue
2026-08-06 13:19:51 head_to_head INFO game=237 side=P1 L  W-D-L=126-0-111  score=0.532  Elo(A-B)=+22 [-22, +66]  LLR=0.447  continue
2026-08-06 13:19:52 head_to_head INFO game=238 side=P2 W  W-D-L=127-0-111  score=0.534  Elo(A-B)=+23 [-21, +68]  LLR=0.436  continue
2026-08-06 13:19:54 head_to_head INFO game=239 side=P1 L  W-D-L=127-0-112  score=0.531  Elo(A-B)=+22 [-22, +66]  LLR=0.440  continue
2026-08-06 13:19:56 head_to_head INFO game=240 side=P2 W  W-D-L=128-0-112  score=0.533  Elo(A-B)=+23 [-21, +67]  LLR=0.429  continue
2026-08-06 13:19:57 head_to_head INFO game=241 side=P1 W  W-D-L=129-0-112  score=0.535  Elo(A-B)=+24 [-19, +68]  LLR=0.433  continue
2026-08-06 13:19:58 head_to_head INFO game=242 side=P2 W  W-D-L=130-0-112  score=0.537  Elo(A-B)=+26 [-18, +70]  LLR=0.638  continue
2026-08-06 13:20:01 head_to_head INFO game=243 side=P1 W  W-D-L=131-0-112  score=0.539  Elo(A-B)=+27 [-16, +71]  LLR=0.634  continue
2026-08-06 13:20:04 head_to_head INFO game=244 side=P2 W  W-D-L=132-0-112  score=0.541  Elo(A-B)=+28 [-15, +72]  LLR=0.838  continue
2026-08-06 13:20:07 head_to_head INFO game=245 side=P1 W  W-D-L=133-0-112  score=0.543  Elo(A-B)=+30 [-14, +73]  LLR=0.832  continue
2026-08-06 13:20:12 head_to_head INFO game=246 side=P2 L  W-D-L=133-0-113  score=0.541  Elo(A-B)=+28 [-15, +72]  LLR=0.821  continue
2026-08-06 13:20:14 head_to_head INFO game=247 side=P1 W  W-D-L=134-0-113  score=0.543  Elo(A-B)=+29 [-14, +73]  LLR=0.828  continue
2026-08-06 13:20:17 head_to_head INFO game=248 side=P2 L  W-D-L=134-0-114  score=0.540  Elo(A-B)=+28 [-15, +71]  LLR=0.817  continue
2026-08-06 13:20:18 head_to_head INFO game=249 side=P1 W  W-D-L=135-0-114  score=0.542  Elo(A-B)=+29 [-14, +73]  LLR=0.824  continue
2026-08-06 13:20:18 head_to_head INFO game=250 side=P2 L  W-D-L=135-0-115  score=0.540  Elo(A-B)=+28 [-15, +71]  LLR=0.813  continue
2026-08-06 13:20:29 head_to_head INFO game=251 side=P1 L  W-D-L=135-0-116  score=0.538  Elo(A-B)=+26 [-17, +69]  LLR=0.819  continue
2026-08-06 13:20:31 head_to_head INFO game=252 side=P2 W  W-D-L=136-0-116  score=0.540  Elo(A-B)=+28 [-15, +71]  LLR=0.809  continue
2026-08-06 13:20:33 head_to_head INFO game=253 side=P1 L  W-D-L=136-0-117  score=0.538  Elo(A-B)=+26 [-17, +69]  LLR=0.815  continue
2026-08-06 13:20:50 head_to_head INFO game=254 side=P2 L  W-D-L=136-0-118  score=0.535  Elo(A-B)=+25 [-18, +67]  LLR=0.584  continue
2026-08-06 13:20:55 head_to_head INFO game=255 side=P1 L  W-D-L=136-0-119  score=0.533  Elo(A-B)=+23 [-19, +66]  LLR=0.577  continue
2026-08-06 13:20:58 head_to_head INFO game=256 side=P2 W  W-D-L=137-0-119  score=0.535  Elo(A-B)=+24 [-18, +67]  LLR=0.566  continue
2026-08-06 13:21:01 head_to_head INFO game=257 side=P1 W  W-D-L=138-0-119  score=0.537  Elo(A-B)=+26 [-17, +68]  LLR=0.570  continue
2026-08-06 13:21:03 head_to_head INFO game=258 side=P2 W  W-D-L=139-0-119  score=0.539  Elo(A-B)=+27 [-15, +69]  LLR=0.779  continue
2026-08-06 13:21:06 head_to_head INFO game=259 side=P1 W  W-D-L=140-0-119  score=0.541  Elo(A-B)=+28 [-14, +71]  LLR=0.773  continue
2026-08-06 13:21:08 head_to_head INFO game=260 side=P2 W  W-D-L=141-0-119  score=0.542  Elo(A-B)=+29 [-13, +72]  LLR=0.980  continue
2026-08-06 13:21:08 head_to_head INFO game=261 side=P1 L  W-D-L=141-0-120  score=0.540  Elo(A-B)=+28 [-14, +70]  LLR=0.974  continue
2026-08-06 13:21:09 head_to_head INFO game=262 side=P2 W  W-D-L=142-0-120  score=0.542  Elo(A-B)=+29 [-13, +71]  LLR=0.963  continue
2026-08-06 13:21:11 head_to_head INFO game=263 side=P1 L  W-D-L=142-0-121  score=0.540  Elo(A-B)=+28 [-14, +70]  LLR=0.970  continue
2026-08-06 13:21:19 head_to_head INFO game=264 side=P2 W  W-D-L=143-0-121  score=0.542  Elo(A-B)=+29 [-13, +71]  LLR=0.959  continue
2026-08-06 13:21:23 head_to_head INFO game=265 side=P1 L  W-D-L=143-0-122  score=0.540  Elo(A-B)=+27 [-14, +69]  LLR=0.967  continue
2026-08-06 13:21:30 head_to_head INFO game=266 side=P2 L  W-D-L=143-0-123  score=0.538  Elo(A-B)=+26 [-16, +68]  LLR=0.736  continue
2026-08-06 13:21:38 head_to_head INFO game=267 side=P1 L  W-D-L=143-0-124  score=0.536  Elo(A-B)=+25 [-17, +66]  LLR=0.727  continue
2026-08-06 13:21:39 head_to_head INFO game=268 side=P2 W  W-D-L=144-0-124  score=0.537  Elo(A-B)=+26 [-16, +68]  LLR=0.717  continue
2026-08-06 13:21:41 head_to_head INFO game=269 side=P1 W  W-D-L=145-0-124  score=0.539  Elo(A-B)=+27 [-14, +69]  LLR=0.722  continue
2026-08-06 13:21:44 head_to_head INFO game=270 side=P2 L  W-D-L=145-0-125  score=0.537  Elo(A-B)=+26 [-16, +67]  LLR=0.711  continue
2026-08-06 13:21:48 head_to_head INFO game=271 side=P1 L  W-D-L=145-0-126  score=0.535  Elo(A-B)=+24 [-17, +66]  LLR=0.716  continue
2026-08-06 13:21:49 head_to_head INFO game=272 side=P2 W  W-D-L=146-0-126  score=0.537  Elo(A-B)=+25 [-16, +67]  LLR=0.705  continue
2026-08-06 13:21:52 head_to_head INFO game=273 side=P1 W  W-D-L=147-0-126  score=0.538  Elo(A-B)=+27 [-14, +68]  LLR=0.710  continue
2026-08-06 13:21:52 head_to_head INFO game=274 side=P2 W  W-D-L=148-0-126  score=0.540  Elo(A-B)=+28 [-13, +69]  LLR=0.921  continue
2026-08-06 13:21:56 head_to_head INFO game=275 side=P1 L  W-D-L=148-0-127  score=0.538  Elo(A-B)=+26 [-15, +68]  LLR=0.915  continue
2026-08-06 13:22:00 head_to_head INFO game=276 side=P2 L  W-D-L=148-0-128  score=0.536  Elo(A-B)=+25 [-16, +66]  LLR=0.684  continue
2026-08-06 13:22:01 head_to_head INFO game=277 side=P1 W  W-D-L=149-0-128  score=0.538  Elo(A-B)=+26 [-15, +67]  LLR=0.676  continue
2026-08-06 13:22:07 head_to_head INFO game=278 side=P2 W  W-D-L=150-0-128  score=0.540  Elo(A-B)=+27 [-13, +68]  LLR=0.883  continue
2026-08-06 13:22:09 head_to_head INFO game=279 side=P1 L  W-D-L=150-0-129  score=0.538  Elo(A-B)=+26 [-15, +67]  LLR=0.878  continue
2026-08-06 13:22:12 head_to_head INFO game=280 side=P2 W  W-D-L=151-0-129  score=0.539  Elo(A-B)=+27 [-13, +68]  LLR=0.867  continue
2026-08-06 13:22:12 head_to_head INFO game=281 side=P1 W  W-D-L=152-0-129  score=0.541  Elo(A-B)=+28 [-12, +69]  LLR=0.873  continue
2026-08-06 13:22:13 head_to_head INFO game=282 side=P2 W  W-D-L=153-0-129  score=0.543  Elo(A-B)=+30 [-11, +70]  LLR=1.081  continue
2026-08-06 13:22:15 head_to_head INFO game=283 side=P1 L  W-D-L=153-0-130  score=0.541  Elo(A-B)=+28 [-12, +69]  LLR=1.074  continue
2026-08-06 13:22:17 head_to_head INFO game=284 side=P2 L  W-D-L=153-0-131  score=0.539  Elo(A-B)=+27 [-13, +67]  LLR=0.846  continue
2026-08-06 13:22:21 head_to_head INFO game=285 side=P1 W  W-D-L=154-0-131  score=0.540  Elo(A-B)=+28 [-12, +68]  LLR=0.837  continue
2026-08-06 13:22:25 head_to_head INFO game=286 side=P2 L  W-D-L=154-0-132  score=0.538  Elo(A-B)=+27 [-14, +67]  LLR=0.826  continue
2026-08-06 13:22:30 head_to_head INFO game=287 side=P1 W  W-D-L=155-0-132  score=0.540  Elo(A-B)=+28 [-12, +68]  LLR=0.832  continue
2026-08-06 13:22:32 head_to_head INFO game=288 side=P2 W  W-D-L=156-0-132  score=0.542  Elo(A-B)=+29 [-11, +69]  LLR=1.038  continue
2026-08-06 13:22:50 head_to_head INFO game=289 side=P1 L  W-D-L=156-0-133  score=0.540  Elo(A-B)=+28 [-12, +68]  LLR=1.032  continue
2026-08-06 13:22:55 head_to_head INFO game=290 side=P2 W  W-D-L=157-0-133  score=0.541  Elo(A-B)=+29 [-11, +69]  LLR=1.021  continue
2026-08-06 13:22:58 head_to_head INFO game=291 side=P1 W  W-D-L=158-0-133  score=0.543  Elo(A-B)=+30 [-10, +70]  LLR=1.028  continue
2026-08-06 13:23:01 head_to_head INFO game=292 side=P2 L  W-D-L=158-0-134  score=0.541  Elo(A-B)=+29 [-11, +69]  LLR=1.017  continue
2026-08-06 13:23:01 head_to_head INFO game=293 side=P1 L  W-D-L=158-0-135  score=0.539  Elo(A-B)=+27 [-12, +67]  LLR=1.024  continue
2026-08-06 13:23:01 head_to_head INFO game=294 side=P2 W  W-D-L=159-0-135  score=0.541  Elo(A-B)=+28 [-11, +68]  LLR=1.013  continue
2026-08-06 13:23:04 head_to_head INFO game=295 side=P1 L  W-D-L=159-0-136  score=0.539  Elo(A-B)=+27 [-13, +67]  LLR=1.020  continue
2026-08-06 13:23:13 head_to_head INFO game=296 side=P2 L  W-D-L=159-0-137  score=0.537  Elo(A-B)=+26 [-14, +65]  LLR=0.790  continue
2026-08-06 13:23:16 head_to_head INFO game=297 side=P1 W  W-D-L=160-0-137  score=0.539  Elo(A-B)=+27 [-13, +67]  LLR=0.781  continue
2026-08-06 13:23:17 head_to_head INFO game=298 side=P2 L  W-D-L=160-0-138  score=0.537  Elo(A-B)=+26 [-14, +65]  LLR=0.771  continue
2026-08-06 13:23:19 head_to_head INFO game=299 side=P1 W  W-D-L=161-0-138  score=0.538  Elo(A-B)=+27 [-13, +66]  LLR=0.776  continue
2026-08-06 13:23:28 head_to_head INFO game=300 side=P2 L  W-D-L=161-0-139  score=0.537  Elo(A-B)=+25 [-14, +65]  LLR=0.765  continue
2026-08-06 13:23:30 head_to_head INFO game=301 side=P1 W  W-D-L=162-0-139  score=0.538  Elo(A-B)=+27 [-13, +66]  LLR=0.770  continue
2026-08-06 13:23:34 head_to_head INFO game=302 side=P2 L  W-D-L=162-0-140  score=0.536  Elo(A-B)=+25 [-14, +65]  LLR=0.759  continue
2026-08-06 13:23:40 head_to_head INFO game=303 side=P1 L  W-D-L=162-0-141  score=0.535  Elo(A-B)=+24 [-15, +63]  LLR=0.764  continue
2026-08-06 13:23:46 head_to_head INFO game=304 side=P2 L  W-D-L=162-0-142  score=0.533  Elo(A-B)=+23 [-16, +62]  LLR=0.531  continue
2026-08-06 13:23:48 head_to_head INFO game=305 side=P1 L  W-D-L=162-0-143  score=0.531  Elo(A-B)=+22 [-17, +61]  LLR=0.526  continue
2026-08-06 13:23:51 head_to_head INFO game=306 side=P2 W  W-D-L=163-0-143  score=0.533  Elo(A-B)=+23 [-16, +62]  LLR=0.515  continue
2026-08-06 13:23:52 head_to_head INFO game=307 side=P1 W  W-D-L=164-0-143  score=0.534  Elo(A-B)=+24 [-15, +63]  LLR=0.518  continue
2026-08-06 13:23:57 head_to_head INFO game=308 side=P2 W  W-D-L=165-0-143  score=0.536  Elo(A-B)=+25 [-14, +64]  LLR=0.728  continue
2026-08-06 13:24:05 head_to_head INFO game=309 side=P1 L  W-D-L=165-0-144  score=0.534  Elo(A-B)=+24 [-15, +62]  LLR=0.724  continue
2026-08-06 13:24:18 head_to_head INFO game=310 side=P2 L  W-D-L=165-0-145  score=0.532  Elo(A-B)=+22 [-16, +61]  LLR=0.493  continue
2026-08-06 13:24:21 head_to_head INFO game=311 side=P1 W  W-D-L=166-0-145  score=0.534  Elo(A-B)=+23 [-15, +62]  LLR=0.489  continue
2026-08-06 13:24:25 head_to_head INFO game=312 side=P2 W  W-D-L=167-0-145  score=0.535  Elo(A-B)=+24 [-14, +63]  LLR=0.695  continue
2026-08-06 13:24:26 head_to_head INFO game=313 side=P1 W  W-D-L=168-0-145  score=0.537  Elo(A-B)=+25 [-13, +64]  LLR=0.691  continue
2026-08-06 13:24:31 head_to_head INFO game=314 side=P2 L  W-D-L=168-0-146  score=0.535  Elo(A-B)=+24 [-14, +63]  LLR=0.680  continue
2026-08-06 13:24:41 head_to_head INFO game=315 side=P1 L  W-D-L=168-0-147  score=0.533  Elo(A-B)=+23 [-15, +62]  LLR=0.685  continue
2026-08-06 13:24:42 head_to_head INFO game=316 side=P2 L  W-D-L=168-0-148  score=0.532  Elo(A-B)=+22 [-16, +60]  LLR=0.456  continue
2026-08-06 13:24:43 head_to_head INFO game=317 side=P1 L  W-D-L=168-0-149  score=0.530  Elo(A-B)=+21 [-17, +59]  LLR=0.452  continue
2026-08-06 13:24:45 head_to_head INFO game=318 side=P2 L  W-D-L=168-0-150  score=0.528  Elo(A-B)=+20 [-18, +58]  LLR=0.226  continue
2026-08-06 13:24:47 head_to_head INFO game=319 side=P1 W  W-D-L=169-0-150  score=0.530  Elo(A-B)=+21 [-17, +59]  LLR=0.224  continue
2026-08-06 13:24:51 head_to_head INFO game=320 side=P2 L  W-D-L=169-0-151  score=0.528  Elo(A-B)=+20 [-18, +58]  LLR=0.213  continue
2026-08-06 13:24:54 head_to_head INFO game=321 side=P1 W  W-D-L=170-0-151  score=0.530  Elo(A-B)=+21 [-17, +59]  LLR=0.215  continue
2026-08-06 13:24:56 head_to_head INFO game=322 side=P2 W  W-D-L=171-0-151  score=0.531  Elo(A-B)=+22 [-16, +60]  LLR=0.419  continue
2026-08-06 13:25:00 head_to_head INFO game=323 side=P1 L  W-D-L=171-0-152  score=0.529  Elo(A-B)=+20 [-17, +58]  LLR=0.416  continue
2026-08-06 13:25:05 head_to_head INFO game=324 side=P2 L  W-D-L=171-0-153  score=0.528  Elo(A-B)=+19 [-18, +57]  LLR=0.192  continue
2026-08-06 13:25:06 head_to_head INFO game=325 side=P1 W  W-D-L=172-0-153  score=0.529  Elo(A-B)=+20 [-17, +58]  LLR=0.191  continue
2026-08-06 13:25:10 head_to_head INFO game=326 side=P2 L  W-D-L=172-0-154  score=0.528  Elo(A-B)=+19 [-18, +57]  LLR=0.180  continue
2026-08-06 13:25:14 head_to_head INFO game=327 side=P1 L  W-D-L=172-0-155  score=0.526  Elo(A-B)=+18 [-20, +56]  LLR=0.181  continue
2026-08-06 13:25:19 head_to_head INFO game=328 side=P2 L  W-D-L=172-0-156  score=0.524  Elo(A-B)=+17 [-21, +55]  LLR=-0.043  continue
2026-08-06 13:25:22 head_to_head INFO game=329 side=P1 L  W-D-L=172-0-157  score=0.523  Elo(A-B)=+16 [-22, +53]  LLR=-0.042  continue
2026-08-06 13:25:28 head_to_head INFO game=330 side=P2 L  W-D-L=172-0-158  score=0.521  Elo(A-B)=+15 [-23, +52]  LLR=-0.264  continue
2026-08-06 13:25:30 head_to_head INFO game=331 side=P1 L  W-D-L=172-0-159  score=0.520  Elo(A-B)=+14 [-24, +51]  LLR=-0.262  continue
2026-08-06 13:25:34 head_to_head INFO game=332 side=P2 L  W-D-L=172-0-160  score=0.518  Elo(A-B)=+13 [-25, +50]  LLR=-0.482  continue
2026-08-06 13:25:35 head_to_head INFO game=333 side=P1 W  W-D-L=173-0-160  score=0.520  Elo(A-B)=+14 [-24, +51]  LLR=-0.479  continue
2026-08-06 13:25:38 head_to_head INFO game=334 side=P2 W  W-D-L=174-0-160  score=0.521  Elo(A-B)=+15 [-23, +52]  LLR=-0.281  continue
2026-08-06 13:25:40 head_to_head INFO game=335 side=P1 W  W-D-L=175-0-160  score=0.522  Elo(A-B)=+16 [-22, +53]  LLR=-0.279  continue
2026-08-06 13:25:41 head_to_head INFO game=336 side=P2 L  W-D-L=175-0-161  score=0.521  Elo(A-B)=+14 [-23, +52]  LLR=-0.290  continue
2026-08-06 13:25:42 head_to_head INFO game=337 side=P1 L  W-D-L=175-0-162  score=0.519  Elo(A-B)=+13 [-24, +50]  LLR=-0.291  continue
2026-08-06 13:25:46 head_to_head INFO game=338 side=P2 L  W-D-L=175-0-163  score=0.518  Elo(A-B)=+12 [-25, +49]  LLR=-0.510  continue
2026-08-06 13:25:51 head_to_head INFO game=339 side=P1 L  W-D-L=175-0-164  score=0.516  Elo(A-B)=+11 [-26, +48]  LLR=-0.506  continue
2026-08-06 13:25:53 head_to_head INFO game=340 side=P2 W  W-D-L=176-0-164  score=0.518  Elo(A-B)=+12 [-25, +49]  LLR=-0.517  continue
2026-08-06 13:25:54 head_to_head INFO game=341 side=P1 W  W-D-L=177-0-164  score=0.519  Elo(A-B)=+13 [-24, +50]  LLR=-0.520  continue
2026-08-06 13:25:55 head_to_head INFO game=342 side=P2 L  W-D-L=177-0-165  score=0.518  Elo(A-B)=+12 [-25, +49]  LLR=-0.530  continue
2026-08-06 13:25:59 head_to_head INFO game=343 side=P1 L  W-D-L=177-0-166  score=0.516  Elo(A-B)=+11 [-26, +48]  LLR=-0.533  continue
2026-08-06 13:26:00 head_to_head INFO game=344 side=P2 W  W-D-L=178-0-166  score=0.517  Elo(A-B)=+12 [-25, +49]  LLR=-0.544  continue
2026-08-06 13:26:01 head_to_head INFO game=345 side=P1 W  W-D-L=179-0-166  score=0.519  Elo(A-B)=+13 [-24, +50]  LLR=-0.547  continue
2026-08-06 13:26:03 head_to_head INFO game=346 side=P2 L  W-D-L=179-0-167  score=0.517  Elo(A-B)=+12 [-25, +49]  LLR=-0.557  continue
2026-08-06 13:26:06 head_to_head INFO game=347 side=P1 L  W-D-L=179-0-168  score=0.516  Elo(A-B)=+11 [-25, +48]  LLR=-0.561  continue
2026-08-06 13:26:10 head_to_head INFO game=348 side=P2 L  W-D-L=179-0-169  score=0.514  Elo(A-B)=+10 [-26, +46]  LLR=-0.783  continue
2026-08-06 13:26:17 head_to_head INFO game=349 side=P1 W  W-D-L=180-0-169  score=0.516  Elo(A-B)=+11 [-25, +47]  LLR=-0.777  continue
2026-08-06 13:26:20 head_to_head INFO game=350 side=P2 L  W-D-L=180-0-170  score=0.514  Elo(A-B)=+10 [-26, +46]  LLR=-0.788  continue
2026-08-06 13:26:24 head_to_head INFO game=351 side=P1 L  W-D-L=180-0-171  score=0.513  Elo(A-B)=+9 [-27, +45]  LLR=-0.792  continue
2026-08-06 13:26:28 head_to_head INFO game=352 side=P2 L  W-D-L=180-0-172  score=0.511  Elo(A-B)=+8 [-28, +44]  LLR=-1.014  continue
2026-08-06 13:26:31 head_to_head INFO game=353 side=P1 L  W-D-L=180-0-173  score=0.510  Elo(A-B)=+7 [-29, +43]  LLR=-1.007  continue
2026-08-06 13:26:33 head_to_head INFO game=354 side=P2 W  W-D-L=181-0-173  score=0.511  Elo(A-B)=+8 [-28, +44]  LLR=-1.017  continue
2026-08-06 13:26:36 head_to_head INFO game=355 side=P1 W  W-D-L=182-0-173  score=0.513  Elo(A-B)=+9 [-27, +45]  LLR=-1.023  continue
2026-08-06 13:26:38 head_to_head INFO game=356 side=P2 W  W-D-L=183-0-173  score=0.514  Elo(A-B)=+10 [-26, +46]  LLR=-0.823  continue
2026-08-06 13:26:41 head_to_head INFO game=357 side=P1 W  W-D-L=184-0-173  score=0.515  Elo(A-B)=+11 [-25, +47]  LLR=-0.818  continue
2026-08-06 13:26:45 head_to_head INFO game=358 side=P2 L  W-D-L=184-0-174  score=0.514  Elo(A-B)=+10 [-26, +46]  LLR=-0.829  continue
2026-08-06 13:26:45 head_to_head INFO game=359 side=P1 L  W-D-L=184-0-175  score=0.513  Elo(A-B)=+9 [-27, +45]  LLR=-0.833  continue
2026-08-06 13:26:46 head_to_head INFO game=360 side=P2 W  W-D-L=185-0-175  score=0.514  Elo(A-B)=+10 [-26, +45]  LLR=-0.844  continue
2026-08-06 13:26:49 head_to_head INFO game=361 side=P1 W  W-D-L=186-0-175  score=0.515  Elo(A-B)=+11 [-25, +46]  LLR=-0.848  continue
2026-08-06 13:26:52 head_to_head INFO game=362 side=P2 L  W-D-L=186-0-176  score=0.514  Elo(A-B)=+10 [-26, +45]  LLR=-0.859  continue
2026-08-06 13:27:00 head_to_head INFO game=363 side=P1 L  W-D-L=186-0-177  score=0.512  Elo(A-B)=+9 [-27, +44]  LLR=-0.864  continue
2026-08-06 13:27:05 head_to_head INFO game=364 side=P2 W  W-D-L=187-0-177  score=0.514  Elo(A-B)=+10 [-26, +45]  LLR=-0.874  continue
2026-08-06 13:27:06 head_to_head INFO game=365 side=P1 W  W-D-L=188-0-177  score=0.515  Elo(A-B)=+10 [-25, +46]  LLR=-0.879  continue
2026-08-06 13:27:07 head_to_head INFO game=366 side=P2 L  W-D-L=188-0-178  score=0.514  Elo(A-B)=+9 [-26, +45]  LLR=-0.890  continue
2026-08-06 13:27:24 head_to_head INFO game=367 side=P1 L  W-D-L=188-0-179  score=0.512  Elo(A-B)=+8 [-27, +44]  LLR=-0.895  continue
2026-08-06 13:27:26 head_to_head INFO game=368 side=P2 L  W-D-L=188-0-180  score=0.511  Elo(A-B)=+8 [-28, +43]  LLR=-1.121  continue
2026-08-06 13:27:29 head_to_head INFO game=369 side=P1 W  W-D-L=189-0-180  score=0.512  Elo(A-B)=+8 [-27, +44]  LLR=-1.114  continue
2026-08-06 13:27:44 head_to_head INFO game=370 side=P2 L  W-D-L=189-0-181  score=0.511  Elo(A-B)=+7 [-28, +43]  LLR=-1.124  continue
2026-08-06 13:27:46 head_to_head INFO game=371 side=P1 W  W-D-L=190-0-181  score=0.512  Elo(A-B)=+8 [-27, +44]  LLR=-1.130  continue
2026-08-06 13:27:48 head_to_head INFO game=372 side=P2 W  W-D-L=191-0-181  score=0.513  Elo(A-B)=+9 [-26, +45]  LLR=-0.926  continue
2026-08-06 13:27:52 head_to_head INFO game=373 side=P1 L  W-D-L=191-0-182  score=0.512  Elo(A-B)=+8 [-27, +44]  LLR=-0.921  continue
2026-08-06 13:27:55 head_to_head INFO game=374 side=P2 W  W-D-L=192-0-182  score=0.513  Elo(A-B)=+9 [-26, +44]  LLR=-0.931  continue
2026-08-06 13:27:59 head_to_head INFO game=375 side=P1 L  W-D-L=192-0-183  score=0.512  Elo(A-B)=+8 [-27, +43]  LLR=-0.936  continue
2026-08-06 13:28:02 head_to_head INFO game=376 side=P2 W  W-D-L=193-0-183  score=0.513  Elo(A-B)=+9 [-26, +44]  LLR=-0.947  continue
2026-08-06 13:28:03 head_to_head INFO game=377 side=P1 L  W-D-L=193-0-184  score=0.512  Elo(A-B)=+8 [-27, +43]  LLR=-0.952  continue
2026-08-06 13:28:06 head_to_head INFO game=378 side=P2 L  W-D-L=193-0-185  score=0.511  Elo(A-B)=+7 [-28, +42]  LLR=-1.180  continue
2026-08-06 13:28:13 head_to_head INFO game=379 side=P1 L  W-D-L=193-0-186  score=0.509  Elo(A-B)=+6 [-29, +41]  LLR=-1.172  continue
2026-08-06 13:28:15 head_to_head INFO game=380 side=P2 W  W-D-L=194-0-186  score=0.511  Elo(A-B)=+7 [-28, +42]  LLR=-1.182  continue
2026-08-06 13:28:16 head_to_head INFO game=381 side=P1 L  W-D-L=194-0-187  score=0.509  Elo(A-B)=+6 [-28, +41]  LLR=-1.189  continue
2026-08-06 13:28:20 head_to_head INFO game=382 side=P2 W  W-D-L=195-0-187  score=0.510  Elo(A-B)=+7 [-28, +42]  LLR=-1.199  continue
2026-08-06 13:28:24 head_to_head INFO game=383 side=P1 L  W-D-L=195-0-188  score=0.509  Elo(A-B)=+6 [-28, +41]  LLR=-1.206  continue
2026-08-06 13:28:25 head_to_head INFO game=384 side=P2 W  W-D-L=196-0-188  score=0.510  Elo(A-B)=+7 [-27, +42]  LLR=-1.217  continue
2026-08-06 13:28:26 head_to_head INFO game=385 side=P1 L  W-D-L=196-0-189  score=0.509  Elo(A-B)=+6 [-28, +41]  LLR=-1.223  continue
2026-08-06 13:28:28 head_to_head INFO game=386 side=P2 W  W-D-L=197-0-189  score=0.510  Elo(A-B)=+7 [-27, +42]  LLR=-1.234  continue
2026-08-06 13:28:34 head_to_head INFO game=387 side=P1 W  W-D-L=198-0-189  score=0.512  Elo(A-B)=+8 [-26, +43]  LLR=-1.240  continue
2026-08-06 13:28:35 head_to_head INFO game=388 side=P2 W  W-D-L=199-0-189  score=0.513  Elo(A-B)=+9 [-26, +43]  LLR=-1.032  continue
2026-08-06 13:28:36 head_to_head INFO game=389 side=P1 L  W-D-L=199-0-190  score=0.512  Elo(A-B)=+8 [-26, +43]  LLR=-1.026  continue
2026-08-06 13:28:36 head_to_head INFO game=390 side=P2 W  W-D-L=200-0-190  score=0.513  Elo(A-B)=+9 [-26, +43]  LLR=-1.037  continue
2026-08-06 13:28:41 head_to_head INFO game=391 side=P1 W  W-D-L=201-0-190  score=0.514  Elo(A-B)=+10 [-25, +44]  LLR=-1.042  continue
2026-08-06 13:28:43 head_to_head INFO game=392 side=P2 W  W-D-L=202-0-190  score=0.515  Elo(A-B)=+11 [-24, +45]  LLR=-0.834  continue
2026-08-06 13:28:47 head_to_head INFO game=393 side=P1 W  W-D-L=203-0-190  score=0.517  Elo(A-B)=+11 [-23, +46]  LLR=-0.829  continue
2026-08-06 13:28:49 head_to_head INFO game=394 side=P2 L  W-D-L=203-0-191  score=0.515  Elo(A-B)=+11 [-24, +45]  LLR=-0.840  continue
2026-08-06 13:28:52 head_to_head INFO game=395 side=P1 W  W-D-L=204-0-191  score=0.516  Elo(A-B)=+11 [-23, +46]  LLR=-0.844  continue
2026-08-06 13:28:56 head_to_head INFO game=396 side=P2 W  W-D-L=205-0-191  score=0.518  Elo(A-B)=+12 [-22, +46]  LLR=-0.636  continue
2026-08-06 13:28:59 head_to_head INFO game=397 side=P1 W  W-D-L=206-0-191  score=0.519  Elo(A-B)=+13 [-21, +47]  LLR=-0.633  continue
2026-08-06 13:29:01 head_to_head INFO game=398 side=P2 W  W-D-L=207-0-191  score=0.520  Elo(A-B)=+14 [-20, +48]  LLR=-0.425  continue
2026-08-06 13:29:02 head_to_head INFO game=399 side=P1 L  W-D-L=207-0-192  score=0.519  Elo(A-B)=+13 [-21, +47]  LLR=-0.423  continue
2026-08-06 13:29:05 head_to_head INFO game=400 side=P2 L  W-D-L=207-0-193  score=0.517  Elo(A-B)=+12 [-22, +46]  LLR=-0.651  continue
2026-08-06 13:29:08 head_to_head INFO game=401 side=P1 L  W-D-L=207-0-194  score=0.516  Elo(A-B)=+11 [-23, +45]  LLR=-0.647  continue
2026-08-06 13:29:09 head_to_head INFO game=402 side=P2 W  W-D-L=208-0-194  score=0.517  Elo(A-B)=+12 [-22, +46]  LLR=-0.658  continue
2026-08-06 13:29:13 head_to_head INFO game=403 side=P1 L  W-D-L=208-0-195  score=0.516  Elo(A-B)=+11 [-23, +45]  LLR=-0.661  continue
2026-08-06 13:29:14 head_to_head INFO game=404 side=P2 W  W-D-L=209-0-195  score=0.517  Elo(A-B)=+12 [-22, +46]  LLR=-0.672  continue
2026-08-06 13:29:17 head_to_head INFO game=405 side=P1 W  W-D-L=210-0-195  score=0.519  Elo(A-B)=+13 [-21, +47]  LLR=-0.675  continue
2026-08-06 13:29:23 head_to_head INFO game=406 side=P2 W  W-D-L=211-0-195  score=0.520  Elo(A-B)=+14 [-20, +47]  LLR=-0.468  continue
2026-08-06 13:29:26 head_to_head INFO game=407 side=P1 L  W-D-L=211-0-196  score=0.518  Elo(A-B)=+13 [-21, +47]  LLR=-0.466  continue
2026-08-06 13:29:27 head_to_head INFO game=408 side=P2 L  W-D-L=211-0-197  score=0.517  Elo(A-B)=+12 [-22, +46]  LLR=-0.693  continue
2026-08-06 13:29:28 head_to_head INFO game=409 side=P1 W  W-D-L=212-0-197  score=0.518  Elo(A-B)=+13 [-21, +46]  LLR=-0.689  continue
2026-08-06 13:29:30 head_to_head INFO game=410 side=P2 W  W-D-L=213-0-197  score=0.520  Elo(A-B)=+14 [-20, +47]  LLR=-0.484  continue
2026-08-06 13:29:31 head_to_head INFO game=411 side=P1 W  W-D-L=214-0-197  score=0.521  Elo(A-B)=+14 [-19, +48]  LLR=-0.482  continue
2026-08-06 13:29:36 head_to_head INFO game=412 side=P2 W  W-D-L=215-0-197  score=0.522  Elo(A-B)=+15 [-18, +49]  LLR=-0.279  continue
2026-08-06 13:30:19 head_to_head INFO game=413 side=P1 L  W-D-L=215-0-198  score=0.521  Elo(A-B)=+14 [-19, +48]  LLR=-0.277  continue
2026-08-06 13:30:21 head_to_head INFO game=414 side=P2 W  W-D-L=216-0-198  score=0.522  Elo(A-B)=+15 [-18, +49]  LLR=-0.288  continue
2026-08-06 13:30:26 head_to_head INFO game=415 side=P1 L  W-D-L=216-0-199  score=0.520  Elo(A-B)=+14 [-19, +48]  LLR=-0.289  continue
2026-08-06 13:30:28 head_to_head INFO game=416 side=P2 L  W-D-L=216-0-200  score=0.519  Elo(A-B)=+13 [-20, +47]  LLR=-0.514  continue
2026-08-06 13:30:37 head_to_head INFO game=417 side=P1 L  W-D-L=216-0-201  score=0.518  Elo(A-B)=+12 [-21, +46]  LLR=-0.511  continue
2026-08-06 13:30:49 head_to_head INFO game=418 side=P2 L  W-D-L=216-0-202  score=0.517  Elo(A-B)=+12 [-22, +45]  LLR=-0.735  continue
2026-08-06 13:30:50 head_to_head INFO game=419 side=P1 W  W-D-L=217-0-202  score=0.518  Elo(A-B)=+12 [-21, +46]  LLR=-0.730  continue
2026-08-06 13:30:51 head_to_head INFO game=420 side=P2 W  W-D-L=218-0-202  score=0.519  Elo(A-B)=+13 [-20, +46]  LLR=-0.529  continue
2026-08-06 13:30:56 head_to_head INFO game=421 side=P1 L  W-D-L=218-0-203  score=0.518  Elo(A-B)=+12 [-21, +46]  LLR=-0.527  continue
2026-08-06 13:31:02 head_to_head INFO game=422 side=P2 L  W-D-L=218-0-204  score=0.517  Elo(A-B)=+12 [-22, +45]  LLR=-0.748  continue
2026-08-06 13:31:06 head_to_head INFO game=423 side=P1 L  W-D-L=218-0-205  score=0.515  Elo(A-B)=+11 [-22, +44]  LLR=-0.743  continue
2026-08-06 13:31:10 head_to_head INFO game=424 side=P2 W  W-D-L=219-0-205  score=0.517  Elo(A-B)=+11 [-22, +45]  LLR=-0.754  continue
2026-08-06 13:31:11 head_to_head INFO game=425 side=P1 W  W-D-L=220-0-205  score=0.518  Elo(A-B)=+12 [-21, +45]  LLR=-0.757  continue
2026-08-06 13:31:13 head_to_head INFO game=426 side=P2 L  W-D-L=220-0-206  score=0.516  Elo(A-B)=+11 [-22, +44]  LLR=-0.768  continue
2026-08-06 13:31:15 head_to_head INFO game=427 side=P1 W  W-D-L=221-0-206  score=0.518  Elo(A-B)=+12 [-21, +45]  LLR=-0.772  continue
2026-08-06 13:31:41 head_to_head INFO game=428 side=P2 L  W-D-L=221-0-207  score=0.516  Elo(A-B)=+11 [-22, +44]  LLR=-0.782  continue
2026-08-06 13:31:48 head_to_head INFO game=429 side=P1 L  W-D-L=221-0-208  score=0.515  Elo(A-B)=+11 [-22, +43]  LLR=-0.786  continue
2026-08-06 13:31:52 head_to_head INFO game=430 side=P2 W  W-D-L=222-0-208  score=0.516  Elo(A-B)=+11 [-21, +44]  LLR=-0.796  continue
2026-08-06 13:31:55 head_to_head INFO game=431 side=P1 W  W-D-L=223-0-208  score=0.517  Elo(A-B)=+12 [-21, +45]  LLR=-0.800  continue
2026-08-06 13:31:57 head_to_head INFO game=432 side=P2 L  W-D-L=223-0-209  score=0.516  Elo(A-B)=+11 [-21, +44]  LLR=-0.811  continue
2026-08-06 13:31:59 head_to_head INFO game=433 side=P1 L  W-D-L=223-0-210  score=0.515  Elo(A-B)=+10 [-22, +43]  LLR=-0.815  continue
2026-08-06 13:32:00 head_to_head INFO game=434 side=P2 W  W-D-L=224-0-210  score=0.516  Elo(A-B)=+11 [-21, +44]  LLR=-0.825  continue
2026-08-06 13:32:05 head_to_head INFO game=435 side=P1 L  W-D-L=224-0-211  score=0.515  Elo(A-B)=+10 [-22, +43]  LLR=-0.829  continue
2026-08-06 13:32:06 head_to_head INFO game=436 side=P2 W  W-D-L=225-0-211  score=0.516  Elo(A-B)=+11 [-21, +44]  LLR=-0.840  continue
2026-08-06 13:32:08 head_to_head INFO game=437 side=P1 W  W-D-L=226-0-211  score=0.517  Elo(A-B)=+12 [-21, +44]  LLR=-0.844  continue
2026-08-06 13:32:12 head_to_head INFO game=438 side=P2 W  W-D-L=227-0-211  score=0.518  Elo(A-B)=+13 [-20, +45]  LLR=-0.638  continue
2026-08-06 13:32:13 head_to_head INFO game=439 side=P1 W  W-D-L=228-0-211  score=0.519  Elo(A-B)=+13 [-19, +46]  LLR=-0.635  continue
2026-08-06 13:32:15 head_to_head INFO game=440 side=P2 W  W-D-L=229-0-211  score=0.520  Elo(A-B)=+14 [-18, +47]  LLR=-0.431  continue
2026-08-06 13:32:18 head_to_head INFO game=441 side=P1 W  W-D-L=230-0-211  score=0.522  Elo(A-B)=+15 [-17, +47]  LLR=-0.429  continue
2026-08-06 13:32:26 head_to_head INFO game=442 side=P2 L  W-D-L=230-0-212  score=0.520  Elo(A-B)=+14 [-18, +47]  LLR=-0.439  continue
2026-08-06 13:32:28 head_to_head INFO game=443 side=P1 W  W-D-L=231-0-212  score=0.521  Elo(A-B)=+15 [-17, +47]  LLR=-0.441  continue
2026-08-06 13:32:29 head_to_head INFO game=444 side=P2 L  W-D-L=231-0-213  score=0.520  Elo(A-B)=+14 [-18, +46]  LLR=-0.452  continue
2026-08-06 13:32:31 head_to_head INFO game=445 side=P1 W  W-D-L=232-0-213  score=0.521  Elo(A-B)=+15 [-17, +47]  LLR=-0.454  continue
2026-08-06 13:32:32 head_to_head INFO game=446 side=P2 L  W-D-L=232-0-214  score=0.520  Elo(A-B)=+14 [-18, +46]  LLR=-0.465  continue
2026-08-06 13:32:42 head_to_head INFO game=447 side=P1 W  W-D-L=233-0-214  score=0.521  Elo(A-B)=+15 [-17, +47]  LLR=-0.467  continue
2026-08-06 13:32:49 head_to_head INFO game=448 side=P2 L  W-D-L=233-0-215  score=0.520  Elo(A-B)=+14 [-18, +46]  LLR=-0.478  continue
2026-08-06 13:32:52 head_to_head INFO game=449 side=P1 L  W-D-L=233-0-216  score=0.519  Elo(A-B)=+13 [-19, +45]  LLR=-0.480  continue
2026-08-06 13:32:54 head_to_head INFO game=450 side=P2 W  W-D-L=234-0-216  score=0.520  Elo(A-B)=+14 [-18, +46]  LLR=-0.491  continue
2026-08-06 13:32:57 head_to_head INFO game=451 side=P1 L  W-D-L=234-0-217  score=0.519  Elo(A-B)=+13 [-19, +45]  LLR=-0.493  continue
2026-08-06 13:32:58 head_to_head INFO game=452 side=P2 W  W-D-L=235-0-217  score=0.520  Elo(A-B)=+14 [-18, +46]  LLR=-0.504  continue
2026-08-06 13:33:00 head_to_head INFO game=453 side=P1 W  W-D-L=236-0-217  score=0.521  Elo(A-B)=+15 [-17, +47]  LLR=-0.506  continue
2026-08-06 13:33:05 head_to_head INFO game=454 side=P2 L  W-D-L=236-0-218  score=0.520  Elo(A-B)=+14 [-18, +46]  LLR=-0.517  continue
2026-08-06 13:33:08 head_to_head INFO game=455 side=P1 W  W-D-L=237-0-218  score=0.521  Elo(A-B)=+14 [-17, +46]  LLR=-0.520  continue
2026-08-06 13:33:10 head_to_head INFO game=456 side=P2 L  W-D-L=237-0-219  score=0.520  Elo(A-B)=+14 [-18, +46]  LLR=-0.531  continue
2026-08-06 13:33:12 head_to_head INFO game=457 side=P1 W  W-D-L=238-0-219  score=0.521  Elo(A-B)=+14 [-17, +46]  LLR=-0.533  continue
2026-08-06 13:33:16 head_to_head INFO game=458 side=P2 W  W-D-L=239-0-219  score=0.522  Elo(A-B)=+15 [-17, +47]  LLR=-0.322  continue
2026-08-06 13:33:24 head_to_head INFO game=459 side=P1 L  W-D-L=239-0-220  score=0.521  Elo(A-B)=+14 [-17, +46]  LLR=-0.321  continue
2026-08-06 13:33:29 head_to_head INFO game=460 side=P2 L  W-D-L=239-0-221  score=0.520  Elo(A-B)=+14 [-18, +45]  LLR=-0.553  continue
2026-08-06 13:33:30 head_to_head INFO game=461 side=P1 L  W-D-L=239-0-222  score=0.518  Elo(A-B)=+13 [-19, +45]  LLR=-0.549  continue
2026-08-06 13:33:32 head_to_head INFO game=462 side=P2 W  W-D-L=240-0-222  score=0.519  Elo(A-B)=+14 [-18, +45]  LLR=-0.560  continue
2026-08-06 13:33:34 head_to_head INFO game=463 side=P1 L  W-D-L=240-0-223  score=0.518  Elo(A-B)=+13 [-19, +44]  LLR=-0.563  continue
2026-08-06 13:33:39 head_to_head INFO game=464 side=P2 W  W-D-L=241-0-223  score=0.519  Elo(A-B)=+13 [-18, +45]  LLR=-0.574  continue
2026-08-06 13:33:40 head_to_head INFO game=465 side=P1 L  W-D-L=241-0-224  score=0.518  Elo(A-B)=+13 [-19, +44]  LLR=-0.576  continue
2026-08-06 13:33:41 head_to_head INFO game=466 side=P2 W  W-D-L=242-0-224  score=0.519  Elo(A-B)=+13 [-18, +45]  LLR=-0.587  continue
2026-08-06 13:33:45 head_to_head INFO game=467 side=P1 W  W-D-L=243-0-224  score=0.520  Elo(A-B)=+14 [-17, +46]  LLR=-0.590  continue
2026-08-06 13:33:47 head_to_head INFO game=468 side=P2 W  W-D-L=244-0-224  score=0.521  Elo(A-B)=+15 [-17, +46]  LLR=-0.378  continue
2026-08-06 13:33:55 head_to_head INFO game=469 side=P1 L  W-D-L=244-0-225  score=0.520  Elo(A-B)=+14 [-17, +46]  LLR=-0.377  continue
2026-08-06 13:33:56 head_to_head INFO game=470 side=P2 W  W-D-L=245-0-225  score=0.521  Elo(A-B)=+15 [-17, +46]  LLR=-0.388  continue
2026-08-06 13:33:59 head_to_head INFO game=471 side=P1 L  W-D-L=245-0-226  score=0.520  Elo(A-B)=+14 [-17, +45]  LLR=-0.390  continue
2026-08-06 13:34:03 head_to_head INFO game=472 side=P2 W  W-D-L=246-0-226  score=0.521  Elo(A-B)=+15 [-17, +46]  LLR=-0.401  continue
2026-08-06 13:34:12 head_to_head INFO game=473 side=P1 L  W-D-L=246-0-227  score=0.520  Elo(A-B)=+14 [-17, +45]  LLR=-0.402  continue
2026-08-06 13:34:13 head_to_head INFO game=474 side=P2 L  W-D-L=246-0-228  score=0.519  Elo(A-B)=+13 [-18, +44]  LLR=-0.637  continue
2026-08-06 13:34:27 head_to_head INFO game=475 side=P1 W  W-D-L=247-0-228  score=0.520  Elo(A-B)=+14 [-17, +45]  LLR=-0.633  continue
2026-08-06 13:34:29 head_to_head INFO game=476 side=P2 W  W-D-L=248-0-228  score=0.521  Elo(A-B)=+15 [-17, +46]  LLR=-0.422  continue
2026-08-06 13:34:32 head_to_head INFO game=477 side=P1 L  W-D-L=248-0-229  score=0.520  Elo(A-B)=+14 [-17, +45]  LLR=-0.420  continue
2026-08-06 13:34:42 head_to_head INFO game=478 side=P2 L  W-D-L=248-0-230  score=0.519  Elo(A-B)=+13 [-18, +44]  LLR=-0.653  continue
2026-08-06 13:34:45 head_to_head INFO game=479 side=P1 W  W-D-L=249-0-230  score=0.520  Elo(A-B)=+14 [-17, +45]  LLR=-0.649  continue
2026-08-06 13:34:47 head_to_head INFO game=480 side=P2 W  W-D-L=250-0-230  score=0.521  Elo(A-B)=+14 [-17, +46]  LLR=-0.440  continue
2026-08-06 13:35:13 head_to_head INFO game=481 side=P1 L  W-D-L=250-0-231  score=0.520  Elo(A-B)=+14 [-17, +45]  LLR=-0.438  continue
2026-08-06 13:35:14 head_to_head INFO game=482 side=P2 W  W-D-L=251-0-231  score=0.521  Elo(A-B)=+14 [-17, +45]  LLR=-0.449  continue
2026-08-06 13:35:18 head_to_head INFO game=483 side=P1 L  W-D-L=251-0-232  score=0.520  Elo(A-B)=+14 [-17, +45]  LLR=-0.451  continue
2026-08-06 13:35:24 head_to_head INFO game=484 side=P2 L  W-D-L=251-0-233  score=0.519  Elo(A-B)=+13 [-18, +44]  LLR=-0.682  continue
2026-08-06 13:35:30 head_to_head INFO game=485 side=P1 L  W-D-L=251-0-234  score=0.518  Elo(A-B)=+12 [-19, +43]  LLR=-0.678  continue
2026-08-06 13:35:32 head_to_head INFO game=486 side=P2 W  W-D-L=252-0-234  score=0.519  Elo(A-B)=+13 [-18, +44]  LLR=-0.689  continue
2026-08-06 13:35:36 head_to_head INFO game=487 side=P1 L  W-D-L=252-0-235  score=0.517  Elo(A-B)=+12 [-19, +43]  LLR=-0.692  continue
2026-08-06 13:35:37 head_to_head INFO game=488 side=P2 L  W-D-L=252-0-236  score=0.516  Elo(A-B)=+11 [-19, +42]  LLR=-0.922  continue
2026-08-06 13:35:43 head_to_head INFO game=489 side=P1 L  W-D-L=252-0-237  score=0.515  Elo(A-B)=+11 [-20, +41]  LLR=-0.917  continue
2026-08-06 13:35:55 head_to_head INFO game=490 side=P2 L  W-D-L=252-0-238  score=0.514  Elo(A-B)=+10 [-21, +41]  LLR=-1.146  continue
2026-08-06 13:35:59 head_to_head INFO game=491 side=P1 L  W-D-L=252-0-239  score=0.513  Elo(A-B)=+9 [-22, +40]  LLR=-1.140  continue
2026-08-06 13:36:07 head_to_head INFO game=492 side=P2 L  W-D-L=252-0-240  score=0.512  Elo(A-B)=+8 [-22, +39]  LLR=-1.368  continue
2026-08-06 13:36:15 head_to_head INFO game=493 side=P1 L  W-D-L=252-0-241  score=0.511  Elo(A-B)=+8 [-23, +38]  LLR=-1.361  continue
2026-08-06 13:36:17 head_to_head INFO game=494 side=P2 L  W-D-L=252-0-242  score=0.510  Elo(A-B)=+7 [-24, +38]  LLR=-1.588  continue
2026-08-06 13:36:19 head_to_head INFO game=495 side=P1 L  W-D-L=252-0-243  score=0.509  Elo(A-B)=+6 [-24, +37]  LLR=-1.580  continue
2026-08-06 13:36:25 head_to_head INFO game=496 side=P2 L  W-D-L=252-0-244  score=0.508  Elo(A-B)=+6 [-25, +36]  LLR=-1.806  continue
2026-08-06 13:36:25 head_to_head INFO game=497 side=P1 W  W-D-L=253-0-244  score=0.509  Elo(A-B)=+6 [-24, +37]  LLR=-1.797  continue
2026-08-06 13:36:29 head_to_head INFO game=498 side=P2 L  W-D-L=253-0-245  score=0.508  Elo(A-B)=+6 [-25, +36]  LLR=-1.808  continue
2026-08-06 13:36:29 head_to_head INFO game=499 side=P1 L  W-D-L=253-0-246  score=0.507  Elo(A-B)=+5 [-26, +35]  LLR=-1.815  continue
2026-08-06 13:36:30 head_to_head INFO game=500 side=P2 W  W-D-L=254-0-246  score=0.508  Elo(A-B)=+6 [-25, +36]  LLR=-1.826  continue
2026-08-06 13:36:33 head_to_head INFO game=501 side=P1 W  W-D-L=255-0-246  score=0.509  Elo(A-B)=+6 [-24, +37]  LLR=-1.833  continue
2026-08-06 13:36:41 head_to_head INFO game=502 side=P2 L  W-D-L=255-0-247  score=0.508  Elo(A-B)=+6 [-25, +36]  LLR=-1.844  continue
2026-08-06 13:36:43 head_to_head INFO game=503 side=P1 W  W-D-L=256-0-247  score=0.509  Elo(A-B)=+6 [-24, +37]  LLR=-1.851  continue
2026-08-06 13:36:48 head_to_head INFO game=504 side=P2 L  W-D-L=256-0-248  score=0.508  Elo(A-B)=+6 [-25, +36]  LLR=-1.862  continue
2026-08-06 13:36:50 head_to_head INFO game=505 side=P1 L  W-D-L=256-0-249  score=0.507  Elo(A-B)=+5 [-25, +35]  LLR=-1.869  continue
2026-08-06 13:36:52 head_to_head INFO game=506 side=P2 W  W-D-L=257-0-249  score=0.508  Elo(A-B)=+5 [-25, +36]  LLR=-1.880  continue
2026-08-06 13:36:53 head_to_head INFO game=507 side=P1 W  W-D-L=258-0-249  score=0.509  Elo(A-B)=+6 [-24, +36]  LLR=-1.888  continue
2026-08-06 13:36:58 head_to_head INFO game=508 side=P2 L  W-D-L=258-0-250  score=0.508  Elo(A-B)=+5 [-25, +36]  LLR=-1.899  continue
2026-08-06 13:37:07 head_to_head INFO game=509 side=P1 L  W-D-L=258-0-251  score=0.507  Elo(A-B)=+5 [-25, +35]  LLR=-1.906  continue
2026-08-06 13:37:09 head_to_head INFO game=510 side=P2 W  W-D-L=259-0-251  score=0.508  Elo(A-B)=+5 [-25, +36]  LLR=-1.917  continue
2026-08-06 13:37:11 head_to_head INFO game=511 side=P1 L  W-D-L=259-0-252  score=0.507  Elo(A-B)=+5 [-25, +35]  LLR=-1.925  continue
2026-08-06 13:37:13 head_to_head INFO game=512 side=P2 L  W-D-L=259-0-253  score=0.506  Elo(A-B)=+4 [-26, +34]  LLR=-2.155  continue
2026-08-06 13:37:16 head_to_head INFO game=513 side=P1 L  W-D-L=259-0-254  score=0.505  Elo(A-B)=+3 [-27, +33]  LLR=-2.145  continue
2026-08-06 13:37:22 head_to_head INFO game=514 side=P2 L  W-D-L=259-0-255  score=0.504  Elo(A-B)=+3 [-27, +33]  LLR=-2.375  continue
2026-08-06 13:37:24 head_to_head INFO game=515 side=P1 L  W-D-L=259-0-256  score=0.503  Elo(A-B)=+2 [-28, +32]  LLR=-2.363  continue
2026-08-06 13:37:31 head_to_head INFO game=516 side=P2 W  W-D-L=260-0-256  score=0.504  Elo(A-B)=+3 [-27, +33]  LLR=-2.374  continue
2026-08-06 13:37:37 head_to_head INFO game=517 side=P1 L  W-D-L=260-0-257  score=0.503  Elo(A-B)=+2 [-28, +32]  LLR=-2.384  continue
2026-08-06 13:37:41 head_to_head INFO game=518 side=P2 L  W-D-L=260-0-258  score=0.502  Elo(A-B)=+1 [-29, +31]  LLR=-2.613  continue
2026-08-06 13:37:44 head_to_head INFO game=519 side=P1 L  W-D-L=260-0-259  score=0.501  Elo(A-B)=+1 [-29, +31]  LLR=-2.601  continue
2026-08-06 13:37:49 head_to_head INFO game=520 side=P2 L  W-D-L=260-0-260  score=0.500  Elo(A-B)=-0 [-30, +30]  LLR=-2.830  continue
2026-08-06 13:38:04 head_to_head INFO game=521 side=P1 L  W-D-L=260-0-261  score=0.499  Elo(A-B)=-1 [-30, +29]  LLR=-2.817  continue
2026-08-06 13:38:07 head_to_head INFO game=522 side=P2 W  W-D-L=261-0-261  score=0.500  Elo(A-B)=-0 [-30, +30]  LLR=-2.828  continue
2026-08-06 13:38:11 head_to_head INFO game=523 side=P1 L  W-D-L=261-0-262  score=0.499  Elo(A-B)=-1 [-30, +29]  LLR=-2.838  continue
2026-08-06 13:38:16 head_to_head INFO game=524 side=P2 L  W-D-L=261-0-263  score=0.498  Elo(A-B)=-1 [-31, +28]  LLR=-3.067  reject_h1
2026-08-06 13:38:16 head_to_head INFO ==============================================================================
2026-08-06 13:38:16 head_to_head INFO Final: B is at least as strong as A (reject H1 at LLR=-3.067)
2026-08-06 13:38:16 head_to_head INFO Games=524  W-D-L=261-0-263  score=0.498  LLR=-3.067
2026-08-06 13:38:16 head_to_head INFO Elo(A-B) = -1   (95% CI: [-31, +28]; Wilson on score [0.455, 0.541])
2026-08-06 13:38:16 head_to_head INFO ==============================================================================
2026-08-06 13:38:16 head_to_head INFO Games: mode=openings  frac_unique_game=1.000  mean_len=61.7 p10_len=30.0 min_len=14.0
2026-08-06 13:38:16 head_to_head INFO Openings: plies=8 T=0.5 gen=alternate  frac_unique_opening=1.000  refuted=0.05 p2_dist=3.2 (A-gen 64.7 / B-gen 58.7)
2026-08-06 13:38:16 head_to_head INFO ==============================================================================

Script done on 2026-08-06 13:38:17+01:00 [COMMAND_EXIT_CODE="0"]
